 tbb

 Timestamp is 5b3cd3e4 (Wed Jul  4 23:04:20 2018)

 Preferred load address is 0000000180000000

 Start         Length     Name                   Class
 0001:00000000 000000c0H .text$di                CODE
 0001:000000c0 000401b0H .text$mn                CODE
 0001:00040270 00000020H .text$mn$00             CODE
 0001:00040290 00001080H .text$x                 CODE
 0001:00041310 0000000cH .text$yd                CODE
 0002:00000000 00000310H .idata$5                DATA
 0002:00000310 00000010H .00cfg                  DATA
 0002:00000320 00000008H .CRT$XCA                DATA
 0002:00000328 00000010H .CRT$XCU                DATA
 0002:00000338 00000008H .CRT$XCZ                DATA
 0002:00000340 00000008H .CRT$XIA                DATA
 0002:00000348 00000020H .CRT$XIC                DATA
 0002:00000368 00000008H .CRT$XIZ                DATA
 0002:00000370 00000008H .CRT$XPA                DATA
 0002:00000378 00000010H .CRT$XPX                DATA
 0002:00000388 00000008H .CRT$XPXA               DATA
 0002:00000390 00000008H .CRT$XPZ                DATA
 0002:00000398 00000008H .CRT$XTA                DATA
 0002:000003a0 00000010H .CRT$XTZ                DATA
 0002:000003a8 00000000H .gfids$y                DATA
 0002:000003b0 0000cfc0H .rdata                  DATA
 0002:0000d370 000021acH .rdata$r                DATA
 0002:0000f51c 0000034cH .rdata$zzzdbg           DATA
 0002:0000f868 00000008H .rtc$IAA                DATA
 0002:0000f870 00000008H .rtc$IZZ                DATA
 0002:0000f878 00000008H .rtc$TAA                DATA
 0002:0000f880 00000010H .rtc$TZZ                DATA
 0002:0000f890 000048c0H .xdata                  DATA
 0002:00014150 00000720H .xdata$x                DATA
 0002:00014870 00003eccH .edata                  DATA
 0002:0001873c 00000014H .idata$2                DATA
 0002:00018750 00000018H .idata$3                DATA
 0002:00018768 00000310H .idata$4                DATA
 0002:00018a78 00000746H .idata$6                DATA
 0003:00000000 00002ae0H .data                   DATA
 0003:00002ae0 00000d80H .data$r                 DATA
 0003:00003860 00002b4cH .bss                    DATA
 0004:00000000 000040bcH .pdata                  DATA
 0005:00000000 000000a0H .rsrc$01                DATA
 0005:000000a0 00000560H .rsrc$02                DATA

  Address         Publics by Value              Rva+Base               Lib:Object

 0000:00000000       __dynamic_value_reloc_table 0000000000000000     <absolute>
 0000:00000000       __guard_iat_count          0000000000000000     <absolute>
 0000:00000000       __hybrid_code_map          0000000000000000     <absolute>
 0000:00000000       __hybrid_code_map_count    0000000000000000     <absolute>
 0000:00000000       __hybrid_auxiliary_iat     0000000000000000     <absolute>
 0000:00000000       __guard_iat_table          0000000000000000     <absolute>
 0000:00000000       __guard_fids_count         0000000000000000     <absolute>
 0000:00000000       __guard_longjmp_table      0000000000000000     <absolute>
 0000:00000000       __enclave_config           0000000000000000     <absolute>
 0000:00000000       __guard_longjmp_count      0000000000000000     <absolute>
 0000:00000000       __guard_fids_table         0000000000000000     <absolute>
 0000:00000100       __guard_flags              0000000000000100     <absolute>
 0000:00000000       __ImageBase                0000000180000000     <linker-defined>
 0001:000000c0       ?internal_grow_predicate@hash_map_segment_base@internal@tbb@@QEBA_NXZ 00000001800010c0 f   concurrent_hash_map.obj
 0001:000000f0       ?apply_active@stack_size_control@internal@tbb@@EEBAXXZ 00000001800010f0 f i tbb_main.obj
 0001:000000f0       ?unregister_master@private_server@rml@internal@tbb@@UEAAXPEAX@Z 00000001800010f0 f i private_server.obj
 0001:000000f0       ?inject_token@pipeline@tbb@@AEAAXAEAVtask@2@@Z 00000001800010f0 f i pipeline.obj
 0001:000000f0       ?internal_destroy@reader_writer_lock@interface5@tbb@@AEAAXXZ 00000001800010f0 f i reader_writer_lock.obj
 0001:000000f0       ?finalize@filter@tbb@@UEAAXPEAX@Z 00000001800010f0 f i pipeline.obj
 0001:000000f0       ?__empty_global_delete@@YAXPEAX_K@Z 00000001800010f0 f i concurrent_hash_map.obj
 0001:000000f0       _guard_check_icall_nop     00000001800010f0 f i LIBCMT:guard_support.obj
 0001:000000f0       ?register_master@private_server@rml@internal@tbb@@UEAAXAEAPEAX@Z 00000001800010f0 f i private_server.obj
 0001:000000f0       ?note_affinity@task@tbb@@UEAAXG@Z 00000001800010f0 f i task.obj
 0001:000000f0       ?__global_delete@@YAXPEAX_K@Z 00000001800010f0 f i * CIL library *:* CIL module *
 0001:000000f0       ?destroy_condvar_noop@internal@tbb@@YAXPEAU_RTL_CONDITION_VARIABLE@@@Z 00000001800010f0 f i condition_variable.obj
 0001:000000f0       ?independent_thread_number_changed@private_server@rml@internal@tbb@@UEAAXH@Z 00000001800010f0 f i private_server.obj
 0001:00000100       ??0scoped_lock@spin_mutex@tbb@@QEAA@AEAV12@@Z 0000000180001100 f i concurrent_queue.obj
 0001:00000180       ??1scoped_lock@spin_mutex@tbb@@QEAA@XZ 0000000180001180 f i concurrent_queue.obj
 0001:00000190       ??1binary_semaphore@internal@tbb@@QEAA@XZ 0000000180001190 f i concurrent_queue.obj
 0001:000001a0       ??1thread_context@concurrent_monitor@internal@tbb@@QEAA@XZ 00000001800011a0 f i concurrent_queue.obj
 0001:000001e0       ??1micro_queue_pop_finalizer@internal@tbb@@QEAA@XZ 00000001800011e0 f i concurrent_queue.obj
 0001:000002b0       ?choose@concurrent_queue_rep@internal@tbb@@QEAAAEAUmicro_queue@23@_K@Z 00000001800012b0 f i concurrent_queue.obj
 0001:000002d0       ?push@micro_queue@internal@tbb@@QEAAXPEBX_KAEAVconcurrent_queue_base_v3@23@W4copy_specifics@423@@Z 00000001800012d0 f   concurrent_queue.obj
 0001:00000490       ?abort_push@micro_queue@internal@tbb@@QEAAX_KAEAVconcurrent_queue_base_v3@23@@Z 0000000180001490 f   concurrent_queue.obj
 0001:000004b0       ?pop@micro_queue@internal@tbb@@QEAA_NPEAX_KAEAVconcurrent_queue_base_v3@23@@Z 00000001800014b0 f   concurrent_queue.obj
 0001:000006a0       ?assign@micro_queue@internal@tbb@@QEAAAEAU123@AEBU123@AEAVconcurrent_queue_base_v3@23@W4copy_specifics@423@@Z 00000001800016a0 f   concurrent_queue.obj
 0001:00000910       ?make_invalid@micro_queue@internal@tbb@@QEAAX_K@Z 0000000180001910 f   concurrent_queue.obj
 0001:000009d0       ??0concurrent_queue_base_v3@internal@tbb@@IEAA@_K@Z 00000001800019d0 f   concurrent_queue.obj
 0001:00000b00       ??_Econcurrent_queue_base_v3@internal@tbb@@MEAAPEAXI@Z 0000000180001b00 f i * CIL library *:* CIL module *
 0001:00000b00       ??_Gconcurrent_queue_base_v3@internal@tbb@@MEAAPEAXI@Z 0000000180001b00 f i concurrent_queue.obj
 0001:00000b50       ??1concurrent_queue_base_v3@internal@tbb@@MEAA@XZ 0000000180001b50 f   concurrent_queue.obj
 0001:00000b80       ?internal_push@concurrent_queue_base_v3@internal@tbb@@IEAAXPEBX@Z 0000000180001b80 f   concurrent_queue.obj
 0001:00000b90       ?internal_push_move@concurrent_queue_base_v8@internal@tbb@@IEAAXPEBX@Z 0000000180001b90 f   concurrent_queue.obj
 0001:00000ba0       ?internal_insert_item@concurrent_queue_base_v3@internal@tbb@@IEAAXPEBXW4copy_specifics@123@@Z 0000000180001ba0 f   concurrent_queue.obj
 0001:00000fd0       ?internal_pop@concurrent_queue_base_v3@internal@tbb@@IEAAXPEAX@Z 0000000180001fd0 f   concurrent_queue.obj
 0001:00001570       ?internal_abort@concurrent_queue_base_v3@internal@tbb@@IEAAXXZ 0000000180002570 f   concurrent_queue.obj
 0001:000017c0       ?internal_pop_if_present@concurrent_queue_base_v3@internal@tbb@@IEAA_NPEAX@Z 00000001800027c0 f   concurrent_queue.obj
 0001:00001990       ?internal_push_if_not_full@concurrent_queue_base_v3@internal@tbb@@IEAA_NPEBX@Z 0000000180002990 f   concurrent_queue.obj
 0001:000019a0       ?internal_push_move_if_not_full@concurrent_queue_base_v8@internal@tbb@@IEAA_NPEBX@Z 00000001800029a0 f   concurrent_queue.obj
 0001:000019b0       ?internal_insert_if_not_full@concurrent_queue_base_v3@internal@tbb@@IEAA_NPEBXW4copy_specifics@123@@Z 00000001800029b0 f   concurrent_queue.obj
 0001:00001b80       ?internal_size@concurrent_queue_base_v3@internal@tbb@@IEBA_JXZ 0000000180002b80 f   concurrent_queue.obj
 0001:00001bb0       ?internal_empty@concurrent_queue_base_v3@internal@tbb@@IEBA_NXZ 0000000180002bb0 f   concurrent_queue.obj
 0001:00001bf0       ?internal_set_capacity@concurrent_queue_base@internal@tbb@@IEAAX_J_K@Z 0000000180002bf0 f   concurrent_queue_v2.obj
 0001:00001bf0       ?internal_set_capacity@concurrent_queue_base_v3@internal@tbb@@IEAAX_J_K@Z 0000000180002bf0 f   concurrent_queue.obj
 0001:00001c10       ?internal_finish_clear@concurrent_queue_base_v3@internal@tbb@@IEAAXXZ 0000000180002c10 f   concurrent_queue.obj
 0001:00001c80       ?internal_throw_exception@concurrent_queue_base_v3@internal@tbb@@IEBAXXZ 0000000180002c80 f   concurrent_queue.obj
 0001:00001c90       ?internal_assign@concurrent_queue_base_v3@internal@tbb@@IEAAXAEBV123@W4copy_specifics@123@@Z 0000000180002c90 f   concurrent_queue.obj
 0001:00001d60       ?assign@concurrent_queue_base_v3@internal@tbb@@IEAAXAEBV123@@Z 0000000180002d60 f   concurrent_queue.obj
 0001:00001d70       ?move_content@concurrent_queue_base_v8@internal@tbb@@IEAAXAEAV123@@Z 0000000180002d70 f   concurrent_queue.obj
 0001:00001d80       ?initialize@concurrent_queue_iterator_base_v3@internal@tbb@@AEAAXAEBVconcurrent_queue_base_v3@23@_K@Z 0000000180002d80 f   concurrent_queue.obj
 0001:00001e80       ??0concurrent_queue_iterator_base_v3@internal@tbb@@IEAA@AEBVconcurrent_queue_base_v3@12@@Z 0000000180002e80 f   concurrent_queue.obj
 0001:00001ea0       ??0concurrent_queue_iterator_base_v3@internal@tbb@@IEAA@AEBVconcurrent_queue_base_v3@12@_K@Z 0000000180002ea0 f   concurrent_queue.obj
 0001:00001ec0       ?assign@concurrent_queue_iterator_base_v3@internal@tbb@@IEAAXAEBV123@@Z 0000000180002ec0 f   concurrent_queue.obj
 0001:00001f90       ?advance@concurrent_queue_iterator_base_v3@internal@tbb@@IEAAXXZ 0000000180002f90 f   concurrent_queue.obj
 0001:00002040       ??1concurrent_queue_iterator_base_v3@internal@tbb@@IEAA@XZ 0000000180003040 f   concurrent_queue.obj
 0001:00002070       ??F?$atomic_impl_with_arithmetic@_K_KD@internal@tbb@@QEAA_KH@Z 0000000180003070 f i concurrent_queue.obj
 0001:00002080       ??E?$atomic_impl_with_arithmetic@_K_KD@internal@tbb@@QEAA_KXZ 0000000180003080 f i concurrent_queue.obj
 0001:00002090       ??Y?$atomic_impl_with_arithmetic@_K_KD@internal@tbb@@QEAA_K_K@Z 0000000180003090 f i concurrent_queue.obj
 0001:000020a0       ?segment_base@concurrent_vector_base_v3@internal@tbb@@KA_K_K@Z 00000001800030a0 f i concurrent_vector.obj
 0001:000020b0       ?acquire_segment@helper@concurrent_vector_base_v3@internal@tbb@@SAAEAVsegment_t@234@AEAV234@_K1_N@Z 00000001800030b0 f i concurrent_vector.obj
 0001:00002160       ??0helper@concurrent_vector_base_v3@internal@tbb@@QEAA@PEAVsegment_t@123@_K1111@Z 0000000180003160 f i concurrent_vector.obj
 0001:000021a0       ??1helper@concurrent_vector_base_v3@internal@tbb@@QEAA@XZ 00000001800031a0 f i concurrent_vector.obj
 0001:000021d0       ??0destroy_body@helper@concurrent_vector_base_v3@internal@tbb@@QEAA@P6AXPEAX_K@Z@Z 00000001800031d0 f i concurrent_vector.obj
 0001:000021e0       ?extend_segment_table@helper@concurrent_vector_base_v3@internal@tbb@@SAXAEAV234@_K@Z 00000001800031e0 f   concurrent_vector.obj
 0001:00002390       ?enable_segment@helper@concurrent_vector_base_v3@internal@tbb@@SA_KAEAV234@_K1_N@Z 0000000180003390 f   concurrent_vector.obj
 0001:000025b0       ?cleanup@helper@concurrent_vector_base_v3@internal@tbb@@QEAAXXZ 00000001800035b0 f   concurrent_vector.obj
 0001:000028d0       ??1concurrent_vector_base_v3@internal@tbb@@IEAA@XZ 00000001800038d0 f   concurrent_vector.obj
 0001:00002900       ?internal_capacity@concurrent_vector_base_v3@internal@tbb@@IEBA_KXZ 0000000180003900 f   concurrent_vector.obj
 0001:00002940       ?internal_throw_exception@concurrent_vector_base_v3@internal@tbb@@IEBAX_K@Z 0000000180003940 f   concurrent_vector.obj
 0001:00002980       ?internal_reserve@concurrent_vector_base_v3@internal@tbb@@IEAAX_K00@Z 0000000180003980 f   concurrent_vector.obj
 0001:00002a80       ?internal_copy@concurrent_vector_base_v3@internal@tbb@@IEAAXAEBV123@_KP6AXPEAXPEBX1@Z@Z 0000000180003a80 f   concurrent_vector.obj
 0001:00002bb0       ?internal_assign@concurrent_vector_base_v3@internal@tbb@@IEAAXAEBV123@_KP6AXPEAX1@ZP6AX2PEBX1@Z5@Z 0000000180003bb0 f   concurrent_vector.obj
 0001:00002dd0       ?internal_push_back@concurrent_vector_base_v3@internal@tbb@@IEAAPEAX_KAEA_K@Z 0000000180003dd0 f   concurrent_vector.obj
 0001:00002e80       ?internal_grow_to_at_least@concurrent_vector_base_v3@internal@tbb@@IEAAX_K0P6AXPEAXPEBX0@Z2@Z 0000000180003e80 f   concurrent_vector.obj
 0001:00002e90       ?internal_grow_to_at_least_with_result@concurrent_vector_base_v3@internal@tbb@@IEAA_K_K0P6AXPEAXPEBX0@Z2@Z 0000000180003e90 f   concurrent_vector.obj
 0001:00003010       ?internal_grow_by@concurrent_vector_base_v3@internal@tbb@@IEAA_K_K0P6AXPEAXPEBX0@Z2@Z 0000000180004010 f   concurrent_vector.obj
 0001:00003050       ?internal_grow@concurrent_vector_base_v3@internal@tbb@@IEAAX_K00P6AXPEAXPEBX0@Z2@Z 0000000180004050 f   concurrent_vector.obj
 0001:000032b0       ?internal_resize@concurrent_vector_base_v3@internal@tbb@@IEAAX_K00PEBXP6AXPEAX0@ZP6AX210@Z@Z 00000001800042b0 f   concurrent_vector.obj
 0001:000034a0       ?internal_clear@concurrent_vector_base_v3@internal@tbb@@IEAA_KP6AXPEAX_K@Z@Z 00000001800044a0 f   concurrent_vector.obj
 0001:00003550       ?internal_compact@concurrent_vector_base_v3@internal@tbb@@IEAAPEAX_KPEAXP6AX10@ZP6AX1PEBX0@Z@Z 0000000180004550 f   concurrent_vector.obj
 0001:00003920       ?internal_swap@concurrent_vector_base_v3@internal@tbb@@IEAAXAEAV123@@Z 0000000180004920 f   concurrent_vector.obj
 0001:00003a20       ??$apply@Usafe_init_body@helper@concurrent_vector_base_v3@internal@tbb@@@helper@concurrent_vector_base_v3@internal@tbb@@QEAA_KAEBUsafe_init_body@0123@@Z 0000000180004a20 f i concurrent_vector.obj
 0001:00003b80       ??$apply@Udestroy_body@helper@concurrent_vector_base_v3@internal@tbb@@@helper@concurrent_vector_base_v3@internal@tbb@@QEAA_KAEBUdestroy_body@0123@@Z 0000000180004b80 f i concurrent_vector.obj
 0001:00003de0       ?dynamic_link@internal@tbb@@YA_NPEBDQEBUdynamic_link_descriptor@12@_KPEAPEAUHINSTANCE__@@H@Z 0000000180004de0 f   dynamic_link.obj
 0001:0000d440       __itt_fini_ittlib          000000018000e440 f   itt_notify.obj
 0001:0000d510       __itt_init_ittlib          000000018000e510 f   itt_notify.obj
 0001:0000d8f0       ?initialize_handler_pointers@internal@tbb@@YAXXZ 000000018000e8f0 f   cache_aligned_allocator.obj
 0001:0000dc20       ?NFS_GetLineSize@internal@tbb@@YA_KXZ 000000018000ec20 f   cache_aligned_allocator.obj
 0001:0000dc30       ?NFS_Allocate@internal@tbb@@YAPEAX_K0PEAX@Z 000000018000ec30 f   cache_aligned_allocator.obj
 0001:0000dc90       ?NFS_Free@internal@tbb@@YAXPEAX@Z 000000018000ec90 f   cache_aligned_allocator.obj
 0001:0000dcf0       ?allocate_via_handler_v3@internal@tbb@@YAPEAX_K@Z 000000018000ecf0 f   cache_aligned_allocator.obj
 0001:0000dcf0       ?allocate_closure_v3@internal@tbb@@YAPEAX_K@Z 000000018000ecf0 f   tbb_thread.obj
 0001:0000dd20       ?free_closure_v3@internal@tbb@@YAXPEAX@Z 000000018000ed20 f   tbb_thread.obj
 0001:0000dd20       ?deallocate_via_handler_v3@internal@tbb@@YAXPEAX@Z 000000018000ed20 f   cache_aligned_allocator.obj
 0001:0000dd30       ?is_malloc_used_v3@internal@tbb@@YA_NXZ 000000018000ed30 f   cache_aligned_allocator.obj
 0001:0000dd70       ??_Gtask@tbb@@UEAAPEAXI@Z  000000018000ed70 f i pipeline.obj
 0001:0000dd70       ??_Gempty_task@tbb@@UEAAPEAXI@Z 000000018000ed70 f i arena.obj
 0001:0000dd70       ??_Etask@tbb@@UEAAPEAXI@Z  000000018000ed70 f i * CIL library *:* CIL module *
 0001:0000dd70       ??_Eempty_task@tbb@@UEAAPEAXI@Z 000000018000ed70 f i * CIL library *:* CIL module *
 0001:0000dda0       ??_Efilter@tbb@@UEAAPEAXI@Z 000000018000eda0 f i * CIL library *:* CIL module *
 0001:0000dda0       ??_Gfilter@tbb@@UEAAPEAXI@Z 000000018000eda0 f i pipeline.obj
 0001:0000de60       ??0input_buffer@internal@tbb@@QEAA@_N0@Z 000000018000ee60 f i pipeline.obj
 0001:0000dee0       ?put_token@input_buffer@internal@tbb@@QEAA_NAEAUtask_info@23@_N@Z 000000018000eee0 f i pipeline.obj
 0001:0000e040       ?return_item@input_buffer@internal@tbb@@QEAA_NAEAUtask_info@23@_N@Z 000000018000f040 f i pipeline.obj
 0001:0000e120       ?grow@input_buffer@internal@tbb@@AEAAXK@Z 000000018000f120 f   pipeline.obj
 0001:0000e230       ?spawn_stage_task@stage_task@internal@tbb@@QEAAXAEBUtask_info@23@@Z 000000018000f230 f i pipeline.obj
 0001:0000e3a0       ??_Gstage_task@internal@tbb@@UEAAPEAXI@Z 000000018000f3a0 f i pipeline.obj
 0001:0000e3a0       ??_Estage_task@internal@tbb@@UEAAPEAXI@Z 000000018000f3a0 f i * CIL library *:* CIL module *
 0001:0000e420       ?execute@stage_task@internal@tbb@@UEAAPEAVtask@3@XZ 000000018000f420 f   pipeline.obj
 0001:0000ea90       ?execute@pipeline_root_task@internal@tbb@@EEAAPEAVtask@3@XZ 000000018000fa90 f i pipeline.obj
 0001:0000ede0       ??_Gpipeline_root_task@internal@tbb@@UEAAPEAXI@Z 000000018000fde0 f i pipeline.obj
 0001:0000ede0       ??_Epipeline_root_task@internal@tbb@@UEAAPEAXI@Z 000000018000fde0 f i * CIL library *:* CIL module *
 0001:0000ee10       ??1pipeline_cleaner@internal@tbb@@QEAA@XZ 000000018000fe10 f i pipeline.obj
 0001:0000eee0       ??0pipeline@tbb@@QEAA@XZ   000000018000fee0 f   pipeline.obj
 0001:0000ef10       ??_Gpipeline@tbb@@UEAAPEAXI@Z 000000018000ff10 f i pipeline.obj
 0001:0000ef10       ??_Epipeline@tbb@@UEAAPEAXI@Z 000000018000ff10 f i * CIL library *:* CIL module *
 0001:0000efc0       ??1pipeline@tbb@@UEAA@XZ   000000018000ffc0 f   pipeline.obj
 0001:0000f060       ?clear@pipeline@tbb@@QEAAXXZ 0000000180010060 f   pipeline.obj
 0001:0000f100       ??_Ginput_buffer@internal@tbb@@QEAAPEAXI@Z 0000000180010100 f i pipeline.obj
 0001:0000f180       ?add_filter@pipeline@tbb@@QEAAXAEAVfilter@2@@Z 0000000180010180 f   pipeline.obj
 0001:0000f340       ?run@pipeline@tbb@@QEAAX_KAEAVtask_group_context@2@@Z 0000000180010340 f   pipeline.obj
 0001:0000f500       ?run@pipeline@tbb@@QEAAX_K@Z 0000000180010500 f   pipeline.obj
 0001:0000f5b0       ??1filter@tbb@@UEAA@XZ     00000001800105b0 f   pipeline.obj
 0001:0000f650       ?set_end_of_input@filter@tbb@@IEAAXXZ 0000000180010650 f   pipeline.obj
 0001:0000f680       ?process_item@thread_bound_filter@tbb@@QEAA?AW4result_type@12@XZ 0000000180010680 f   pipeline.obj
 0001:0000f690       ?try_process_item@thread_bound_filter@tbb@@QEAA?AW4result_type@12@XZ 0000000180010690 f   pipeline.obj
 0001:0000f6a0       ?internal_process_item@thread_bound_filter@tbb@@AEAA?AW4result_type@12@_N@Z 00000001800106a0 f   pipeline.obj
 0001:0000f8e0       ?acquire@scoped_lock@queuing_mutex@tbb@@QEAAXAEAV23@@Z 00000001800108e0 f   queuing_mutex.obj
 0001:0000f980       ?try_acquire@scoped_lock@queuing_mutex@tbb@@QEAA_NAEAV23@@Z 0000000180010980 f   queuing_mutex.obj
 0001:0000f9c0       ?release@scoped_lock@queuing_mutex@tbb@@QEAAXXZ 00000001800109c0 f   queuing_mutex.obj
 0001:0000fa50       ?internal_construct@queuing_mutex@tbb@@QEAAXXZ 0000000180010a50 f   queuing_mutex.obj
 0001:0000fa80       ?acquire@scoped_lock@queuing_rw_mutex@tbb@@QEAAXAEAV23@_N@Z 0000000180010a80 f   queuing_rw_mutex.obj
 0001:0000fc50       ?try_acquire@scoped_lock@queuing_rw_mutex@tbb@@QEAA_NAEAV23@_N@Z 0000000180010c50 f   queuing_rw_mutex.obj
 0001:0000fcb0       ?release@scoped_lock@queuing_rw_mutex@tbb@@QEAAXXZ 0000000180010cb0 f   queuing_rw_mutex.obj
 0001:00010020       ?downgrade_to_reader@scoped_lock@queuing_rw_mutex@tbb@@QEAA_NXZ 0000000180011020 f   queuing_rw_mutex.obj
 0001:000100e0       ?upgrade_to_writer@scoped_lock@queuing_rw_mutex@tbb@@QEAA_NXZ 00000001800110e0 f   queuing_rw_mutex.obj
 0001:00010450       ?internal_construct@queuing_rw_mutex@tbb@@QEAAXXZ 0000000180011450 f   queuing_rw_mutex.obj
 0001:00010480       ??1scoped_lock_read@reader_writer_lock@interface5@tbb@@QEAA@XZ 0000000180011480 f i reader_writer_lock.obj
 0001:000104f0       ?fetch_and_or@interface5@tbb@@YA_KAEAU?$atomic@_K@2@_K@Z 00000001800114f0 f i reader_writer_lock.obj
 0001:00010570       ?internal_construct@reader_writer_lock@interface5@tbb@@AEAAXXZ 0000000180011570 f   reader_writer_lock.obj
 0001:00010590       ?lock@reader_writer_lock@interface5@tbb@@QEAAXXZ 0000000180011590 f   reader_writer_lock.obj
 0001:00010610       ?try_lock@reader_writer_lock@interface5@tbb@@QEAA_NXZ 0000000180011610 f   reader_writer_lock.obj
 0001:00010680       ?start_write@reader_writer_lock@interface5@tbb@@AEAA_NPEAVscoped_lock@123@@Z 0000000180011680 f   reader_writer_lock.obj
 0001:00010800       ??_Gscoped_lock@reader_writer_lock@interface5@tbb@@QEAAPEAXI@Z 0000000180011800 f i reader_writer_lock.obj
 0001:00010840       ?set_next_writer@reader_writer_lock@interface5@tbb@@AEAAXPEAVscoped_lock@123@@Z 0000000180011840 f   reader_writer_lock.obj
 0001:00010930       ?lock_read@reader_writer_lock@interface5@tbb@@QEAAXXZ 0000000180011930 f   reader_writer_lock.obj
 0001:000109c0       ?try_lock_read@reader_writer_lock@interface5@tbb@@QEAA_NXZ 00000001800119c0 f   reader_writer_lock.obj
 0001:00010a20       ?start_read@reader_writer_lock@interface5@tbb@@AEAAXPEAVscoped_lock_read@123@@Z 0000000180011a20 f   reader_writer_lock.obj
 0001:00010b10       ?unlock@reader_writer_lock@interface5@tbb@@QEAAXXZ 0000000180011b10 f   reader_writer_lock.obj
 0001:00010b90       ?end_write@reader_writer_lock@interface5@tbb@@AEAAXPEAVscoped_lock@123@@Z 0000000180011b90 f   reader_writer_lock.obj
 0001:00010ce0       ?internal_construct@scoped_lock@reader_writer_lock@interface5@tbb@@AEAAXAEAV234@@Z 0000000180011ce0 f   reader_writer_lock.obj
 0001:00010d40       ?internal_construct@scoped_lock_read@reader_writer_lock@interface5@tbb@@AEAAXAEAV234@@Z 0000000180011d40 f   reader_writer_lock.obj
 0001:00010da0       ?internal_destroy@scoped_lock@reader_writer_lock@interface5@tbb@@AEAAXXZ 0000000180011da0 f   reader_writer_lock.obj
 0001:00010de0       ?internal_destroy@scoped_lock_read@reader_writer_lock@interface5@tbb@@AEAAXXZ 0000000180011de0 f   reader_writer_lock.obj
 0001:00010e40       ?internal_acquire_writer@spin_rw_mutex_v3@tbb@@AEAA_NXZ 0000000180011e40 f   spin_rw_mutex.obj
 0001:00010e40       ?internal_acquire_writer@spin_rw_mutex@tbb@@CA_NPEAV12@@Z 0000000180011e40 f   spin_rw_mutex_v2.obj
 0001:00010f00       ?internal_release_writer@spin_rw_mutex_v3@tbb@@AEAAXXZ 0000000180011f00 f   spin_rw_mutex.obj
 0001:00010f30       ?internal_acquire_reader@spin_rw_mutex_v3@tbb@@AEAAXXZ 0000000180011f30 f   spin_rw_mutex.obj
 0001:00010fb0       ?internal_upgrade@spin_rw_mutex_v3@tbb@@AEAA_NXZ 0000000180011fb0 f   spin_rw_mutex.obj
 0001:000110d0       ?internal_downgrade@spin_rw_mutex_v3@tbb@@AEAAXXZ 00000001800120d0 f   spin_rw_mutex.obj
 0001:00011100       ?internal_release_reader@spin_rw_mutex@tbb@@CAXPEAV12@@Z 0000000180012100 f   spin_rw_mutex_v2.obj
 0001:00011100       ?internal_release_reader@spin_rw_mutex_v3@tbb@@AEAAXXZ 0000000180012100 f   spin_rw_mutex.obj
 0001:00011130       ?internal_try_acquire_writer@spin_rw_mutex_v3@tbb@@AEAA_NXZ 0000000180012130 f   spin_rw_mutex.obj
 0001:00011130       ?internal_try_acquire_writer@spin_rw_mutex@tbb@@CA_NPEAV12@@Z 0000000180012130 f   spin_rw_mutex_v2.obj
 0001:000111a0       ?internal_try_acquire_reader@spin_rw_mutex_v3@tbb@@AEAA_NXZ 00000001800121a0 f   spin_rw_mutex.obj
 0001:000111e0       ?internal_construct@spin_rw_mutex_v3@tbb@@AEAAXXZ 00000001800121e0 f   spin_rw_mutex.obj
 0001:00011210       ?acquire@scoped_lock@spin_rw_mutex_v3@tbb@@QEAAXAEAV23@_N@Z 0000000180012210 f i x86_rtm_rw_mutex.obj
 0001:000112c0       ?internal_release@x86_rtm_rw_mutex@internal@interface8@tbb@@AEAAXAEAVscoped_lock@1234@@Z 00000001800122c0 f   x86_rtm_rw_mutex.obj
 0001:00011320       ?internal_acquire_writer@x86_rtm_rw_mutex@internal@interface8@tbb@@AEAAXAEAVscoped_lock@1234@_N@Z 0000000180012320 f   x86_rtm_rw_mutex.obj
 0001:00011400       ?internal_acquire_reader@x86_rtm_rw_mutex@internal@interface8@tbb@@AEAAXAEAVscoped_lock@1234@_N@Z 0000000180012400 f   x86_rtm_rw_mutex.obj
 0001:000114e0       ?internal_upgrade@x86_rtm_rw_mutex@internal@interface8@tbb@@AEAA_NAEAVscoped_lock@1234@@Z 00000001800124e0 f   x86_rtm_rw_mutex.obj
 0001:00011710       ?internal_downgrade@x86_rtm_rw_mutex@internal@interface8@tbb@@AEAA_NAEAVscoped_lock@1234@@Z 0000000180012710 f   x86_rtm_rw_mutex.obj
 0001:00011750       ?internal_try_acquire_writer@x86_rtm_rw_mutex@internal@interface8@tbb@@AEAA_NAEAVscoped_lock@1234@@Z 0000000180012750 f   x86_rtm_rw_mutex.obj
 0001:00011840       ?internal_construct@x86_rtm_rw_mutex@internal@interface8@tbb@@AEAAXXZ 0000000180012840 f   x86_rtm_rw_mutex.obj
 0001:00011870       ?internal_acquire@scoped_lock@spin_mutex@tbb@@AEAAXAEAV23@@Z 0000000180012870 f   spin_mutex.obj
 0001:00011910       ?internal_release@scoped_lock@spin_mutex@tbb@@AEAAXXZ 0000000180012910 f   spin_mutex.obj
 0001:00011940       ?internal_try_acquire@scoped_lock@spin_mutex@tbb@@AEAA_NAEAV23@@Z 0000000180012940 f   spin_mutex.obj
 0001:00011980       ?internal_construct@spin_mutex@tbb@@QEAAXXZ 0000000180012980 f   spin_mutex.obj
 0001:000119b0       ?internal_construct@critical_section_v4@internal@tbb@@QEAAXXZ 00000001800129b0 f   critical_section.obj
 0001:000119e0       ?internal_acquire@scoped_lock@mutex@tbb@@AEAAXAEAV23@@Z 00000001800129e0 f   mutex.obj
 0001:00011a40       ?internal_release@scoped_lock@mutex@tbb@@AEAAXXZ 0000000180012a40 f   mutex.obj
 0001:00011a80       ?internal_try_acquire@scoped_lock@mutex@tbb@@AEAA_NAEAV23@@Z 0000000180012a80 f   mutex.obj
 0001:00011ad0       ?internal_construct@mutex@tbb@@AEAAXXZ 0000000180012ad0 f   mutex.obj
 0001:00011b20       ?internal_destroy@recursive_mutex@tbb@@AEAAXXZ 0000000180012b20 f   recursive_mutex.obj
 0001:00011b20       ?internal_destroy@mutex@tbb@@AEAAXXZ 0000000180012b20 f   mutex.obj
 0001:00011b60       ?internal_acquire@scoped_lock@recursive_mutex@tbb@@AEAAXAEAV23@@Z 0000000180012b60 f   recursive_mutex.obj
 0001:00011ba0       ?internal_release@scoped_lock@recursive_mutex@tbb@@AEAAXXZ 0000000180012ba0 f   recursive_mutex.obj
 0001:00011bd0       ?internal_try_acquire@scoped_lock@recursive_mutex@tbb@@AEAA_NAEAV23@@Z 0000000180012bd0 f   recursive_mutex.obj
 0001:00011c10       ?internal_construct@recursive_mutex@tbb@@AEAAXXZ 0000000180012c10 f   recursive_mutex.obj
 0001:00011c60       ?init_condvar_using_event@internal@tbb@@YAXPEAUcondition_variable_using_event@1interface5@2@@Z 0000000180012c60 f   condition_variable.obj
 0001:00011ca0       ?sleep_condition_variable_cs_using_event@internal@tbb@@YAHPEAUcondition_variable_using_event@1interface5@2@PEAU_RTL_CRITICAL_SECTION@@K@Z 0000000180012ca0 f   condition_variable.obj
 0001:00011db0       ?wake_condition_variable_using_event@internal@tbb@@YAXPEAUcondition_variable_using_event@1interface5@2@@Z 0000000180012db0 f   condition_variable.obj
 0001:00011e00       ?wake_all_condition_variable_using_event@internal@tbb@@YAXPEAUcondition_variable_using_event@1interface5@2@@Z 0000000180012e00 f   condition_variable.obj
 0001:00011e50       ?destroy_condvar_using_event@internal@tbb@@YAXPEAUcondition_variable_using_event@1interface5@2@@Z 0000000180012e50 f   condition_variable.obj
 0001:00011ef0       ?init_condvar_module@internal@tbb@@YAXXZ 0000000180012ef0 f   condition_variable.obj
 0001:00011f40       ?internal_initialize_condition_variable@internal@interface5@tbb@@YAXAEATcondvar_impl_t@123@@Z 0000000180012f40 f   condition_variable.obj
 0001:00011fe0       ?internal_destroy_condition_variable@internal@interface5@tbb@@YAXAEATcondvar_impl_t@123@@Z 0000000180012fe0 f   condition_variable.obj
 0001:00011ff0       ?internal_condition_variable_notify_one@internal@interface5@tbb@@YAXAEATcondvar_impl_t@123@@Z 0000000180012ff0 f   condition_variable.obj
 0001:00012000       ?internal_condition_variable_notify_all@internal@interface5@tbb@@YAXAEATcondvar_impl_t@123@@Z 0000000180013000 f   condition_variable.obj
 0001:00012010       ?internal_condition_variable_wait@internal@interface5@tbb@@YA_NAEATcondvar_impl_t@123@PEAVmutex@3@PEBVinterval_t@tick_count@3@@Z 0000000180013010 f   condition_variable.obj
 0001:000120a0       ?join@tbb_thread_v3@internal@tbb@@QEAAXXZ 00000001800130a0 f   tbb_thread.obj
 0001:00012140       ?detach@tbb_thread_v3@internal@tbb@@QEAAXXZ 0000000180013140 f   tbb_thread.obj
 0001:00012190       ?internal_start@tbb_thread_v3@internal@tbb@@AEAAXP6AIPEAX@Z0@Z 0000000180013190 f   tbb_thread.obj
 0001:00012210       ?hardware_concurrency@tbb_thread_v3@internal@tbb@@SAIXZ 0000000180013210 f   tbb_thread.obj
 0001:000122e0       ?thread_get_id_v3@internal@tbb@@YA?AVid@tbb_thread_v3@12@XZ 00000001800132e0 f   tbb_thread.obj
 0001:00012300       ?move_v3@internal@tbb@@YAXAEAVtbb_thread_v3@12@0@Z 0000000180013300 f   tbb_thread.obj
 0001:00012360       ?thread_yield_v3@internal@tbb@@YAXXZ 0000000180013360 f   tbb_thread.obj
 0001:00012360       ?yield@private_server@rml@internal@tbb@@UEAAXXZ 0000000180013360 f   private_server.obj
 0001:00012370       ?thread_sleep_v3@internal@tbb@@YAXAEBVinterval_t@tick_count@2@@Z 0000000180013370 f   tbb_thread.obj
 0001:000124a0       ?init@thread_context@concurrent_monitor@internal@tbb@@AEAAXXZ 00000001800134a0 f   concurrent_monitor.obj
 0001:000124d0       ??1concurrent_monitor@internal@tbb@@QEAA@XZ 00000001800134d0 f   concurrent_monitor.obj
 0001:00012600       ?prepare_wait@concurrent_monitor@internal@tbb@@QEAAXAEAVthread_context@123@_K@Z 0000000180013600 f   concurrent_monitor.obj
 0001:000126e0       ?cancel_wait@concurrent_monitor@internal@tbb@@QEAAXAEAVthread_context@123@@Z 00000001800136e0 f   concurrent_monitor.obj
 0001:000127a0       __local_stdio_printf_options 00000001800137a0 f i private_server.obj
 0001:000127b0       fprintf                    00000001800137b0 f i private_server.obj
 0001:00012800       ?launch@thread_monitor@internal@rml@@SAPEAXP6AIPEAX@Z0_KPEB_K@Z 0000000180013800 f i private_server.obj
 0001:000129b0       ?remove_server_ref@private_server@rml@internal@tbb@@AEAAXXZ 00000001800139b0 f i private_server.obj
 0001:00012a00       ?execute@empty_task@tbb@@EEAAPEAVtask@2@XZ 0000000180013a00 f i arena.obj
 0001:00012a00       ?version@market@internal@tbb@@EEBAIXZ 0000000180013a00 f i market.obj
 0001:00012a00       ?version@private_server@rml@internal@tbb@@UEBAIXZ 0000000180013a00 f i private_server.obj
 0001:00012a00       ?_Get_deleter@_Ref_count_base@std@@UEBAPEAXAEBVtype_info@@@Z 0000000180013a00 f i libcpmt:excptptr.obj
 0001:00012a10       ?request_close_connection@private_server@rml@internal@tbb@@UEAAX_N@Z 0000000180013a10 f i private_server.obj
 0001:00012b40       ?default_concurrency@private_server@rml@internal@tbb@@UEBAIXZ 0000000180013b40 f i private_server.obj
 0001:00012c10       ?thread_routine@private_worker@rml@internal@tbb@@CAIPEAX@Z 0000000180013c10 f   private_server.obj
 0001:00012c80       ?run@private_worker@rml@internal@tbb@@AEAAXXZ 0000000180013c80 f   private_server.obj
 0001:00012e40       ??0private_server@rml@internal@tbb@@QEAA@AEAVtbb_client@123@@Z 0000000180013e40 f   private_server.obj
 0001:00012fc0       ??_Gprivate_server@rml@internal@tbb@@EEAAPEAXI@Z 0000000180013fc0 f i private_server.obj
 0001:00012fc0       ??_Eprivate_server@rml@internal@tbb@@EEAAPEAXI@Z 0000000180013fc0 f i * CIL library *:* CIL module *
 0001:00013060       ?wake_some@private_server@rml@internal@tbb@@AEAAXH@Z 0000000180014060 f   private_server.obj
 0001:00013210       ?adjust_job_count_estimate@private_server@rml@internal@tbb@@UEAAXH@Z 0000000180014210 f   private_server.obj
 0001:00013230       ??0exception@std@@QEAA@AEBV01@@Z 0000000180014230 f i tbb_misc.obj
 0001:00013270       ?what@exception@std@@UEBAPEBDXZ 0000000180014270 f i tbb_misc.obj
 0001:00013290       ??_Elogic_error@std@@UEAAPEAXI@Z 0000000180014290 f i * CIL library *:* CIL module *
 0001:00013290       ??_Elength_error@std@@UEAAPEAXI@Z 0000000180014290 f i * CIL library *:* CIL module *
 0001:00013290       ??_Ginvalid_multiple_scheduling@tbb@@UEAAPEAXI@Z 0000000180014290 f i tbb_misc.obj
 0001:00013290       ??_Erange_error@std@@UEAAPEAXI@Z 0000000180014290 f i * CIL library *:* CIL module *
 0001:00013290       ??_Ginvalid_argument@std@@UEAAPEAXI@Z 0000000180014290 f i tbb_misc.obj
 0001:00013290       ??_Gexception@std@@UEAAPEAXI@Z 0000000180014290 f i tbb_misc.obj
 0001:00013290       ??_Einvalid_argument@std@@UEAAPEAXI@Z 0000000180014290 f i * CIL library *:* CIL module *
 0001:00013290       ??_Gbad_alloc@std@@UEAAPEAXI@Z 0000000180014290 f i tbb_misc.obj
 0001:00013290       ??_Eruntime_error@std@@UEAAPEAXI@Z 0000000180014290 f i * CIL library *:* CIL module *
 0001:00013290       ??_Grange_error@std@@UEAAPEAXI@Z 0000000180014290 f i tbb_misc.obj
 0001:00013290       ??_Eout_of_range@std@@UEAAPEAXI@Z 0000000180014290 f i * CIL library *:* CIL module *
 0001:00013290       ??_Glength_error@std@@UEAAPEAXI@Z 0000000180014290 f i tbb_misc.obj
 0001:00013290       ??_Guser_abort@tbb@@UEAAPEAXI@Z 0000000180014290 f i tbb_misc.obj
 0001:00013290       ??_Gout_of_range@std@@UEAAPEAXI@Z 0000000180014290 f i tbb_misc.obj
 0001:00013290       ??_Gimproper_lock@tbb@@UEAAPEAXI@Z 0000000180014290 f i tbb_misc.obj
 0001:00013290       ??_Gruntime_error@std@@UEAAPEAXI@Z 0000000180014290 f i tbb_misc.obj
 0001:00013290       ??_Eimproper_lock@tbb@@UEAAPEAXI@Z 0000000180014290 f i * CIL library *:* CIL module *
 0001:00013290       ??_Ebad_last_alloc@tbb@@UEAAPEAXI@Z 0000000180014290 f i * CIL library *:* CIL module *
 0001:00013290       ??_Eexception@std@@UEAAPEAXI@Z 0000000180014290 f i * CIL library *:* CIL module *
 0001:00013290       ??_Euser_abort@tbb@@UEAAPEAXI@Z 0000000180014290 f i * CIL library *:* CIL module *
 0001:00013290       ??_Gmissing_wait@tbb@@UEAAPEAXI@Z 0000000180014290 f i tbb_misc.obj
 0001:00013290       ??_Gbad_last_alloc@tbb@@UEAAPEAXI@Z 0000000180014290 f i tbb_misc.obj
 0001:00013290       ??_Ebad_alloc@std@@UEAAPEAXI@Z 0000000180014290 f i * CIL library *:* CIL module *
 0001:00013290       ??_Glogic_error@std@@UEAAPEAXI@Z 0000000180014290 f i tbb_misc.obj
 0001:00013290       ??_Einvalid_multiple_scheduling@tbb@@UEAAPEAXI@Z 0000000180014290 f i * CIL library *:* CIL module *
 0001:00013290       ??_Emissing_wait@tbb@@UEAAPEAXI@Z 0000000180014290 f i * CIL library *:* CIL module *
 0001:000132e0       ??0bad_alloc@std@@QEAA@XZ  00000001800142e0 f i tbb_misc.obj
 0001:00013300       ??1bad_cast@std@@UEAA@XZ   0000000180014300 f i libvcruntime:rtti.obj
 0001:00013300       ??1bad_typeid@std@@UEAA@XZ 0000000180014300 f i libvcruntime:rtti.obj
 0001:00013300       ??1bad_last_alloc@tbb@@UEAA@XZ 0000000180014300 f i tbb_misc.obj
 0001:00013300       ??1length_error@std@@UEAA@XZ 0000000180014300 f i tbb_misc.obj
 0001:00013300       ??1bad_alloc@std@@UEAA@XZ  0000000180014300 f i tbb_misc.obj
 0001:00013300       ??1improper_lock@tbb@@UEAA@XZ 0000000180014300 f i tbb_misc.obj
 0001:00013300       ??1user_abort@tbb@@UEAA@XZ 0000000180014300 f i tbb_misc.obj
 0001:00013300       ??1out_of_range@std@@UEAA@XZ 0000000180014300 f i tbb_misc.obj
 0001:00013300       ??1bad_array_new_length@std@@UEAA@XZ 0000000180014300 f i LIBCMT:throw_bad_alloc.obj
 0001:00013300       ??1missing_wait@tbb@@UEAA@XZ 0000000180014300 f i tbb_misc.obj
 0001:00013300       ??1invalid_argument@std@@UEAA@XZ 0000000180014300 f i tbb_misc.obj
 0001:00013300       ??1bad_exception@std@@UEAA@XZ 0000000180014300 f i libcpmt:excptptr.obj
 0001:00013300       ??1invalid_multiple_scheduling@tbb@@UEAA@XZ 0000000180014300 f i tbb_misc.obj
 0001:00013300       ??1range_error@std@@UEAA@XZ 0000000180014300 f i tbb_misc.obj
 0001:00013300       ??1runtime_error@std@@UEAA@XZ 0000000180014300 f i tbb_misc.obj
 0001:00013300       ??1__non_rtti_object@std@@UEAA@XZ 0000000180014300 f i libvcruntime:rtti.obj
 0001:00013320       _snprintf                  0000000180014320 f i tbb_misc.obj
 0001:00013380       ?set_assertion_handler@tbb@@YAP6AXPEBDH00@ZP6AX0H00@Z@Z 0000000180014380 f   tbb_misc.obj
 0001:00013390       ?assertion_failure@tbb@@YAXPEBDH00@Z 0000000180014390 f   tbb_misc.obj
 0001:00013440       ?runtime_warning@internal@tbb@@YAXPEBDZZ 0000000180014440 f   tbb_misc.obj
 0001:00013500       ??0invalid_argument@std@@QEAA@PEBD@Z 0000000180014500 f i tbb_misc.obj
 0001:00013550       ??0length_error@std@@QEAA@PEBD@Z 0000000180014550 f i tbb_misc.obj
 0001:000135a0       ??0out_of_range@std@@QEAA@PEBD@Z 00000001800145a0 f i tbb_misc.obj
 0001:000135f0       ??0runtime_error@std@@QEAA@PEBD@Z 00000001800145f0 f i tbb_misc.obj
 0001:00013640       ??0range_error@std@@QEAA@PEBD@Z 0000000180014640 f i tbb_misc.obj
 0001:00013690       ??0runtime_error@std@@QEAA@AEBV01@@Z 0000000180014690 f i tbb_misc.obj
 0001:000136d0       ?what@bad_last_alloc@tbb@@UEBAPEBDXZ 00000001800146d0 f   tbb_misc.obj
 0001:000136e0       ?what@improper_lock@tbb@@UEBAPEBDXZ 00000001800146e0 f   tbb_misc.obj
 0001:000136f0       ?what@user_abort@tbb@@UEBAPEBDXZ 00000001800146f0 f   tbb_misc.obj
 0001:00013700       ?what@invalid_multiple_scheduling@tbb@@UEBAPEBDXZ 0000000180014700 f   tbb_misc.obj
 0001:00013710       ?what@missing_wait@tbb@@UEBAPEBDXZ 0000000180014710 f   tbb_misc.obj
 0001:00013720       ?handle_perror@internal@tbb@@YAXHPEBD@Z 0000000180014720 f   tbb_misc.obj
 0001:00013790       ?handle_win_error@internal@tbb@@YAXH@Z 0000000180014790 f   tbb_misc.obj
 0001:00013800       ?throw_bad_last_alloc_exception_v4@internal@tbb@@YAXXZ 0000000180014800 f   tbb_misc.obj
 0001:00013840       ?throw_exception_v4@internal@tbb@@YAXW4exception_id@12@@Z 0000000180014840 f   tbb_misc.obj
 0001:00013b70       ??0bad_last_alloc@tbb@@QEAA@XZ 0000000180014b70 f i tbb_misc.obj
 0001:00013b90       ??0missing_wait@tbb@@QEAA@XZ 0000000180014b90 f i tbb_misc.obj
 0001:00013bb0       ??0invalid_multiple_scheduling@tbb@@QEAA@XZ 0000000180014bb0 f i tbb_misc.obj
 0001:00013bd0       ??0improper_lock@tbb@@QEAA@XZ 0000000180014bd0 f i tbb_misc.obj
 0001:00013bf0       ??0user_abort@tbb@@QEAA@XZ 0000000180014bf0 f i tbb_misc.obj
 0001:00013c10       ??0bad_alloc@std@@QEAA@AEBV01@@Z 0000000180014c10 f i tbb_misc.obj
 0001:00013c50       ??0bad_last_alloc@tbb@@QEAA@AEBV01@@Z 0000000180014c50 f i tbb_misc.obj
 0001:00013c90       ??0invalid_argument@std@@QEAA@AEBV01@@Z 0000000180014c90 f i tbb_misc.obj
 0001:00013cd0       ??0logic_error@std@@QEAA@AEBV01@@Z 0000000180014cd0 f i tbb_misc.obj
 0001:00013d10       ??0out_of_range@std@@QEAA@AEBV01@@Z 0000000180014d10 f i tbb_misc.obj
 0001:00013d50       ??0range_error@std@@QEAA@AEBV01@@Z 0000000180014d50 f i tbb_misc.obj
 0001:00013d90       ??0missing_wait@tbb@@QEAA@AEBV01@@Z 0000000180014d90 f i tbb_misc.obj
 0001:00013dd0       ??0invalid_multiple_scheduling@tbb@@QEAA@AEBV01@@Z 0000000180014dd0 f i tbb_misc.obj
 0001:00013e10       ??0improper_lock@tbb@@QEAA@AEBV01@@Z 0000000180014e10 f i tbb_misc.obj
 0001:00013e50       ??0length_error@std@@QEAA@AEBV01@@Z 0000000180014e50 f i tbb_misc.obj
 0001:00013e90       ??0user_abort@tbb@@QEAA@AEBV01@@Z 0000000180014e90 f i tbb_misc.obj
 0001:00013ed0       ?PrintExtraVersionInfo@internal@tbb@@YAXPEBD0ZZ 0000000180014ed0 f   tbb_misc.obj
 0001:00013fa0       ?PrintRMLVersionInfo@internal@tbb@@YAXPEAXPEBD@Z 0000000180014fa0 f   tbb_misc.obj
 0001:00013fb0       TBB_runtime_interface_version 0000000180014fb0 f   tbb_misc.obj
 0001:000141f0       ?allocate@allocate_root_proxy@internal@tbb@@SAAEAVtask@3@_K@Z 00000001800151f0 f   task.obj
 0001:00014300       ?free@allocate_root_proxy@internal@tbb@@SAXAEAVtask@3@@Z 0000000180015300 f   task.obj
 0001:00014410       ?allocate@allocate_root_with_context_proxy@internal@tbb@@QEBAAEAVtask@3@_K@Z 0000000180015410 f   task.obj
 0001:000145a0       ?free@allocate_child_proxy@internal@tbb@@QEBAXAEAVtask@3@@Z 00000001800155a0 f   task.obj
 0001:000145a0       ?free@allocate_root_with_context_proxy@internal@tbb@@QEBAXAEAVtask@3@@Z 00000001800155a0 f   task.obj
 0001:000146b0       ?allocate@allocate_continuation_proxy@internal@tbb@@QEBAAEAVtask@3@_K@Z 00000001800156b0 f   task.obj
 0001:000147c0       ?free@allocate_continuation_proxy@internal@tbb@@QEBAXAEAVtask@3@@Z 00000001800157c0 f   task.obj
 0001:000148e0       ?allocate@allocate_child_proxy@internal@tbb@@QEBAAEAVtask@3@_K@Z 00000001800158e0 f   task.obj
 0001:000149e0       ?allocate@allocate_additional_child_of_proxy@internal@tbb@@QEBAAEAVtask@3@_K@Z 00000001800159e0 f   task.obj
 0001:00014ae0       ?free@allocate_additional_child_of_proxy@internal@tbb@@QEBAXAEAVtask@3@@Z 0000000180015ae0 f   task.obj
 0001:00014c30       ?get_initial_auto_partitioner_divisor@internal@tbb@@YA_KXZ 0000000180015c30 f   task.obj
 0001:00014c80       ?resize@affinity_partitioner_base_v3@internal@tbb@@AEAAXI@Z 0000000180015c80 f   task.obj
 0001:00014d90       ?internal_set_ref_count@task@tbb@@AEAAXH@Z 0000000180015d90 f   task.obj
 0001:00014dd0       ?internal_decrement_ref_count@task@tbb@@AEAA_JXZ 0000000180015dd0 f   task.obj
 0001:00014e30       ?self@task@tbb@@SAAEAV12@XZ 0000000180015e30 f   task.obj
 0001:00014f10       ?is_owned_by_current_thread@task@tbb@@QEBA_NXZ 0000000180015f10 f   task.obj
 0001:00014f10       __acrt_uninitialize_command_line 0000000180015f10 f   libucrt:argv_data.obj
 0001:00014f20       ?destroy@task_base@internal@interface5@tbb@@SAXAEAVtask@4@@Z 0000000180015f20 f   task.obj
 0001:000150a0       ?spawn_and_wait_for_all@task@tbb@@QEAAXAEAVtask_list@2@@Z 00000001800160a0 f   task.obj
 0001:00015140       ?change_group@task@tbb@@QEAAXAEAVtask_group_context@2@@Z 0000000180016140 f   task.obj
 0001:000152a0       ??1exception_ptr@std@@QEAA@XZ 00000001800162a0 f i task_group_context.obj
 0001:000152c0       ??0exception_ptr@std@@QEAA@AEBV01@@Z 00000001800162c0 f i task_group_context.obj
 0001:000152f0       ??0captured_exception@tbb@@QEAA@AEBV01@@Z 00000001800162f0 f i task_group_context.obj
 0001:00015370       ?throw_self@captured_exception@tbb@@UEAAXXZ 0000000180016370 f i task_group_context.obj
 0001:000153a0       ??_Gcaptured_exception@tbb@@UEAAPEAXI@Z 00000001800163a0 f i task_group_context.obj
 0001:000153a0       ??_Ecaptured_exception@tbb@@UEAAPEAXI@Z 00000001800163a0 f i * CIL library *:* CIL module *
 0001:00015440       ??0tbb_exception@tbb@@QEAA@AEBV01@@Z 0000000180016440 f i task_group_context.obj
 0001:00015480       ??_Gtbb_exception@tbb@@UEAAPEAXI@Z 0000000180016480 f i task_group_context.obj
 0001:00015480       ??_Etbb_exception@tbb@@UEAAPEAXI@Z 0000000180016480 f i * CIL library *:* CIL module *
 0001:000154f0       ?duplicate_string@tbb@@YAPEADPEBD@Z 00000001800164f0 f i task_group_context.obj
 0001:00015560       ??1captured_exception@tbb@@UEAA@XZ 0000000180016560 f   task_group_context.obj
 0001:000155b0       ?set@captured_exception@tbb@@QEAAXPEBD0@Z 00000001800165b0 f   task_group_context.obj
 0001:000155f0       ?clear@captured_exception@tbb@@QEAAXXZ 00000001800165f0 f   task_group_context.obj
 0001:00015630       ?move@captured_exception@tbb@@UEAAPEAV12@XZ 0000000180016630 f   task_group_context.obj
 0001:000156b0       ?destroy@captured_exception@tbb@@UEAAXXZ 00000001800166b0 f   task_group_context.obj
 0001:00015710       ?allocate@captured_exception@tbb@@SAPEAV12@PEBD0@Z 0000000180016710 f   task_group_context.obj
 0001:000157a0       ?name@captured_exception@tbb@@UEBAPEBDXZ 00000001800167a0 f   task_group_context.obj
 0001:000157b0       ?what@captured_exception@tbb@@UEBAPEBDXZ 00000001800167b0 f   task_group_context.obj
 0001:000157c0       ?allocate@tbb_exception_ptr@internal@tbb@@SAPEAV123@XZ 00000001800167c0 f   task_group_context.obj
 0001:000157c0       ?allocate@tbb_exception_ptr@internal@tbb@@SAPEAV123@AEBVtbb_exception@3@@Z 00000001800167c0 f   task_group_context.obj
 0001:00015830       ?allocate@tbb_exception_ptr@internal@tbb@@SAPEAV123@AEAVcaptured_exception@3@@Z 0000000180016830 f   task_group_context.obj
 0001:00015910       ??1task_group_context@tbb@@QEAA@XZ 0000000180016910 f   task_group_context.obj
 0001:00015bb0       ?init@task_group_context@tbb@@IEAAXXZ 0000000180016bb0 f   task_group_context.obj
 0001:00015c10       ?register_with@task_group_context@tbb@@QEAAXPEAVgeneric_scheduler@internal@2@@Z 0000000180016c10 f   task_group_context.obj
 0001:00015d40       ?bind_to@task_group_context@tbb@@QEAAXPEAVgeneric_scheduler@internal@2@@Z 0000000180016d40 f   task_group_context.obj
 0001:00015ea0       ?cancel_group_execution@task_group_context@tbb@@QEAA_NXZ 0000000180016ea0 f   task_group_context.obj
 0001:00016070       ?is_group_execution_cancelled@task_group_context@tbb@@QEBA_NXZ 0000000180017070 f   task_group_context.obj
 0001:00016080       ?reset@task_group_context@tbb@@QEAAXXZ 0000000180017080 f   task_group_context.obj
 0001:000160f0       ?capture_fp_settings@task_group_context@tbb@@QEAAXXZ 00000001800170f0 f   task_group_context.obj
 0001:00016130       ?register_pending_exception@task_group_context@tbb@@QEAAXXZ 0000000180017130 f   task_group_context.obj
 0001:00016160       ?set_priority@task_group_context@tbb@@QEAAXW4priority_t@2@@Z 0000000180017160 f   task_group_context.obj
 0001:00016300       ?priority@task_group_context@tbb@@QEBA?AW4priority_t@2@XZ 0000000180017300 f   task_group_context.obj
 0001:00016320       ??$spin_wait_until_eq@U?$atomic@_K@tbb@@I@internal@tbb@@YAXAEDU?$atomic@_K@1@I@Z 0000000180017320 f i task_group_context.obj
 0001:00016380       ??$propagate_task_group_state@_K@generic_scheduler@internal@tbb@@QEAAXPEQtask_group_context@2@_KAEAV32@_K@Z 0000000180017380 f i task_group_context.obj
 0001:00016480       ??$propagate_task_group_state@_J@generic_scheduler@internal@tbb@@QEAAXPEQtask_group_context@2@_JAEAV32@_J@Z 0000000180017480 f i task_group_context.obj
 0001:00016590       ?initialize_cilk_interop@internal@tbb@@YA_NXZ 0000000180017590 f   governor.obj
 0001:000165c0       ?sign_on@governor@internal@tbb@@SAXPEAVgeneric_scheduler@23@@Z 00000001800175c0 f   governor.obj
 0001:00016650       ?init_scheduler@governor@internal@tbb@@SAPEAVgeneric_scheduler@23@H_K_N@Z 0000000180017650 f   governor.obj
 0001:00016960       ?auto_terminate@governor@internal@tbb@@CAXPEAX@Z 0000000180017960 f   governor.obj
 0001:000169f0       ?stack_op_handler@governor@internal@tbb@@SAHW4__cilk_tbb_stack_op@@PEAX@Z 00000001800179f0 f   governor.obj
 0001:00016a80       ?initialize@task_scheduler_init@tbb@@QEAAXH@Z 0000000180017a80 f   governor.obj
 0001:00016a90       ?initialize@task_scheduler_init@tbb@@QEAAXH_K@Z 0000000180017a90 f   governor.obj
 0001:00016d60       ?internal_terminate@task_scheduler_init@tbb@@AEAA_N_N@Z 0000000180017d60 f   governor.obj
 0001:00016ea0       ?terminate@task_scheduler_init@tbb@@QEAAXXZ 0000000180017ea0 f   governor.obj
 0001:00016eb0       ?internal_blocking_terminate@task_scheduler_init@tbb@@AEAA_N_N@Z 0000000180017eb0 f   governor.obj
 0001:00016ef0       ?default_num_threads@task_scheduler_init@tbb@@SAHXZ 0000000180017ef0 f   governor.obj
 0001:00016fc0       ??1scoped_lock@spin_rw_mutex_v3@tbb@@QEAA@XZ 0000000180017fc0 f i market.obj
 0001:00016ff0       ?max_job_count@market@internal@tbb@@EEBAIXZ 0000000180017ff0 f i market.obj
 0001:00017000       ?min_stack_size@market@internal@tbb@@EEBA_KXZ 0000000180018000 f i market.obj
 0001:00017010       ?policy@market@internal@tbb@@EEBA?AW4policy_type@client@rml@@XZ 0000000180018010 f i market.obj
 0001:00017010       ?length@charNode@@UEBAHXZ  0000000180018010 f i libvcruntime:undname.obj
 0001:00017010       _get_startup_argv_mode     0000000180018010 f i LIBCMT:argv_mode.obj
 0001:00017020       ?recall_by_mandatory_request@arena@internal@tbb@@QEBA_NXZ 0000000180018020 f i market.obj
 0001:00017160       ?global_market@market@internal@tbb@@CAAEAV123@_NI_K@Z 0000000180018160 f   market.obj
 0001:000176f0       ?release@market@internal@tbb@@QEAA_N_N0@Z 00000001800186f0 f   market.obj
 0001:00017870       ?set_active_num_workers@market@internal@tbb@@SAXI@Z 0000000180018870 f   market.obj
 0001:00017b20       ?create_arena@market@internal@tbb@@SAPEAVarena@23@HH_K@Z 0000000180018b20 f   market.obj
 0001:00017c80       ?try_destroy_arena@market@internal@tbb@@QEAAXPEAVarena@23@_K@Z 0000000180018c80 f   market.obj
 0001:00017dd0       ?update_allotment@market@internal@tbb@@AEAAX_J@Z 0000000180018dd0 f   market.obj
 0001:00017f40       ?mandatory_concurrency_enable@market@internal@tbb@@QEAA_NPEAVarena@23@@Z 0000000180018f40 f   market.obj
 0001:00018030       ?mandatory_concurrency_disable@market@internal@tbb@@QEAAXPEAVarena@23@@Z 0000000180019030 f   market.obj
 0001:00018200       ?adjust_demand@market@internal@tbb@@QEAAXAEAVarena@23@H@Z 0000000180019200 f   market.obj
 0001:00018500       ?process@market@internal@tbb@@EEAAXAEAVjob@rml@@@Z 0000000180019500 f   market.obj
 0001:00018640       ?cleanup@market@internal@tbb@@EEAAXAEAVjob@rml@@@Z 0000000180019640 f   market.obj
 0001:00018750       ?acknowledge_close_connection@market@internal@tbb@@EEAAXXZ 0000000180019750 f   market.obj
 0001:00018770       ?create_one_job@market@internal@tbb@@EEAAPEAVjob@rml@@XZ 0000000180019770 f   market.obj
 0001:00018820       ?update_arena_top_priority@market@internal@tbb@@AEAAXAEAVarena@23@_J@Z 0000000180019820 f   market.obj
 0001:00018930       ?lower_arena_priority@market@internal@tbb@@QEAA_NAEAVarena@23@_J_K@Z 0000000180019930 f   market.obj
 0001:00018a60       ?update_arena_priority@market@internal@tbb@@QEAA_NAEAVarena@23@_J@Z 0000000180019a60 f   market.obj
 0001:00018c40       ?_RethrowException@exception_ptr@std@@QEBAXXZ 0000000180019c40 f i arena.obj
 0001:00018c50       ?rethrow_exception@std@@YAXVexception_ptr@1@@Z 0000000180019c50 f i arena.obj
 0001:00018c70       ?throw_self@tbb_exception_ptr@internal@tbb@@QEAAXXZ 0000000180019c70 f i arena.obj
 0001:00018c90       ?occupy_free_slot_in_range@arena@internal@tbb@@QEAA_KAEAVgeneric_scheduler@23@_K1@Z 0000000180019c90 f   arena.obj
 0001:00018d80       ?process@arena@internal@tbb@@QEAAXAEAVgeneric_scheduler@23@@Z 0000000180019d80 f   arena.obj
 0001:00019110       ??0arena@internal@tbb@@QEAA@AEAVmarket@12@II@Z 000000018001a110 f   arena.obj
 0001:00019380       ??1?$padded@Uarena_base@internal@tbb@@$0IA@@internal@tbb@@QEAA@XZ 000000018001a380 f i arena.obj
 0001:000193b0       ?free_arena@arena@internal@tbb@@QEAAXXZ 000000018001a3b0 f   arena.obj
 0001:00019610       ?restore_priority_if_need@arena@internal@tbb@@AEAAXXZ 000000018001a610 f   arena.obj
 0001:000196c0       ?is_out_of_work@arena@internal@tbb@@QEAA_NXZ 000000018001a6c0 f   arena.obj
 0001:00019a90       ?enqueue_task@arena@internal@tbb@@QEAAXAEAVtask@3@_JAEAVFastRandom@23@@Z 000000018001aa90 f   arena.obj
 0001:00019b70       ??0nested_arena_context@internal@tbb@@QEAA@PEAVgeneric_scheduler@12@PEAVarena@12@_K_N3@Z 000000018001ab70 f i arena.obj
 0001:00019c80       ??1nested_arena_context@internal@tbb@@QEAA@XZ 000000018001ac80 f i arena.obj
 0001:00019d40       ?nested_arena_entry@generic_scheduler@internal@tbb@@QEAAXPEAVarena@23@_K@Z 000000018001ad40 f   arena.obj
 0001:0001a010       ?nested_arena_exit@generic_scheduler@internal@tbb@@QEAAXXZ 000000018001b010 f   arena.obj
 0001:0001a190       ??1auto_empty_task@internal@tbb@@QEAA@XZ 000000018001b190 f i arena.obj
 0001:0001a1c0       ?internal_initialize@task_arena_base@internal@interface7@tbb@@IEAAXXZ 000000018001b1c0 f   arena.obj
 0001:0001a580       ?internal_terminate@task_arena_base@internal@interface7@tbb@@IEAAXXZ 000000018001b580 f   arena.obj
 0001:0001a660       ?internal_attach@task_arena_base@internal@interface7@tbb@@IEAAXXZ 000000018001b660 f   arena.obj
 0001:0001a6e0       ?internal_enqueue@task_arena_base@internal@interface7@tbb@@IEBAXAEAVtask@4@_J@Z 000000018001b6e0 f   arena.obj
 0001:0001a730       ?execute@delegated_task@internal@interface7@tbb@@EEAAPEAVtask@4@XZ 000000018001b730 f i arena.obj
 0001:0001a800       ??_Gdelegated_task@internal@interface7@tbb@@EEAAPEAXI@Z 000000018001b800 f i arena.obj
 0001:0001a800       ??_Edelegated_task@internal@interface7@tbb@@EEAAPEAXI@Z 000000018001b800 f i * CIL library *:* CIL module *
 0001:0001a990       ?internal_execute@task_arena_base@internal@interface7@tbb@@IEBAXAEAVdelegate_base@234@@Z 000000018001b990 f   arena.obj
 0001:0001af90       ?execute@wait_task@internal@interface7@tbb@@EEAAPEAVtask@4@XZ 000000018001bf90 f i arena.obj
 0001:0001b000       ??_Ewait_task@internal@interface7@tbb@@UEAAPEAXI@Z 000000018001c000 f i * CIL library *:* CIL module *
 0001:0001b000       ??_Gwait_task@internal@interface7@tbb@@UEAAPEAXI@Z 000000018001c000 f i arena.obj
 0001:0001b000       ??_G?$function_task@Vspawn_functor@graph@interface10@flow@tbb@@@internal@tbb@@UEAAPEAXI@Z 000000018001c000 f i arena.obj
 0001:0001b000       ??_E?$function_task@Vspawn_functor@graph@interface10@flow@tbb@@@internal@tbb@@UEAAPEAXI@Z 000000018001c000 f i * CIL library *:* CIL module *
 0001:0001b030       ?internal_wait@task_arena_base@internal@interface7@tbb@@IEBAXXZ 000000018001c030 f   arena.obj
 0001:0001b410       ?internal_current_slot@task_arena_base@internal@interface7@tbb@@KAHXZ 000000018001c410 f   arena.obj
 0001:0001b440       ??1isolation_guard@internal@interface7@tbb@@QEAA@XZ 000000018001c440 f i arena.obj
 0001:0001b450       ?isolate_within_arena@internal@interface7@tbb@@YAXAEAVdelegate_base@123@_J@Z 000000018001c450 f   arena.obj
 0001:0001b550       ?internal_max_concurrency@task_arena_base@internal@interface7@tbb@@KAHPEBVtask_arena@34@@Z 000000018001c550 f   arena.obj
 0001:0001b650       ??1?$context_guard_helper@$00@internal@tbb@@QEAA@XZ 000000018001c650 f i scheduler.obj
 0001:0001b650       ??1?$context_guard_helper@$0A@@internal@tbb@@QEAA@XZ 000000018001c650 f i arena.obj
 0001:0001b670       ?execute@?$function_task@Vspawn_functor@graph@interface10@flow@tbb@@@internal@tbb@@EEAAPEAVtask@3@XZ 000000018001c670 f i arena.obj
 0001:0001b690       ?push@?$task_stream@$02@internal@tbb@@QEAAXPEAVtask@3@HAEAVFastRandom@23@@Z 000000018001c690 f i arena.obj
 0001:0001b820       ??1?$task_stream@$02@internal@tbb@@QEAA@XZ 000000018001c820 f i arena.obj
 0001:0001b8a0       ??0?$padded@U?$queue_and_mutex@PEAVtask@tbb@@Vspin_mutex@2@@internal@tbb@@$0IA@@internal@tbb@@QEAA@XZ 000000018001c8a0 f i arena.obj
 0001:0001b900       ??1?$padded@U?$queue_and_mutex@PEAVtask@tbb@@Vspin_mutex@2@@internal@tbb@@$0IA@@internal@tbb@@QEAA@XZ 000000018001c900 f i arena.obj
 0001:0001b9b0       ?_Growmap@?$deque@PEAVtask@tbb@@V?$tbb_allocator@PEAVtask@tbb@@@2@@std@@IEAAX_K@Z 000000018001c9b0 f i arena.obj
 0001:0001bbf0       ?_Xlen@?$deque@PEAVtask@tbb@@V?$tbb_allocator@PEAVtask@tbb@@@2@@std@@IEBAXXZ 000000018001cbf0 f i arena.obj
 0001:0001bc10       ??$advertise_new_work@$01@arena@internal@tbb@@QEAAXXZ 000000018001cc10 f i arena.obj
 0001:0001bcf0       ??$on_thread_leaving@$00@arena@internal@tbb@@QEAAXXZ 000000018001ccf0 f i arena.obj
 0001:0001bd80       ??$occupy_free_slot@$0A@@arena@internal@tbb@@QEAA_KAEAVgeneric_scheduler@12@@Z 000000018001cd80 f i arena.obj
 0001:0001be40       ?allocate_task_pool@arena_slot@internal@tbb@@QEAAX_K@Z 000000018001ce40 f i scheduler.obj
 0001:0001bed0       ??1scheduler@internal@tbb@@UEAA@XZ 000000018001ced0 f   scheduler.obj
 0001:0001bee0       ??0generic_scheduler@internal@tbb@@IEAA@AEAVmarket@12@@Z 000000018001cee0 f   scheduler.obj
 0001:0001c0d0       ??_E?$custom_scheduler@UDefaultSchedulerTraits@internal@tbb@@@internal@tbb@@UEAAPEAXI@Z 000000018001d0d0 f i * CIL library *:* CIL module *
 0001:0001c0d0       ??_G?$custom_scheduler@UIntelSchedulerTraits@internal@tbb@@@internal@tbb@@UEAAPEAXI@Z 000000018001d0d0 f i scheduler.obj
 0001:0001c0d0       ??_G?$custom_scheduler@UDefaultSchedulerTraits@internal@tbb@@@internal@tbb@@UEAAPEAXI@Z 000000018001d0d0 f i scheduler.obj
 0001:0001c0d0       ??_E?$custom_scheduler@UIntelSchedulerTraits@internal@tbb@@@internal@tbb@@UEAAPEAXI@Z 000000018001d0d0 f i * CIL library *:* CIL module *
 0001:0001c0d0       ??_Ggeneric_scheduler@internal@tbb@@UEAAPEAXI@Z 000000018001d0d0 f i scheduler.obj
 0001:0001c0d0       ??_Egeneric_scheduler@internal@tbb@@UEAAPEAXI@Z 000000018001d0d0 f i * CIL library *:* CIL module *
 0001:0001c100       ?free_scheduler@generic_scheduler@internal@tbb@@QEAAXXZ 000000018001d100 f   scheduler.obj
 0001:0001c2f0       ?allocate_task@generic_scheduler@internal@tbb@@QEAAAEAVtask@3@_KPEAV43@PEAVtask_group_context@3@@Z 000000018001d2f0 f   scheduler.obj
 0001:0001c420       ?free_nonlocal_small_task@generic_scheduler@internal@tbb@@QEAAXAEAVtask@3@@Z 000000018001d420 f   scheduler.obj
 0001:0001c4d0       ?prepare_task_pool@generic_scheduler@internal@tbb@@QEAA_K_K@Z 000000018001d4d0 f i scheduler.obj
 0001:0001c710       ?acquire_task_pool@generic_scheduler@internal@tbb@@QEBAXXZ 000000018001d710 f i scheduler.obj
 0001:0001c7d0       ?release_task_pool@generic_scheduler@internal@tbb@@QEBAXXZ 000000018001d7d0 f i scheduler.obj
 0001:0001c810       ?prepare_for_spawning@generic_scheduler@internal@tbb@@QEAAPEAVtask@3@PEAV43@@Z 000000018001d810 f i scheduler.obj
 0001:0001c960       ?local_spawn@generic_scheduler@internal@tbb@@QEAAXPEAVtask@3@AEAPEAV43@@Z 000000018001d960 f   scheduler.obj
 0001:0001cc60       ?spawn@generic_scheduler@internal@tbb@@UEAAXAEAVtask@3@AEAPEAV43@@Z 000000018001dc60 f   scheduler.obj
 0001:0001ccb0       ?spawn_root_and_wait@generic_scheduler@internal@tbb@@UEAAXAEAVtask@3@AEAPEAV43@@Z 000000018001dcb0 f   scheduler.obj
 0001:0001cdb0       ?enqueue@generic_scheduler@internal@tbb@@UEAAXAEAVtask@3@PEAX@Z 000000018001ddb0 f   scheduler.obj
 0001:0001ce10       ??1auto_indicator@internal@tbb@@QEAA@XZ 000000018001de10 f i scheduler.obj
 0001:0001ce20       ?get_task_and_activate_task_pool@generic_scheduler@internal@tbb@@QEAAPEAVtask@3@_K0_J@Z 000000018001de20 f   scheduler.obj
 0001:0001cf40       ?winnow_task_pool@generic_scheduler@internal@tbb@@QEAAPEAVtask@3@_J@Z 000000018001df40 f   scheduler.obj
 0001:0001d020       ?reload_tasks@generic_scheduler@internal@tbb@@QEAAPEAVtask@3@AEAPEAV43@AEAPEAPEAV43@_J2@Z 000000018001e020 f   scheduler.obj
 0001:0001d2d0       ?reload_tasks@generic_scheduler@internal@tbb@@QEAAPEAVtask@3@_J@Z 000000018001e2d0 f   scheduler.obj
 0001:0001d410       ?get_task@generic_scheduler@internal@tbb@@QEAAPEAVtask@3@_K_JAEA_N@Z 000000018001e410 f i scheduler.obj
 0001:0001d520       ?get_task@generic_scheduler@internal@tbb@@QEAAPEAVtask@3@_J@Z 000000018001e520 f i scheduler.obj
 0001:0001d790       ?steal_task@generic_scheduler@internal@tbb@@QEAAPEAVtask@3@AEAUarena_slot@23@_J@Z 000000018001e790 f   scheduler.obj
 0001:0001d980       ?get_mailbox_task@generic_scheduler@internal@tbb@@QEAAPEAVtask@3@_J@Z 000000018001e980 f   scheduler.obj
 0001:0001daf0       ?leave_task_pool@generic_scheduler@internal@tbb@@QEAAXXZ 000000018001eaf0 f i scheduler.obj
 0001:0001db50       ?create_master@generic_scheduler@internal@tbb@@SAPEAV123@PEAVarena@23@@Z 000000018001eb50 f   scheduler.obj
 0001:0001def0       ?cleanup_master@generic_scheduler@internal@tbb@@QEAA_N_N@Z 000000018001eef0 f   scheduler.obj
 0001:0001e0c0       ?copy_memory@?$fast_reverse_vector@PEAVtask@tbb@@$0BA@@internal@tbb@@QEBAXPEAPEAVtask@3@@Z 000000018001f0c0 f i scheduler.obj
 0001:0001e180       ??1?$fast_reverse_vector@PEAVtask@tbb@@$0BA@@internal@tbb@@QEAA@XZ 000000018001f180 f i scheduler.obj
 0001:0001e1e0       ?allocate_scheduler@?$custom_scheduler@UIntelSchedulerTraits@internal@tbb@@@internal@tbb@@SAPEAVgeneric_scheduler@23@AEAVmarket@23@@Z 000000018001f1e0 f i scheduler.obj
 0001:0001e270       ?wait_for_all@?$custom_scheduler@UIntelSchedulerTraits@internal@tbb@@@internal@tbb@@EEAAXAEAVtask@3@PEAV43@@Z 000000018001f270 f i scheduler.obj
 0001:0001e2c0       ?allocate_scheduler@?$custom_scheduler@UDefaultSchedulerTraits@internal@tbb@@@internal@tbb@@SAPEAVgeneric_scheduler@23@AEAVmarket@23@@Z 000000018001f2c0 f i scheduler.obj
 0001:0001e350       ?wait_for_all@?$custom_scheduler@UDefaultSchedulerTraits@internal@tbb@@@internal@tbb@@EEAAXAEAVtask@3@PEAV43@@Z 000000018001f350 f i scheduler.obj
 0001:0001e3a0       ?local_wait_for_all@?$custom_scheduler@UDefaultSchedulerTraits@internal@tbb@@@internal@tbb@@EEAAXAEAVtask@3@PEAV43@@Z 000000018001f3a0 f i scheduler.obj
 0001:0001eb10       ?receive_or_steal_task@?$custom_scheduler@UDefaultSchedulerTraits@internal@tbb@@@internal@tbb@@UEAAPEAVtask@3@AEA_J_J@Z 000000018001fb10 f i scheduler.obj
 0001:0001f3c0       ?local_wait_for_all@?$custom_scheduler@UIntelSchedulerTraits@internal@tbb@@@internal@tbb@@EEAAXAEAVtask@3@PEAV43@@Z 00000001800203c0 f i scheduler.obj
 0001:0001fbd0       ?receive_or_steal_task@?$custom_scheduler@UIntelSchedulerTraits@internal@tbb@@@internal@tbb@@UEAAPEAVtask@3@AEA_J_J@Z 0000000180020bd0 f i scheduler.obj
 0001:000203c0       ??$advertise_new_work@$0A@@arena@internal@tbb@@QEAAXXZ 00000001800213c0 f i scheduler.obj
 0001:00020470       ?tally_completion_of_predecessor@?$custom_scheduler@UDefaultSchedulerTraits@internal@tbb@@@internal@tbb@@AEAAXAEAVtask@3@AEAPEAV43@_J@Z 0000000180021470 f i scheduler.obj
 0001:000205b0       ?pop@?$task_stream@$02@internal@tbb@@QEAAPEAVtask@3@HAEAI@Z 00000001800215b0 f i scheduler.obj
 0001:000206e0       ?insert@observer_list@internal@tbb@@QEAAXPEAVobserver_proxy@23@@Z 00000001800216e0 f   observer_proxy.obj
 0001:00020770       ?remove_ref@observer_list@internal@tbb@@QEAAXPEAVobserver_proxy@23@@Z 0000000180021770 f   observer_proxy.obj
 0001:00020840       ?do_notify_exit_observers@observer_list@internal@tbb@@AEAAXPEAVobserver_proxy@23@_N@Z 0000000180021840 f   observer_proxy.obj
 0001:000209c0       ?observe@task_scheduler_observer_v3@internal@tbb@@QEAAX_N@Z 00000001800219c0 f   observer_proxy.obj
 0001:00020f10       ?remove_ref@__TBB_InitOnce@internal@tbb@@SAXXZ 0000000180021f10 f   tbb_main.obj
 0001:00020fd0       ?DoOneTimeInitializations@internal@tbb@@YAXXZ 0000000180021fd0 f   tbb_main.obj
 0001:00021410       DllMain                    0000000180022410 f   tbb_main.obj
 0001:000215f0       ?itt_store_pointer_with_release_v3@internal@tbb@@YAXPEAX0@Z 00000001800225f0 f   tbb_main.obj
 0001:00021630       ?itt_load_pointer_with_acquire_v3@internal@tbb@@YAPEAXPEBX@Z 0000000180022630 f   tbb_main.obj
 0001:00021650       ?call_itt_notify_v5@internal@tbb@@YAXHPEAX@Z 0000000180022650 f   tbb_main.obj
 0001:000216a0       ??$?CV__ExceptionPtr@@$0A@@?$shared_ptr@V__ExceptionPtr@@@std@@QEBAPEAV__ExceptionPtr@@XZ 00000001800226a0 f   libcpmt:excptptr.obj
 0001:000216a0       ?itt_load_pointer_v3@internal@tbb@@YAPEAXPEBX@Z 00000001800226a0 f   tbb_main.obj
 0001:000216b0       ?itt_set_sync_name_v3@internal@tbb@@YAXPEAXPEB_W@Z 00000001800226b0 f   tbb_main.obj
 0001:000216c0       ?is_first_arg_preferred@control_storage@internal@tbb@@MEBA_N_K0@Z 00000001800226c0 f i tbb_main.obj
 0001:000216d0       ?active_value@control_storage@internal@tbb@@MEBA_KXZ 00000001800226d0 f i tbb_main.obj
 0001:000216f0       ?default_value@allowed_parallelism_control@internal@tbb@@EEBA_KXZ 00000001800226f0 f i tbb_main.obj
 0001:000217c0       ?is_first_arg_preferred@allowed_parallelism_control@internal@tbb@@EEBA_N_K0@Z 00000001800227c0 f i tbb_main.obj
 0001:000217d0       ?apply_active@allowed_parallelism_control@internal@tbb@@EEBAXXZ 00000001800227d0 f i tbb_main.obj
 0001:000217e0       ?active_value@allowed_parallelism_control@internal@tbb@@EEBA_KXZ 00000001800227e0 f i tbb_main.obj
 0001:000218a0       ?default_value@stack_size_control@internal@tbb@@EEBA_KXZ 00000001800228a0 f i tbb_main.obj
 0001:000218b0       ?internal_create@global_control@interface9@tbb@@AEAAXXZ 00000001800228b0 f   tbb_main.obj
 0001:00021a20       ?internal_destroy@global_control@interface9@tbb@@AEAAXXZ 0000000180022a20 f   tbb_main.obj
 0001:00021bf0       ?active_value@global_control@interface9@tbb@@CA_KH@Z 0000000180022bf0 f   tbb_main.obj
 0001:00021ca0       ?internal_grow_to_at_least@concurrent_vector_base@internal@tbb@@IEAAX_K0P6AXPEAX0@Z@Z 0000000180022ca0 f   concurrent_vector_v2.obj
 0001:00021ce0       ?extend_segment_if_necessary@helper@concurrent_vector_base@internal@tbb@@SAXAEAV234@_K@Z 0000000180022ce0 f i concurrent_vector_v2.obj
 0001:00021db0       ?internal_capacity@concurrent_vector_base@internal@tbb@@IEBA_KXZ 0000000180022db0 f   concurrent_vector_v2.obj
 0001:00021e00       ?internal_reserve@concurrent_vector_base@internal@tbb@@IEAAX_K00@Z 0000000180022e00 f   concurrent_vector_v2.obj
 0001:00021f60       ?internal_copy@concurrent_vector_base@internal@tbb@@IEAAXAEBV123@_KP6AXPEAXPEBX1@Z@Z 0000000180022f60 f   concurrent_vector_v2.obj
 0001:00022090       ?internal_assign@concurrent_vector_base@internal@tbb@@IEAAXAEBV123@_KP6AXPEAX1@ZP6AX2PEBX1@Z5@Z 0000000180023090 f   concurrent_vector_v2.obj
 0001:00022280       ?internal_push_back@concurrent_vector_base@internal@tbb@@IEAAPEAX_KAEA_K@Z 0000000180023280 f   concurrent_vector_v2.obj
 0001:000223f0       ?internal_grow_by@concurrent_vector_base@internal@tbb@@IEAA_K_K0P6AXPEAX0@Z@Z 00000001800233f0 f   concurrent_vector_v2.obj
 0001:00022420       ?internal_grow@concurrent_vector_base@internal@tbb@@IEAAX_K00P6AXPEAX0@Z@Z 0000000180023420 f   concurrent_vector_v2.obj
 0001:000225d0       ?internal_clear@concurrent_vector_base@internal@tbb@@IEAAXP6AXPEAX_K@Z_N@Z 00000001800235d0 f   concurrent_vector_v2.obj
 0001:000226e0       ??1push_finalizer@micro_queue@internal@tbb@@QEAA@XZ 00000001800236e0 f i concurrent_queue_v2.obj
 0001:000226f0       ??1pop_finalizer@micro_queue@internal@tbb@@QEAA@XZ 00000001800236f0 f i concurrent_queue_v2.obj
 0001:000227c0       ?push@micro_queue@internal@tbb@@QEAAXPEBX_KAEAVconcurrent_queue_base@23@@Z 00000001800237c0 f   concurrent_queue_v2.obj
 0001:00022920       ?pop@micro_queue@internal@tbb@@QEAA_NPEAX_KAEAVconcurrent_queue_base@23@@Z 0000000180023920 f   concurrent_queue_v2.obj
 0001:00022aa0       ??0concurrent_queue_base@internal@tbb@@IEAA@_K@Z 0000000180023aa0 f   concurrent_queue_v2.obj
 0001:00022b70       ??_Gconcurrent_queue_base@internal@tbb@@MEAAPEAXI@Z 0000000180023b70 f i concurrent_queue_v2.obj
 0001:00022b70       ??_Econcurrent_queue_base@internal@tbb@@MEAAPEAXI@Z 0000000180023b70 f i * CIL library *:* CIL module *
 0001:00022c00       ??1concurrent_queue_base@internal@tbb@@MEAA@XZ 0000000180023c00 f   concurrent_queue_v2.obj
 0001:00022c70       ?internal_push@concurrent_queue_base@internal@tbb@@IEAAXPEBX@Z 0000000180023c70 f   concurrent_queue_v2.obj
 0001:00022d40       ?internal_pop@concurrent_queue_base@internal@tbb@@IEAAXPEAX@Z 0000000180023d40 f   concurrent_queue_v2.obj
 0001:00022da0       ?internal_pop_if_present@concurrent_queue_base@internal@tbb@@IEAA_NPEAX@Z 0000000180023da0 f   concurrent_queue_v2.obj
 0001:00022e60       ?internal_push_if_not_full@concurrent_queue_base@internal@tbb@@IEAA_NPEBX@Z 0000000180023e60 f   concurrent_queue_v2.obj
 0001:00022f30       ?internal_size@concurrent_queue_base@internal@tbb@@IEBA_JXZ 0000000180023f30 f   concurrent_queue_v2.obj
 0001:00022f50       ??0concurrent_queue_iterator_base@internal@tbb@@IEAA@AEBVconcurrent_queue_base@12@@Z 0000000180023f50 f   concurrent_queue_v2.obj
 0001:00023030       ?assign@concurrent_queue_iterator_base@internal@tbb@@IEAAXAEBV123@@Z 0000000180024030 f   concurrent_queue_v2.obj
 0001:000230d0       ?advance@concurrent_queue_iterator_base@internal@tbb@@IEAAXXZ 00000001800240d0 f   concurrent_queue_v2.obj
 0001:00023170       ??1concurrent_queue_iterator_base@internal@tbb@@IEAA@XZ 0000000180024170 f   concurrent_queue_v2.obj
 0001:000231a0       ?internal_itt_releasing@spin_rw_mutex@tbb@@CAXPEAV12@@Z 00000001800241a0 f   spin_rw_mutex_v2.obj
 0001:000231b0       ?internal_release_writer@spin_rw_mutex@tbb@@CAXPEAV12@@Z 00000001800241b0 f   spin_rw_mutex_v2.obj
 0001:000231f0       ?internal_acquire_reader@spin_rw_mutex@tbb@@CAXPEAV12@@Z 00000001800241f0 f   spin_rw_mutex_v2.obj
 0001:000232a0       ?internal_upgrade@spin_rw_mutex@tbb@@CA_NPEAV12@@Z 00000001800242a0 f   spin_rw_mutex_v2.obj
 0001:00023460       ?internal_downgrade@spin_rw_mutex@tbb@@CAXPEAV12@@Z 0000000180024460 f   spin_rw_mutex_v2.obj
 0001:000234a0       ?internal_try_acquire_reader@spin_rw_mutex@tbb@@CA_NPEAV12@@Z 00000001800244a0 f   spin_rw_mutex_v2.obj
 0001:00023520       ?destroy@task@tbb@@QEAAXAEAV12@@Z 0000000180024520 f   task_v2.obj
 0001:00023530       __TBB_machine_fetchadd1    0000000180024530     atomic_support.obj
 0001:00023538       __TBB_machine_fetchstore1  0000000180024538     atomic_support.obj
 0001:00023540       __TBB_machine_cmpswp1      0000000180024540     atomic_support.obj
 0001:00023548       __TBB_machine_fetchadd2    0000000180024548     atomic_support.obj
 0001:00023558       __TBB_machine_fetchstore2  0000000180024558     atomic_support.obj
 0001:00023560       __TBB_machine_cmpswp2      0000000180024560     atomic_support.obj
 0001:00023570       __TBB_machine_pause        0000000180024570     atomic_support.obj
 0001:00023580       __TBB_get_cpu_ctl_env      0000000180024580     intel64_misc.obj
 0001:00023588       __TBB_set_cpu_ctl_env      0000000180024588     intel64_misc.obj
 0001:00023590       __TBB_machine_try_lock_elided 0000000180024590     itsx.obj
 0001:000235a0       __TBB_machine_unlock_elided 00000001800245a0     itsx.obj
 0001:000235a8       __TBB_machine_begin_transaction 00000001800245a8     itsx.obj
 0001:000235b8       __TBB_machine_end_transaction 00000001800245b8     itsx.obj
 0001:000235c0       __TBB_machine_transaction_conflict_abort 00000001800245c0     itsx.obj
 0001:000235c8       __TBB_machine_is_in_transaction 00000001800245c8     itsx.obj
 0001:000235d4       ??$allocate_shared@V__ExceptionPtr@@U?$_StaticAllocator@H@@AEAPEAUEHExceptionRecord@@_N@std@@YA?AV?$shared_ptr@V__ExceptionPtr@@@0@AEBU?$_StaticAllocator@H@@AEAPEAUEHExceptionRecord@@$$QEA_N@Z 00000001800245d4 f i libcpmt:excptptr.obj
 0001:00023668       ??$make_shared@V__ExceptionPtr@@AEAPEAUEHExceptionRecord@@_N@std@@YA?AV?$shared_ptr@V__ExceptionPtr@@@0@AEAPEAUEHExceptionRecord@@$$QEA_N@Z 0000000180024668 f i libcpmt:excptptr.obj
 0001:000236f8       ??0__ExceptionPtr@@QEAA@PEBUEHExceptionRecord@@_N@Z 00000001800246f8 f   libcpmt:excptptr.obj
 0001:00023878       ??0bad_exception@std@@QEAA@AEBV01@@Z 0000000180024878 f i libcpmt:excptptr.obj
 0001:000238b8       ??0bad_exception@std@@QEAA@XZ 00000001800248b8 f i libcpmt:excptptr.obj
 0001:000238d8       ??1__ExceptionPtr@@QEAA@XZ 00000001800248d8 f   libcpmt:excptptr.obj
 0001:00023990       ??4?$shared_ptr@V__ExceptionPtr@@@std@@QEAAAEAV01@$$QEAV01@@Z 0000000180024990 f i libcpmt:excptptr.obj
 0001:00023a0c       ??_G?$_Ref_count_obj@V__ExceptionPtr@@@std@@UEAAPEAXI@Z 0000000180024a0c f i libcpmt:excptptr.obj
 0001:00023a0c       ??_E?$_Ref_count_obj_alloc@V__ExceptionPtr@@U?$_StaticAllocator@H@@@std@@UEAAPEAXI@Z 0000000180024a0c f i libcpmt:excptptr.obj
 0001:00023a0c       ??_E?$_Ref_count_obj@V__ExceptionPtr@@@std@@UEAAPEAXI@Z 0000000180024a0c f i libcpmt:excptptr.obj
 0001:00023a0c       ??_G?$_Ref_count_obj_alloc@V__ExceptionPtr@@U?$_StaticAllocator@H@@@std@@UEAAPEAXI@Z 0000000180024a0c f i libcpmt:excptptr.obj
 0001:00023a30       ??_G?$shared_ptr@V__ExceptionPtr@@@std@@QEAAPEAXI@Z 0000000180024a30 f i libcpmt:excptptr.obj
 0001:00023aac       ??_G__non_rtti_object@std@@UEAAPEAXI@Z 0000000180024aac f i libvcruntime:rtti.obj
 0001:00023aac       ??_Ebad_cast@std@@UEAAPEAXI@Z 0000000180024aac f i libvcruntime:rtti.obj
 0001:00023aac       ??_E__non_rtti_object@std@@UEAAPEAXI@Z 0000000180024aac f i libvcruntime:rtti.obj
 0001:00023aac       ??_Gbad_array_new_length@std@@UEAAPEAXI@Z 0000000180024aac f i LIBCMT:throw_bad_alloc.obj
 0001:00023aac       ??_Ebad_exception@std@@UEAAPEAXI@Z 0000000180024aac f i libcpmt:excptptr.obj
 0001:00023aac       ??_Ebad_typeid@std@@UEAAPEAXI@Z 0000000180024aac f i libvcruntime:rtti.obj
 0001:00023aac       ??_Gbad_cast@std@@UEAAPEAXI@Z 0000000180024aac f i libvcruntime:rtti.obj
 0001:00023aac       ??_Gbad_exception@std@@UEAAPEAXI@Z 0000000180024aac f i libcpmt:excptptr.obj
 0001:00023aac       ??_Ebad_array_new_length@std@@UEAAPEAXI@Z 0000000180024aac f i LIBCMT:throw_bad_alloc.obj
 0001:00023aac       ??_Gbad_typeid@std@@UEAAPEAXI@Z 0000000180024aac f i libvcruntime:rtti.obj
 0001:00023af0       ?_CallCopyCtor@__ExceptionPtr@@AEBAXPEAX0_KQEBU_s_CatchableType@@@Z 0000000180024af0 f   libcpmt:excptptr.obj
 0001:00023bdc       ?_CallMemberFunction0@@YAXQEAX0@Z 0000000180024bdc f i libcpmt:excptptr.obj
 0001:00023be0       ?_CallMemberFunction1@@YAXQEAX00@Z 0000000180024be0 f i libcpmt:excptptr.obj
 0001:00023bec       ?_CallMemberFunction2@@YAXQEAX00H@Z 0000000180024bec f i libcpmt:excptptr.obj
 0001:00023bfc       ?_CopyException@__ExceptionPtr@@SA?AV?$shared_ptr@V__ExceptionPtr@@@std@@PEBXPEBU_s_ThrowInfo@@@Z 0000000180024bfc f   libcpmt:excptptr.obj
 0001:00023c54       ?_CurrentException@__ExceptionPtr@@SA?AV?$shared_ptr@V__ExceptionPtr@@@std@@XZ 0000000180024c54 f   libcpmt:excptptr.obj
 0001:00023cd8       ?_Delete_this@?$_Ref_count_obj@V__ExceptionPtr@@@std@@EEAAXXZ 0000000180024cd8 f i libcpmt:excptptr.obj
 0001:00023cf8       ?_Delete_this@?$_Ref_count_obj_alloc@V__ExceptionPtr@@U?$_StaticAllocator@H@@@std@@EEAAXXZ 0000000180024cf8 f i libcpmt:excptptr.obj
 0001:00023d08       ?_Destroy@?$_Ref_count_obj_alloc@V__ExceptionPtr@@U?$_StaticAllocator@H@@@std@@EEAAXXZ 0000000180024d08 f i libcpmt:excptptr.obj
 0001:00023d08       ?_Destroy@?$_Ref_count_obj@V__ExceptionPtr@@@std@@EEAAXXZ 0000000180024d08 f i libcpmt:excptptr.obj
 0001:00023d14       ?_InitBadAllocException@__ExceptionPtr@@CA?AV?$shared_ptr@V__ExceptionPtr@@@std@@XZ 0000000180024d14 f   libcpmt:excptptr.obj
 0001:00023dac       ?_PlacementInitBadAllocException@__ExceptionPtr@@CAHPEAX0PEAPEAX@Z 0000000180024dac f i libcpmt:excptptr.obj
 0001:00023dcc       ?_PopulateExceptionRecord@__ExceptionPtr@@SAPEAUEHExceptionRecord@@AEAU2@PEBXPEBU_s_ThrowInfo@@@Z 0000000180024dcc f   libcpmt:excptptr.obj
 0001:00023e5c       ?_RethrowException@__ExceptionPtr@@QEBAXXZ 0000000180024e5c f   libcpmt:excptptr.obj
 0001:00024090       ?__ExceptionPtrCopy@@YAXPEAXPEBX@Z 0000000180025090 f   libcpmt:excptptr.obj
 0001:000240b8       ?__ExceptionPtrCopyException@@YAXPEAXPEBX1@Z 00000001800250b8 f   libcpmt:excptptr.obj
 0001:00024120       ?__ExceptionPtrCreate@@YAXPEAX@Z 0000000180025120 f   libcpmt:excptptr.obj
 0001:0002412c       ?__ExceptionPtrCurrentException@@YAXPEAX@Z 000000018002512c f   libcpmt:excptptr.obj
 0001:000241b4       ?__ExceptionPtrDestroy@@YAXPEAX@Z 00000001800251b4 f   libcpmt:excptptr.obj
 0001:000241bc       ?__ExceptionPtrRethrow@@YAXPEBX@Z 00000001800251bc f   libcpmt:excptptr.obj
 0001:000241d0       ?_Xlength_error@std@@YAXPEBD@Z 00000001800251d0 f   libcpmt:xthrow.obj
 0001:000241f4       ?_Execute_once@std@@YAHAEAUonce_flag@1@P6AHPEAX1PEAPEAX@Z1@Z 00000001800251f4 f   libcpmt:xonce.obj
 0001:000246cc       __crtInitOnceExecuteOnce   00000001800256cc f   libcpmt:winapisupp.obj
 0001:000247b0       __security_check_cookie    00000001800257b0 f   LIBCMT:_amdsecgs_.obj
 0001:000247d4       ??3@YAXPEAX_K@Z            00000001800257d4 f   LIBCMT:delete_scalar_size.obj
 0001:000247d4       ??_V@YAXPEAX@Z             00000001800257d4 f   LIBCMT:delete_array.obj
 0001:000247dc       ??_Etype_info@@UEAAPEAXI@Z 00000001800257dc f i LIBCMT:std_type_info_static.obj
 0001:000247dc       ??_Gtype_info@@UEAAPEAXI@Z 00000001800257dc f i LIBCMT:std_type_info_static.obj
 0001:00024808       __raise_securityfailure    0000000180025808 f   LIBCMT:gs_report.obj
 0001:0002483c       __report_gsfailure         000000018002583c f   LIBCMT:gs_report.obj
 0001:00024910       __report_rangecheckfailure 0000000180025910 f   LIBCMT:gs_report.obj
 0001:00024924       __report_securityfailure   0000000180025924 f   LIBCMT:gs_report.obj
 0001:00024aa4       ??2@YAPEAX_K@Z             0000000180025aa4 f   LIBCMT:new_scalar.obj
 0001:00024ae0       ?__scrt_initialize_type_info@@YAXXZ 0000000180025ae0 f   LIBCMT:tncleanup.obj
 0001:00024af0       ?__scrt_uninitialize_type_info@@YAXXZ 0000000180025af0 f   LIBCMT:tncleanup.obj
 0001:00024afc       ??_V@YAXPEAX_K@Z           0000000180025afc f   LIBCMT:delete_array_size.obj
 0001:00024b04       ??_M@YAXPEAX_K1P6AX0@Z@Z   0000000180025b04 f   LIBCMT:ehvecdtr.obj
 0001:00024b70       ?__ArrayUnwind@@YAXPEAX_K1P6AX0@Z@Z 0000000180025b70 f   LIBCMT:ehvecdtr.obj
 0001:00024bd4       ??_U@YAPEAX_K@Z            0000000180025bd4 f   LIBCMT:new_array.obj
 0001:00024bdc       ??_L@YAXPEAX_K1P6AX0@Z2@Z  0000000180025bdc f   LIBCMT:ehvecctr.obj
 0001:00024c4c       __scrt_acquire_startup_lock 0000000180025c4c f   LIBCMT:utility.obj
 0001:00024c88       __scrt_dllmain_after_initialize_c 0000000180025c88 f   LIBCMT:utility.obj
 0001:00024cbc       __scrt_dllmain_before_initialize_c 0000000180025cbc f   LIBCMT:utility.obj
 0001:00024cd4       __scrt_dllmain_crt_thread_attach 0000000180025cd4 f   LIBCMT:utility.obj
 0001:00024cfc       __scrt_dllmain_crt_thread_detach 0000000180025cfc f   LIBCMT:utility.obj
 0001:00024d14       __scrt_dllmain_exception_filter 0000000180025d14 f   LIBCMT:utility.obj
 0001:00024d74       __scrt_dllmain_uninitialize_c 0000000180025d74 f   LIBCMT:utility.obj
 0001:00024da4       __scrt_dllmain_uninitialize_critical 0000000180025da4 f   LIBCMT:utility.obj
 0001:00024db8       __scrt_initialize_crt      0000000180025db8 f   LIBCMT:utility.obj
 0001:00024e04       __scrt_initialize_onexit_tables 0000000180025e04 f   LIBCMT:utility.obj
 0001:00024ee0       __scrt_is_nonwritable_in_current_image 0000000180025ee0 f   LIBCMT:utility.obj
 0001:00024f7c       __scrt_release_startup_lock 0000000180025f7c f   LIBCMT:utility.obj
 0001:00024fa0       __scrt_uninitialize_crt    0000000180025fa0 f   LIBCMT:utility.obj
 0001:00024fcc       _onexit                    0000000180025fcc f   LIBCMT:utility.obj
 0001:0002501c       atexit                     000000018002601c f   LIBCMT:utility.obj
 0001:00025034       ??3@YAXPEAX@Z              0000000180026034 f   LIBCMT:delete_scalar.obj
 0001:0002535c       _DllMainCRTStartup         000000018002635c f   LIBCMT:dll_dllmain.obj
 0001:0002539c       __GSHandlerCheck           000000018002639c f   LIBCMT:_gshandler_.obj
 0001:000253bc       __GSHandlerCheckCommon     00000001800263bc f   LIBCMT:_gshandler_.obj
 0001:00025430       __chkstk                   0000000180026430 f   LIBCMT:_chkstk_.obj
 0001:00025430       _alloca_probe              0000000180026430 f   LIBCMT:_chkstk_.obj
 0001:00025484       __GSHandlerCheck_EH        0000000180026484 f   LIBCMT:gshandlereh.obj
 0001:00025504       ??0bad_array_new_length@std@@QEAA@AEBV01@@Z 0000000180026504 f i LIBCMT:throw_bad_alloc.obj
 0001:00025544       ??0bad_array_new_length@std@@QEAA@XZ 0000000180026544 f i LIBCMT:throw_bad_alloc.obj
 0001:00025564       ?__scrt_throw_std_bad_alloc@@YAXXZ 0000000180026564 f   LIBCMT:throw_bad_alloc.obj
 0001:00025584       ?__scrt_throw_std_bad_array_new_length@@YAXXZ 0000000180026584 f   LIBCMT:throw_bad_alloc.obj
 0001:000255a4       __isa_available_init       00000001800265a4 f   LIBCMT:_cpu_disp_.obj
 0001:00025760       __scrt_is_ucrt_dll_in_use  0000000180026760 f   LIBCMT:ucrt_detection.obj
 0001:0002576c       __crt_debugger_hook        000000018002676c f   LIBCMT:utility_desktop.obj
 0001:00025774       __scrt_fastfail            0000000180026774 f   LIBCMT:utility_desktop.obj
 0001:000258c0       __security_init_cookie     00000001800268c0 f   LIBCMT:gs_support.obj
 0001:00025970       __local_stdio_scanf_options 0000000180026970 f i LIBCMT:default_local_stdio_options.obj
 0001:00025978       __scrt_initialize_default_local_stdio_options 0000000180026978 f   LIBCMT:default_local_stdio_options.obj
 0001:00025994       __scrt_get_dyn_tls_init_callback 0000000180026994 f   LIBCMT:dyn_tls_init.obj
[...]
 0004:00003a44       $pdata$??$advertise_new_work@$0A@@arena@internal@tbb@@QEAAXXZ 0000000180067a44     scheduler.obj
 0004:00003a50       $pdata$?receive_or_steal_task@?$custom_scheduler@UIntelSchedulerTraits@internal@tbb@@@internal@tbb@@UEAAPEAVtask@3@AEA_J_J@Z 0000000180067a50     scheduler.obj
 0004:00003a5c       $pdata$?local_wait_for_all@?$custom_scheduler@UIntelSchedulerTraits@internal@tbb@@@internal@tbb@@EEAAXAEAVtask@3@PEAV43@@Z 0000000180067a5c     scheduler.obj
 0004:00003a68       $pdata$?catch$1@?0??local_wait_for_all@?$custom_scheduler@UIntelSchedulerTraits@internal@tbb@@@internal@tbb@@EEAAXAEAVtask@3@PEAV43@@Z@4HA 0000000180067a68     scheduler.obj
 0004:00003a74       $pdata$?catch$2@?0??local_wait_for_all@?$custom_scheduler@UIntelSchedulerTraits@internal@tbb@@@internal@tbb@@EEAAXAEAVtask@3@PEAV43@@Z@4HA 0000000180067a74     scheduler.obj
 0004:00003a80       $pdata$?catch$3@?0??local_wait_for_all@?$custom_scheduler@UIntelSchedulerTraits@internal@tbb@@@internal@tbb@@EEAAXAEAVtask@3@PEAV43@@Z@4HA 0000000180067a80     scheduler.obj
 0004:00003a8c       $pdata$?receive_or_steal_task@?$custom_scheduler@UDefaultSchedulerTraits@internal@tbb@@@internal@tbb@@UEAAPEAVtask@3@AEA_J_J@Z 0000000180067a8c     scheduler.obj
 0004:00003a98       $pdata$?local_wait_for_all@?$custom_scheduler@UDefaultSchedulerTraits@internal@tbb@@@internal@tbb@@EEAAXAEAVtask@3@PEAV43@@Z 0000000180067a98     scheduler.obj
 0004:00003aa4       $pdata$?catch$1@?0??local_wait_for_all@?$custom_scheduler@UDefaultSchedulerTraits@internal@tbb@@@internal@tbb@@EEAAXAEAVtask@3@PEAV43@@Z@4HA 0000000180067aa4     scheduler.obj
 0004:00003ab0       $pdata$?catch$2@?0??local_wait_for_all@?$custom_scheduler@UDefaultSchedulerTraits@internal@tbb@@@internal@tbb@@EEAAXAEAVtask@3@PEAV43@@Z@4HA 0000000180067ab0     scheduler.obj
 0004:00003abc       $pdata$?catch$3@?0??local_wait_for_all@?$custom_scheduler@UDefaultSchedulerTraits@internal@tbb@@@internal@tbb@@EEAAXAEAVtask@3@PEAV43@@Z@4HA 0000000180067abc     scheduler.obj
 0004:00003ac8       $pdata$??_G?$custom_scheduler@UDefaultSchedulerTraits@internal@tbb@@@internal@tbb@@UEAAPEAXI@Z 0000000180067ac8     scheduler.obj
 0004:00003ac8       $pdata$??_G?$custom_scheduler@UIntelSchedulerTraits@internal@tbb@@@internal@tbb@@UEAAPEAXI@Z 0000000180067ac8     scheduler.obj
 0004:00003ac8       $pdata$??_Ggeneric_scheduler@internal@tbb@@UEAAPEAXI@Z 0000000180067ac8     scheduler.obj
 0004:00003ad4       $pdata$?wait_for_all@?$custom_scheduler@UDefaultSchedulerTraits@internal@tbb@@@internal@tbb@@EEAAXAEAVtask@3@PEAV43@@Z 0000000180067ad4     scheduler.obj
 0004:00003ae0       $pdata$?allocate_scheduler@?$custom_scheduler@UDefaultSchedulerTraits@internal@tbb@@@internal@tbb@@SAPEAVgeneric_scheduler@23@AEAVmarket@23@@Z 0000000180067ae0     scheduler.obj
 0004:00003aec       $pdata$?wait_for_all@?$custom_scheduler@UIntelSchedulerTraits@internal@tbb@@@internal@tbb@@EEAAXAEAVtask@3@PEAV43@@Z 0000000180067aec     scheduler.obj
 0004:00003af8       $pdata$?allocate_scheduler@?$custom_scheduler@UIntelSchedulerTraits@internal@tbb@@@internal@tbb@@SAPEAVgeneric_scheduler@23@AEAVmarket@23@@Z 0000000180067af8     scheduler.obj
 0004:00003b04       $pdata$??1?$fast_reverse_vector@PEAVtask@tbb@@$0BA@@internal@tbb@@QEAA@XZ 0000000180067b04     scheduler.obj
 0004:00003b10       $pdata$?copy_memory@?$fast_reverse_vector@PEAVtask@tbb@@$0BA@@internal@tbb@@QEBAXPEAPEAVtask@3@@Z 0000000180067b10     scheduler.obj
 0004:00003b1c       $pdata$0$?copy_memory@?$fast_reverse_vector@PEAVtask@tbb@@$0BA@@internal@tbb@@QEBAXPEAPEAVtask@3@@Z 0000000180067b1c     scheduler.obj
 0004:00003b28       $pdata$1$?copy_memory@?$fast_reverse_vector@PEAVtask@tbb@@$0BA@@internal@tbb@@QEBAXPEAPEAVtask@3@@Z 0000000180067b28     scheduler.obj
 0004:00003b34       $pdata$?leave_task_pool@generic_scheduler@internal@tbb@@QEAAXXZ 0000000180067b34     scheduler.obj
 0004:00003b40       $pdata$?get_mailbox_task@generic_scheduler@internal@tbb@@QEAAPEAVtask@3@_J@Z 0000000180067b40     scheduler.obj
 0004:00003b4c       $pdata$?steal_task@generic_scheduler@internal@tbb@@QEAAPEAVtask@3@AEAUarena_slot@23@_J@Z 0000000180067b4c     scheduler.obj
 0004:00003b58       $pdata$1$?steal_task@generic_scheduler@internal@tbb@@QEAAPEAVtask@3@AEAUarena_slot@23@_J@Z 0000000180067b58     scheduler.obj
 0004:00003b64       $pdata$2$?steal_task@generic_scheduler@internal@tbb@@QEAAPEAVtask@3@AEAUarena_slot@23@_J@Z 0000000180067b64     scheduler.obj
 0004:00003b70       $pdata$3$?steal_task@generic_scheduler@internal@tbb@@QEAAPEAVtask@3@AEAUarena_slot@23@_J@Z 0000000180067b70     scheduler.obj
 0004:00003b7c       $pdata$?get_task@generic_scheduler@internal@tbb@@QEAAPEAVtask@3@_J@Z 0000000180067b7c     scheduler.obj
 0004:00003b88       $pdata$?get_task@generic_scheduler@internal@tbb@@QEAAPEAVtask@3@_K_JAEA_N@Z 0000000180067b88     scheduler.obj
 0004:00003b94       $pdata$?reload_tasks@generic_scheduler@internal@tbb@@QEAAPEAVtask@3@_J@Z 0000000180067b94     scheduler.obj
 0004:00003ba0       $pdata$2$?reload_tasks@generic_scheduler@internal@tbb@@QEAAPEAVtask@3@_J@Z 0000000180067ba0     scheduler.obj
 0004:00003bac       $pdata$3$?reload_tasks@generic_scheduler@internal@tbb@@QEAAPEAVtask@3@_J@Z 0000000180067bac     scheduler.obj
 0004:00003bb8       $pdata$?reload_tasks@generic_scheduler@internal@tbb@@QEAAPEAVtask@3@AEAPEAV43@AEAPEAPEAV43@_J2@Z 0000000180067bb8     scheduler.obj
 0004:00003bc4       $pdata$?winnow_task_pool@generic_scheduler@internal@tbb@@QEAAPEAVtask@3@_J@Z 0000000180067bc4     scheduler.obj
 0004:00003bd0       $pdata$?get_task_and_activate_task_pool@generic_scheduler@internal@tbb@@QEAAPEAVtask@3@_K0_J@Z 0000000180067bd0     scheduler.obj
 0004:00003bdc       $pdata$?enqueue@generic_scheduler@internal@tbb@@UEAAXAEAVtask@3@PEAX@Z 0000000180067bdc     scheduler.obj
 0004:00003be8       $pdata$?spawn_root_and_wait@generic_scheduler@internal@tbb@@UEAAXAEAVtask@3@AEAPEAV43@@Z 0000000180067be8     scheduler.obj
 0004:00003bf4       $pdata$?spawn@generic_scheduler@internal@tbb@@UEAAXAEAVtask@3@AEAPEAV43@@Z 0000000180067bf4     scheduler.obj
 0004:00003c00       $pdata$?prepare_for_spawning@generic_scheduler@internal@tbb@@QEAAPEAVtask@3@PEAV43@@Z 0000000180067c00     scheduler.obj
 0004:00003c0c       $pdata$1$?prepare_for_spawning@generic_scheduler@internal@tbb@@QEAAPEAVtask@3@PEAV43@@Z 0000000180067c0c     scheduler.obj
 0004:00003c18       $pdata$2$?prepare_for_spawning@generic_scheduler@internal@tbb@@QEAAPEAVtask@3@PEAV43@@Z 0000000180067c18     scheduler.obj
 0004:00003c24       $pdata$?release_task_pool@generic_scheduler@internal@tbb@@QEBAXXZ 0000000180067c24     scheduler.obj
 0004:00003c30       $pdata$?acquire_task_pool@generic_scheduler@internal@tbb@@QEBAXXZ 0000000180067c30     scheduler.obj
 0004:00003c3c       $pdata$2$?acquire_task_pool@generic_scheduler@internal@tbb@@QEBAXXZ 0000000180067c3c     scheduler.obj
 0004:00003c48       $pdata$3$?acquire_task_pool@generic_scheduler@internal@tbb@@QEBAXXZ 0000000180067c48     scheduler.obj
 0004:00003c54       $pdata$?prepare_task_pool@generic_scheduler@internal@tbb@@QEAA_K_K@Z 0000000180067c54     scheduler.obj
 0004:00003c60       $pdata$3$?prepare_task_pool@generic_scheduler@internal@tbb@@QEAA_K_K@Z 0000000180067c60     scheduler.obj
 0004:00003c6c       $pdata$4$?prepare_task_pool@generic_scheduler@internal@tbb@@QEAA_K_K@Z 0000000180067c6c     scheduler.obj
 0004:00003c78       $pdata$5$?prepare_task_pool@generic_scheduler@internal@tbb@@QEAA_K_K@Z 0000000180067c78     scheduler.obj
 0004:00003c84       $pdata$6$?prepare_task_pool@generic_scheduler@internal@tbb@@QEAA_K_K@Z 0000000180067c84     scheduler.obj
 0004:00003c90       $pdata$7$?prepare_task_pool@generic_scheduler@internal@tbb@@QEAA_K_K@Z 0000000180067c90     scheduler.obj
 0004:00003c9c       $pdata$?free_scheduler@generic_scheduler@internal@tbb@@QEAAXXZ 0000000180067c9c     scheduler.obj
 0004:00003ca8       $pdata$0$?free_scheduler@generic_scheduler@internal@tbb@@QEAAXXZ 0000000180067ca8     scheduler.obj
 0004:00003cb4       $pdata$3$?free_scheduler@generic_scheduler@internal@tbb@@QEAAXXZ 0000000180067cb4     scheduler.obj
 0004:00003cc0       $pdata$4$?free_scheduler@generic_scheduler@internal@tbb@@QEAAXXZ 0000000180067cc0     scheduler.obj
 0004:00003ccc       $pdata$5$?free_scheduler@generic_scheduler@internal@tbb@@QEAAXXZ 0000000180067ccc     scheduler.obj
 0004:00003cd8       $pdata$6$?free_scheduler@generic_scheduler@internal@tbb@@QEAAXXZ 0000000180067cd8     scheduler.obj
 0004:00003ce4       $pdata$??0generic_scheduler@internal@tbb@@IEAA@AEAVmarket@12@@Z 0000000180067ce4     scheduler.obj
 0004:00003cf0       $pdata$?allocate_task_pool@arena_slot@internal@tbb@@QEAAX_K@Z 0000000180067cf0     scheduler.obj
 0004:00003cfc       $pdata$?cleanup_master@generic_scheduler@internal@tbb@@QEAA_N_N@Z 0000000180067cfc     scheduler.obj
 0004:00003d08       $pdata$?create_master@generic_scheduler@internal@tbb@@SAPEAV123@PEAVarena@23@@Z 0000000180067d08     scheduler.obj
 0004:00003d14       $pdata$?free_nonlocal_small_task@generic_scheduler@internal@tbb@@QEAAXAEAVtask@3@@Z 0000000180067d14     scheduler.obj
 0004:00003d20       $pdata$?allocate_task@generic_scheduler@internal@tbb@@QEAAAEAVtask@3@_KPEAV43@PEAVtask_group_context@3@@Z 0000000180067d20     scheduler.obj
 0004:00003d2c       $pdata$?local_spawn@generic_scheduler@internal@tbb@@QEAAXPEAVtask@3@AEAPEAV43@@Z 0000000180067d2c     scheduler.obj
 0004:00003d38       $pdata$?observe@task_scheduler_observer_v3@internal@tbb@@QEAAX_N@Z 0000000180067d38     observer_proxy.obj
 0004:00003d44       $pdata$?remove_ref@observer_list@internal@tbb@@QEAAXPEAVobserver_proxy@23@@Z 0000000180067d44     observer_proxy.obj
 0004:00003d50       $pdata$?insert@observer_list@internal@tbb@@QEAAXPEAVobserver_proxy@23@@Z 0000000180067d50     observer_proxy.obj
 0004:00003d5c       $pdata$?do_notify_exit_observers@observer_list@internal@tbb@@AEAAXPEAVobserver_proxy@23@_N@Z 0000000180067d5c     observer_proxy.obj
 0004:00003d68       $pdata$?internal_destroy@global_control@interface9@tbb@@AEAAXXZ 0000000180067d68     tbb_main.obj
 0004:00003d74       $pdata$?internal_create@global_control@interface9@tbb@@AEAAXXZ 0000000180067d74     tbb_main.obj
 0004:00003d80       $pdata$?active_value@allowed_parallelism_control@internal@tbb@@EEBA_KXZ 0000000180067d80     tbb_main.obj
 0004:00003d8c       $pdata$1$?active_value@allowed_parallelism_control@internal@tbb@@EEBA_KXZ 0000000180067d8c     tbb_main.obj
 0004:00003d98       $pdata$2$?active_value@allowed_parallelism_control@internal@tbb@@EEBA_KXZ 0000000180067d98     tbb_main.obj
 0004:00003da4       $pdata$?default_value@allowed_parallelism_control@internal@tbb@@EEBA_KXZ 0000000180067da4     tbb_main.obj
 0004:00003db0       $pdata$0$?default_value@allowed_parallelism_control@internal@tbb@@EEBA_KXZ 0000000180067db0     tbb_main.obj
 0004:00003dbc       $pdata$1$?default_value@allowed_parallelism_control@internal@tbb@@EEBA_KXZ 0000000180067dbc     tbb_main.obj
 0004:00003dc8       $pdata$?itt_load_pointer_with_acquire_v3@internal@tbb@@YAPEAXPEBX@Z 0000000180067dc8     tbb_main.obj
 0004:00003dd4       $pdata$?itt_store_pointer_with_release_v3@internal@tbb@@YAXPEAX0@Z 0000000180067dd4     tbb_main.obj
 0004:00003de0       $pdata$DllMain             0000000180067de0     tbb_main.obj
 0004:00003dec       $pdata$?remove_ref@__TBB_InitOnce@internal@tbb@@SAXXZ 0000000180067dec     tbb_main.obj
 0004:00003df8       $pdata$1$?remove_ref@__TBB_InitOnce@internal@tbb@@SAXXZ 0000000180067df8     tbb_main.obj
 0004:00003e04       $pdata$2$?remove_ref@__TBB_InitOnce@internal@tbb@@SAXXZ 0000000180067e04     tbb_main.obj
 0004:00003e10       $pdata$3$?remove_ref@__TBB_InitOnce@internal@tbb@@SAXXZ 0000000180067e10     tbb_main.obj
 0004:00003e1c       $pdata$4$?remove_ref@__TBB_InitOnce@internal@tbb@@SAXXZ 0000000180067e1c     tbb_main.obj
 0004:00003e28       $pdata$?DoOneTimeInitializations@internal@tbb@@YAXXZ 0000000180067e28     tbb_main.obj
 0004:00003e34       $pdata$0$?DoOneTimeInitializations@internal@tbb@@YAXXZ 0000000180067e34     tbb_main.obj
 0004:00003e40       $pdata$1$?DoOneTimeInitializations@internal@tbb@@YAXXZ 0000000180067e40     tbb_main.obj
 0004:00003e4c       $pdata$?active_value@global_control@interface9@tbb@@CA_KH@Z 0000000180067e4c     tbb_main.obj
 0004:00003e58       $pdata$?internal_clear@concurrent_vector_base@internal@tbb@@IEAAXP6AXPEAX_K@Z_N@Z 0000000180067e58     concurrent_vector_v2.obj
 0004:00003e64       $pdata$0$?internal_clear@concurrent_vector_base@internal@tbb@@IEAAXP6AXPEAX_K@Z_N@Z 0000000180067e64     concurrent_vector_v2.obj
 0004:00003e70       $pdata$1$?internal_clear@concurrent_vector_base@internal@tbb@@IEAAXP6AXPEAX_K@Z_N@Z 0000000180067e70     concurrent_vector_v2.obj
 0004:00003e7c       $pdata$2$?internal_clear@concurrent_vector_base@internal@tbb@@IEAAXP6AXPEAX_K@Z_N@Z 0000000180067e7c     concurrent_vector_v2.obj
 0004:00003e88       $pdata$3$?internal_clear@concurrent_vector_base@internal@tbb@@IEAAXP6AXPEAX_K@Z_N@Z 0000000180067e88     concurrent_vector_v2.obj
 0004:00003e94       $pdata$?internal_grow@concurrent_vector_base@internal@tbb@@IEAAX_K00P6AXPEAX0@Z@Z 0000000180067e94     concurrent_vector_v2.obj
 0004:00003ea0       $pdata$?internal_grow_by@concurrent_vector_base@internal@tbb@@IEAA_K_K0P6AXPEAX0@Z@Z 0000000180067ea0     concurrent_vector_v2.obj
 0004:00003eac       $pdata$?internal_push_back@concurrent_vector_base@internal@tbb@@IEAAPEAX_KAEA_K@Z 0000000180067eac     concurrent_vector_v2.obj
 0004:00003eb8       $pdata$?internal_assign@concurrent_vector_base@internal@tbb@@IEAAXAEBV123@_KP6AXPEAX1@ZP6AX2PEBX1@Z5@Z 0000000180067eb8     concurrent_vector_v2.obj
 0004:00003ec4       $pdata$1$?internal_assign@concurrent_vector_base@internal@tbb@@IEAAXAEBV123@_KP6AXPEAX1@ZP6AX2PEBX1@Z5@Z 0000000180067ec4     concurrent_vector_v2.obj
 0004:00003ed0       $pdata$2$?internal_assign@concurrent_vector_base@internal@tbb@@IEAAXAEBV123@_KP6AXPEAX1@ZP6AX2PEBX1@Z5@Z 0000000180067ed0     concurrent_vector_v2.obj
 0004:00003edc       $pdata$?internal_copy@concurrent_vector_base@internal@tbb@@IEAAXAEBV123@_KP6AXPEAXPEBX1@Z@Z 0000000180067edc     concurrent_vector_v2.obj
 0004:00003ee8       $pdata$1$?internal_copy@concurrent_vector_base@internal@tbb@@IEAAXAEBV123@_KP6AXPEAXPEBX1@Z@Z 0000000180067ee8     concurrent_vector_v2.obj
 0004:00003ef4       $pdata$4$?internal_copy@concurrent_vector_base@internal@tbb@@IEAAXAEBV123@_KP6AXPEAXPEBX1@Z@Z 0000000180067ef4     concurrent_vector_v2.obj
 0004:00003f00       $pdata$5$?internal_copy@concurrent_vector_base@internal@tbb@@IEAAXAEBV123@_KP6AXPEAXPEBX1@Z@Z 0000000180067f00     concurrent_vector_v2.obj
 0004:00003f0c       $pdata$6$?internal_copy@concurrent_vector_base@internal@tbb@@IEAAXAEBV123@_KP6AXPEAXPEBX1@Z@Z 0000000180067f0c     concurrent_vector_v2.obj
 0004:00003f18       $pdata$?internal_reserve@concurrent_vector_base@internal@tbb@@IEAAX_K00@Z 0000000180067f18     concurrent_vector_v2.obj
 0004:00003f24       $pdata$2$?internal_reserve@concurrent_vector_base@internal@tbb@@IEAAX_K00@Z 0000000180067f24     concurrent_vector_v2.obj
 0004:00003f30       $pdata$4$?internal_reserve@concurrent_vector_base@internal@tbb@@IEAAX_K00@Z 0000000180067f30     concurrent_vector_v2.obj
 0004:00003f3c       $pdata$5$?internal_reserve@concurrent_vector_base@internal@tbb@@IEAAX_K00@Z 0000000180067f3c     concurrent_vector_v2.obj
 0004:00003f48       $pdata$6$?internal_reserve@concurrent_vector_base@internal@tbb@@IEAAX_K00@Z 0000000180067f48     concurrent_vector_v2.obj
 0004:00003f54       $pdata$?extend_segment_if_necessary@helper@concurrent_vector_base@internal@tbb@@SAXAEAV234@_K@Z 0000000180067f54     concurrent_vector_v2.obj
 0004:00003f60       $pdata$0$?extend_segment_if_necessary@helper@concurrent_vector_base@internal@tbb@@SAXAEAV234@_K@Z 0000000180067f60     concurrent_vector_v2.obj
 0004:00003f6c       $pdata$2$?extend_segment_if_necessary@helper@concurrent_vector_base@internal@tbb@@SAXAEAV234@_K@Z 0000000180067f6c     concurrent_vector_v2.obj
 0004:00003f78       $pdata$3$?extend_segment_if_necessary@helper@concurrent_vector_base@internal@tbb@@SAXAEAV234@_K@Z 0000000180067f78     concurrent_vector_v2.obj
 0004:00003f84       $pdata$4$?extend_segment_if_necessary@helper@concurrent_vector_base@internal@tbb@@SAXAEAV234@_K@Z 0000000180067f84     concurrent_vector_v2.obj
 0004:00003f90       $pdata$5$?extend_segment_if_necessary@helper@concurrent_vector_base@internal@tbb@@SAXAEAV234@_K@Z 0000000180067f90     concurrent_vector_v2.obj
 0004:00003f9c       $pdata$?internal_grow_to_at_least@concurrent_vector_base@internal@tbb@@IEAAX_K0P6AXPEAX0@Z@Z 0000000180067f9c     concurrent_vector_v2.obj
 0004:00003fa8       $pdata$??1concurrent_queue_iterator_base@internal@tbb@@IEAA@XZ 0000000180067fa8     concurrent_queue_v2.obj
 0004:00003fb4       $pdata$?assign@concurrent_queue_iterator_base@internal@tbb@@IEAAXAEBV123@@Z 0000000180067fb4     concurrent_queue_v2.obj
 0004:00003fc0       $pdata$??0concurrent_queue_iterator_base@internal@tbb@@IEAA@AEBVconcurrent_queue_base@12@@Z 0000000180067fc0     concurrent_queue_v2.obj
 0004:00003fcc       $pdata$?internal_push_if_not_full@concurrent_queue_base@internal@tbb@@IEAA_NPEBX@Z 0000000180067fcc     concurrent_queue_v2.obj
 0004:00003fd8       $pdata$?internal_pop_if_present@concurrent_queue_base@internal@tbb@@IEAA_NPEAX@Z 0000000180067fd8     concurrent_queue_v2.obj
 0004:00003fe4       $pdata$?internal_pop@concurrent_queue_base@internal@tbb@@IEAAXPEAX@Z 0000000180067fe4     concurrent_queue_v2.obj
 0004:00003ff0       $pdata$?internal_push@concurrent_queue_base@internal@tbb@@IEAAXPEBX@Z 0000000180067ff0     concurrent_queue_v2.obj
 0004:00003ffc       $pdata$??1concurrent_queue_base@internal@tbb@@MEAA@XZ 0000000180067ffc     concurrent_queue_v2.obj
 0004:00004008       $pdata$??_Gconcurrent_queue_base@internal@tbb@@MEAAPEAXI@Z 0000000180068008     concurrent_queue_v2.obj
 0004:00004014       $pdata$??0concurrent_queue_base@internal@tbb@@IEAA@_K@Z 0000000180068014     concurrent_queue_v2.obj
 0004:00004020       $pdata$?pop@micro_queue@internal@tbb@@QEAA_NPEAX_KAEAVconcurrent_queue_base@23@@Z 0000000180068020     concurrent_queue_v2.obj
 0004:0000402c       $pdata$?push@micro_queue@internal@tbb@@QEAAXPEBX_KAEAVconcurrent_queue_base@23@@Z 000000018006802c     concurrent_queue_v2.obj
 0004:00004038       $pdata$??1pop_finalizer@micro_queue@internal@tbb@@QEAA@XZ 0000000180068038     concurrent_queue_v2.obj
 0004:00004044       $pdata$0$??1pop_finalizer@micro_queue@internal@tbb@@QEAA@XZ 0000000180068044     concurrent_queue_v2.obj
 0004:00004050       $pdata$3$??1pop_finalizer@micro_queue@internal@tbb@@QEAA@XZ 0000000180068050     concurrent_queue_v2.obj
 0004:0000405c       $pdata$4$??1pop_finalizer@micro_queue@internal@tbb@@QEAA@XZ 000000018006805c     concurrent_queue_v2.obj
 0004:00004068       $pdata$5$??1pop_finalizer@micro_queue@internal@tbb@@QEAA@XZ 0000000180068068     concurrent_queue_v2.obj
 0004:00004074       $pdata$6$??1pop_finalizer@micro_queue@internal@tbb@@QEAA@XZ 0000000180068074     concurrent_queue_v2.obj
 0004:00004080       $pdata$?internal_try_acquire_reader@spin_rw_mutex@tbb@@CA_NPEAV12@@Z 0000000180068080     spin_rw_mutex_v2.obj
 0004:0000408c       $pdata$?internal_downgrade@spin_rw_mutex@tbb@@CAXPEAV12@@Z 000000018006808c     spin_rw_mutex_v2.obj
 0004:00004098       $pdata$?internal_upgrade@spin_rw_mutex@tbb@@CA_NPEAV12@@Z 0000000180068098     spin_rw_mutex_v2.obj
 0004:000040a4       $pdata$?internal_acquire_reader@spin_rw_mutex@tbb@@CAXPEAV12@@Z 00000001800680a4     spin_rw_mutex_v2.obj
 0004:000040b0       $pdata$?internal_release_writer@spin_rw_mutex@tbb@@CAXPEAV12@@Z 00000001800680b0     spin_rw_mutex_v2.obj
 0005:000000a0       $R000000                   00000001800690a0     tbb_resource.res
 0005:00000480       $R0003E0                   0000000180069480     tbb_resource.res
