 tbb

 Timestamp is 5b3cd3c5 (Wed Jul  4 23:03:49 2018)

 Preferred load address is 10000000

 Start         Length     Name                   Class
 0001:00000000 00000030H .text$di                CODE
 0001:00000030 00037e30H .text$mn                CODE
 0001:00037e60 00000cd0H .text$x                 CODE
 0001:00038b30 0000000aH .text$yd                CODE
 0002:00000000 00000178H .idata$5                DATA
 0002:00000178 00000004H .00cfg                  DATA
 0002:0000017c 00000004H .CRT$XCA                DATA
 0002:00000180 00000008H .CRT$XCU                DATA
 0002:00000188 00000004H .CRT$XCZ                DATA
 0002:0000018c 00000004H .CRT$XIA                DATA
 0002:00000190 00000010H .CRT$XIC                DATA
 0002:000001a0 00000004H .CRT$XIZ                DATA
 0002:000001a4 00000004H .CRT$XPA                DATA
 0002:000001a8 00000008H .CRT$XPX                DATA
 0002:000001b0 00000004H .CRT$XPXA               DATA
 0002:000001b4 00000004H .CRT$XPZ                DATA
 0002:000001b8 00000004H .CRT$XTA                DATA
 0002:000001bc 00000004H .CRT$XTZ                DATA
 0002:000001c0 00000000H .gfids$y                DATA
 0002:000001c0 00008fc0H .rdata                  DATA
 0002:00009180 00001460H .rdata$r                DATA
 0002:0000a5e0 00000140H .rdata$sxdata           DATA
 0002:0000a720 0000032cH .rdata$zzzdbg           DATA
 0002:0000aa4c 00000004H .rtc$IAA                DATA
 0002:0000aa50 00000004H .rtc$IZZ                DATA
 0002:0000aa54 00000004H .rtc$TAA                DATA
 0002:0000aa58 00000008H .rtc$TZZ                DATA
 0002:0000aa60 00001980H .xdata$x                DATA
 0002:0000c3e0 00003d40H .edata                  DATA
 0002:00010120 00000014H .idata$2                DATA
 0002:00010134 00000014H .idata$3                DATA
 0002:00010148 00000178H .idata$4                DATA
 0002:000102c0 000006eeH .idata$6                DATA
 0003:00000000 000019a0H .data                   DATA
 0003:000019a0 00000af8H .data$r                 DATA
 0003:00002498 000020e4H .bss                    DATA
 0004:00000000 000000a0H .rsrc$01                DATA
 0004:000000a0 00000560H .rsrc$02                DATA

  Address         Publics by Value              Rva+Base       Lib:Object

 0000:00000000       ___enclave_config          00000000     <absolute>
 0000:00000000       ___guard_longjmp_count     00000000     <absolute>
 0000:00000000       ___guard_fids_count        00000000     <absolute>
 0000:00000000       __except_list              00000000     <absolute>
 0000:00000000       ___hybrid_code_map         00000000     <absolute>
 0000:00000000       ___guard_longjmp_table     00000000     <absolute>
 0000:00000000       ___guard_iat_table         00000000     <absolute>
 0000:00000000       ___guard_iat_count         00000000     <absolute>
 0000:00000000       ___hybrid_auxiliary_iat    00000000     <absolute>
 0000:00000000       ___dynamic_value_reloc_table 00000000     <absolute>
 0000:00000000       ___guard_fids_table        00000000     <absolute>
 0000:00000000       ___hybrid_code_map_count   00000000     <absolute>
 0000:00000050       ___safe_se_handler_count   00000050     <absolute>
 0000:00000100       ___guard_flags             00000100     <absolute>
 0000:00000000       ___ImageBase               10000000     <linker-defined>
 0001:00000030       ?internal_grow_predicate@hash_map_segment_base@internal@tbb@@QBE_NXZ 10001030 f   concurrent_hash_map.obj
 0001:00000050       @_guard_check_icall_nop@4  10001050 f i LIBCMT:guard_support.obj
 0001:00000050       ?__global_delete@@YAXPAXI@Z 10001050 f i * CIL library *:* CIL module *
 0001:00000050       ?internal_destroy@reader_writer_lock@interface5@tbb@@AAEXXZ 10001050 f i reader_writer_lock.obj
 0001:00000050       ?__empty_global_delete@@YAXPAXI@Z 10001050 f i concurrent_hash_map.obj
 0001:00000050       ?apply_active@stack_size_control@internal@tbb@@EBEXXZ 10001050 f i tbb_main.obj
 0001:00000060       ??0scoped_lock@spin_mutex@tbb@@QAE@AAV12@@Z 10001060 f i concurrent_queue.obj
 0001:000000d0       ??1scoped_lock@spin_mutex@tbb@@QAE@XZ 100010d0 f i concurrent_queue.obj
 0001:000000e0       ??1binary_semaphore@internal@tbb@@QAE@XZ 100010e0 f i concurrent_queue.obj
 0001:000000f0       ??1thread_context@concurrent_monitor@internal@tbb@@QAE@XZ 100010f0 f i concurrent_queue.obj
 0001:00000120       ??1micro_queue_pop_finalizer@internal@tbb@@QAE@XZ 10001120 f i concurrent_queue.obj
 0001:000001a0       ?choose@concurrent_queue_rep@internal@tbb@@QAEAAUmicro_queue@23@I@Z 100011a0 f i concurrent_queue.obj
 0001:000001c0       ?push@micro_queue@internal@tbb@@QAEXPBXIAAVconcurrent_queue_base_v3@23@W4copy_specifics@423@@Z 100011c0 f   concurrent_queue.obj
 0001:000003b0       ?abort_push@micro_queue@internal@tbb@@QAEXIAAVconcurrent_queue_base_v3@23@@Z 100013b0 f   concurrent_queue.obj
 0001:000003d0       ?pop@micro_queue@internal@tbb@@QAE_NPAXIAAVconcurrent_queue_base_v3@23@@Z 100013d0 f   concurrent_queue.obj
 0001:00000520       ?assign@micro_queue@internal@tbb@@QAEAAU123@ABU123@AAVconcurrent_queue_base_v3@23@W4copy_specifics@423@@Z 10001520 f   concurrent_queue.obj
 0001:00000650       ?make_copy@micro_queue@internal@tbb@@QAEPAUpage@concurrent_queue_base_v3@23@AAV523@PBU4523@IIAAIW4copy_specifics@523@@Z 10001650 f   concurrent_queue.obj
 0001:000006c0       ?make_invalid@micro_queue@internal@tbb@@QAEXI@Z 100016c0 f   concurrent_queue.obj
 0001:00000720       ??0concurrent_queue_base_v3@internal@tbb@@IAE@I@Z 10001720 f   concurrent_queue.obj
 0001:00000830       ??_Gconcurrent_queue_base_v3@internal@tbb@@MAEPAXI@Z 10001830 f i concurrent_queue.obj
 0001:00000830       ??_Econcurrent_queue_base_v3@internal@tbb@@MAEPAXI@Z 10001830 f i * CIL library *:* CIL module *
 0001:000008a0       ??1concurrent_queue_base_v3@internal@tbb@@MAE@XZ 100018a0 f   concurrent_queue.obj
 0001:000008f0       ?internal_push@concurrent_queue_base_v3@internal@tbb@@IAEXPBX@Z 100018f0 f   concurrent_queue.obj
 0001:00000910       ?internal_push_move@concurrent_queue_base_v8@internal@tbb@@IAEXPBX@Z 10001910 f   concurrent_queue.obj
 0001:00000930       ?internal_insert_item@concurrent_queue_base_v3@internal@tbb@@IAEXPBXW4copy_specifics@123@@Z 10001930 f   concurrent_queue.obj
 0001:00000d20       ?internal_pop@concurrent_queue_base_v3@internal@tbb@@IAEXPAX@Z 10001d20 f   concurrent_queue.obj
 0001:00001120       ?internal_abort@concurrent_queue_base_v3@internal@tbb@@IAEXXZ 10002120 f   concurrent_queue.obj
 0001:000012a0       ?internal_pop_if_present@concurrent_queue_base_v3@internal@tbb@@IAE_NPAX@Z 100022a0 f   concurrent_queue.obj
 0001:000013c0       ?internal_push_if_not_full@concurrent_queue_base_v3@internal@tbb@@IAE_NPBX@Z 100023c0 f   concurrent_queue.obj
 0001:000013e0       ?internal_push_move_if_not_full@concurrent_queue_base_v8@internal@tbb@@IAE_NPBX@Z 100023e0 f   concurrent_queue.obj
 0001:00001400       ?internal_insert_if_not_full@concurrent_queue_base_v3@internal@tbb@@IAE_NPBXW4copy_specifics@123@@Z 10002400 f   concurrent_queue.obj
 0001:00001520       ?internal_size@concurrent_queue_base_v3@internal@tbb@@IBEHXZ 10002520 f   concurrent_queue.obj
 0001:00001540       ?internal_empty@concurrent_queue_base_v3@internal@tbb@@IBE_NXZ 10002540 f   concurrent_queue.obj
 0001:00001580       ?internal_set_capacity@concurrent_queue_base@internal@tbb@@IAEXHI@Z 10002580 f   concurrent_queue_v2.obj
 0001:00001580       ?internal_set_capacity@concurrent_queue_base_v3@internal@tbb@@IAEXHI@Z 10002580 f   concurrent_queue.obj
 0001:000015a0       ?internal_finish_clear@concurrent_queue_base_v3@internal@tbb@@IAEXXZ 100025a0 f   concurrent_queue.obj
 0001:000015f0       ?internal_throw_exception@concurrent_queue_base_v3@internal@tbb@@IBEXXZ 100025f0 f   concurrent_queue.obj
 0001:00001600       ?internal_assign@concurrent_queue_base_v3@internal@tbb@@IAEXABV123@W4copy_specifics@123@@Z 10002600 f   concurrent_queue.obj
 0001:00001690       ?assign@concurrent_queue_base_v3@internal@tbb@@IAEXABV123@@Z 10002690 f   concurrent_queue.obj
 0001:000016b0       ?move_content@concurrent_queue_base_v8@internal@tbb@@IAEXAAV123@@Z 100026b0 f   concurrent_queue.obj
 0001:000016d0       ?initialize@concurrent_queue_iterator_base_v3@internal@tbb@@AAEXABVconcurrent_queue_base_v3@23@I@Z 100026d0 f   concurrent_queue.obj
 0001:00001790       ??0concurrent_queue_iterator_base_v3@internal@tbb@@IAE@ABVconcurrent_queue_base_v3@12@@Z 10002790 f   concurrent_queue.obj
 0001:000017b0       ??0concurrent_queue_iterator_base_v3@internal@tbb@@IAE@ABVconcurrent_queue_base_v3@12@I@Z 100027b0 f   concurrent_queue.obj
 0001:000017d0       ?assign@concurrent_queue_iterator_base_v3@internal@tbb@@IAEXABV123@@Z 100027d0 f   concurrent_queue.obj
 0001:00001850       ?advance@concurrent_queue_iterator_base_v3@internal@tbb@@IAEXXZ 10002850 f   concurrent_queue.obj
 0001:000018e0       ??1concurrent_queue_iterator_base_v3@internal@tbb@@IAE@XZ 100028e0 f   concurrent_queue.obj
 0001:00001930       ??F?$atomic_impl_with_arithmetic@IID@internal@tbb@@QAEIH@Z 10002930 f i concurrent_queue.obj
 0001:00001940       ??E?$atomic_impl_with_arithmetic@IID@internal@tbb@@QAEIXZ 10002940 f i concurrent_queue.obj
 0001:00001950       ??Y?$atomic_impl_with_arithmetic@IID@internal@tbb@@QAEII@Z 10002950 f i concurrent_queue.obj
 0001:00001970       ??$spin_wait_until_eq@U?$atomic@I@tbb@@I@internal@tbb@@YAXADU?$atomic@I@1@I@Z 10002970 f i concurrent_queue.obj
 0001:000019c0       ??$spin_wait_while_eq@U?$atomic@I@tbb@@I@internal@tbb@@YAXADU?$atomic@I@1@I@Z 100029c0 f i concurrent_queue.obj
 0001:00001a10       ?segment_base@concurrent_vector_base_v3@internal@tbb@@KAII@Z 10002a10 f i concurrent_vector.obj
 0001:00001a20       ?acquire_segment@helper@concurrent_vector_base_v3@internal@tbb@@SAAAVsegment_t@234@AAV234@II_N@Z 10002a20 f i concurrent_vector.obj
 0001:00001ab0       ??0helper@concurrent_vector_base_v3@internal@tbb@@QAE@PAVsegment_t@123@IIIII@Z 10002ab0 f i concurrent_vector.obj
 0001:00001af0       ?get_segment_value@helper@concurrent_vector_base_v3@internal@tbb@@QAE?AVsegment_value_t@234@I_N@Z 10002af0 f i concurrent_vector.obj
 0001:00001b70       ??1helper@concurrent_vector_base_v3@internal@tbb@@QAE@XZ 10002b70 f i concurrent_vector.obj
 0001:00001bb0       ??0destroy_body@helper@concurrent_vector_base_v3@internal@tbb@@QAE@P6AXPAXI@Z@Z 10002bb0 f i concurrent_vector.obj
 0001:00001bc0       ?extend_segment_table@helper@concurrent_vector_base_v3@internal@tbb@@SAXAAV234@I@Z 10002bc0 f   concurrent_vector.obj
 0001:00001d30       ?enable_segment@helper@concurrent_vector_base_v3@internal@tbb@@SAIAAV234@II_N@Z 10002d30 f   concurrent_vector.obj
 0001:00001f40       ?cleanup@helper@concurrent_vector_base_v3@internal@tbb@@QAEXXZ 10002f40 f   concurrent_vector.obj
 0001:00002160       ??1concurrent_vector_base_v3@internal@tbb@@IAE@XZ 10003160 f   concurrent_vector.obj
 0001:000021b0       ?internal_capacity@concurrent_vector_base_v3@internal@tbb@@IBEIXZ 100031b0 f   concurrent_vector.obj
 0001:000021f0       ?internal_throw_exception@concurrent_vector_base_v3@internal@tbb@@IBEXI@Z 100031f0 f   concurrent_vector.obj
 0001:00002230       ?internal_reserve@concurrent_vector_base_v3@internal@tbb@@IAEXIII@Z 10003230 f   concurrent_vector.obj
 0001:000022f0       ?internal_copy@concurrent_vector_base_v3@internal@tbb@@IAEXABV123@IP6AXPAXPBXI@Z@Z 100032f0 f   concurrent_vector.obj
 0001:000023e0       ?internal_assign@concurrent_vector_base_v3@internal@tbb@@IAEXABV123@IP6AXPAXI@ZP6AX1PBXI@Z4@Z 100033e0 f   concurrent_vector.obj
 0001:000025c0       ?internal_push_back@concurrent_vector_base_v3@internal@tbb@@IAEPAXIAAI@Z 100035c0 f   concurrent_vector.obj
 0001:00002640       ?internal_grow_to_at_least@concurrent_vector_base_v3@internal@tbb@@IAEXIIP6AXPAXPBXI@Z1@Z 10003640 f   concurrent_vector.obj
 0001:00002650       ?internal_grow_to_at_least_with_result@concurrent_vector_base_v3@internal@tbb@@IAEIIIP6AXPAXPBXI@Z1@Z 10003650 f   concurrent_vector.obj
 0001:00002790       ?internal_grow_by@concurrent_vector_base_v3@internal@tbb@@IAEIIIP6AXPAXPBXI@Z1@Z 10003790 f   concurrent_vector.obj
 0001:000027c0       ?internal_grow@concurrent_vector_base_v3@internal@tbb@@IAEXIIIP6AXPAXPBXI@Z1@Z 100037c0 f   concurrent_vector.obj
 0001:000029f0       ?internal_resize@concurrent_vector_base_v3@internal@tbb@@IAEXIIIPBXP6AXPAXI@ZP6AX10I@Z@Z 100039f0 f   concurrent_vector.obj
 0001:00002bc0       ?internal_clear@concurrent_vector_base_v3@internal@tbb@@IAEIP6AXPAXI@Z@Z 10003bc0 f   concurrent_vector.obj
 0001:00002ca0       ?internal_compact@concurrent_vector_base_v3@internal@tbb@@IAEPAXIPAXP6AX0I@ZP6AX0PBXI@Z@Z 10003ca0 f   concurrent_vector.obj
 0001:00003030       ?internal_swap@concurrent_vector_base_v3@internal@tbb@@IAEXAAV123@@Z 10004030 f   concurrent_vector.obj
 0001:000030e0       ??$apply@Usafe_init_body@helper@concurrent_vector_base_v3@internal@tbb@@@helper@concurrent_vector_base_v3@internal@tbb@@QAEIABUsafe_init_body@0123@@Z 100040e0 f i concurrent_vector.obj
 0001:000031e0       ??$apply@Udestroy_body@helper@concurrent_vector_base_v3@internal@tbb@@@helper@concurrent_vector_base_v3@internal@tbb@@QAEIABUdestroy_body@0123@@Z 100041e0 f i concurrent_vector.obj
 0001:000033c0       ?dynamic_link@internal@tbb@@YA_NPBDQBUdynamic_link_descriptor@12@IPAPAUHINSTANCE__@@H@Z 100043c0 f   dynamic_link.obj
 0001:00003580       ??$atomic_do_once@P6AXXZ@internal@tbb@@YAXABQ6AXXZAAU?$atomic@W4do_once_state@internal@tbb@@@1@@Z 10004580 f i dynamic_link.obj
 0001:0000a8e0       ___itt_fini_ittlib         1000b8e0 f   itt_notify.obj
 0001:0000a960       ___itt_init_ittlib         1000b960 f   itt_notify.obj
 0001:0000ac80       ?initialize_handler_pointers@internal@tbb@@YAXXZ 1000bc80 f   cache_aligned_allocator.obj
 0001:0000adb0       ?NFS_GetLineSize@internal@tbb@@YAIXZ 1000bdb0 f   cache_aligned_allocator.obj
 0001:0000adc0       ?NFS_Allocate@internal@tbb@@YAPAXIIPAX@Z 1000bdc0 f   cache_aligned_allocator.obj
 0001:0000ae20       ?NFS_Free@internal@tbb@@YAXPAX@Z 1000be20 f   cache_aligned_allocator.obj
 0001:0000ae80       ?allocate_via_handler_v3@internal@tbb@@YAPAXI@Z 1000be80 f   cache_aligned_allocator.obj
 0001:0000ae80       ?allocate_closure_v3@internal@tbb@@YAPAXI@Z 1000be80 f   tbb_thread.obj
 0001:0000aeb0       ?free_closure_v3@internal@tbb@@YAXPAX@Z 1000beb0 f   tbb_thread.obj
 0001:0000aeb0       ?deallocate_via_handler_v3@internal@tbb@@YAXPAX@Z 1000beb0 f   cache_aligned_allocator.obj
 0001:0000aed0       ?is_malloc_used_v3@internal@tbb@@YA_NXZ 1000bed0 f   cache_aligned_allocator.obj
 0001:0000af00       ??0task_group_context@tbb@@QAE@W4kind_type@01@I@Z 1000bf00 f i pipeline.obj
 0001:0000af80       ??_Gempty_task@tbb@@UAEPAXI@Z 1000bf80 f i arena.obj
 0001:0000af80       ??_Etask@tbb@@UAEPAXI@Z    1000bf80 f i * CIL library *:* CIL module *
 0001:0000af80       ??_Gtask@tbb@@UAEPAXI@Z    1000bf80 f i pipeline.obj
 0001:0000af80       ??_Eempty_task@tbb@@UAEPAXI@Z 1000bf80 f i * CIL library *:* CIL module *
 0001:0000afb0       ?inject_token@pipeline@tbb@@AAEXAAVtask@2@@Z 1000bfb0 f i pipeline.obj
 0001:0000afb0       ?unregister_master@private_server@rml@internal@tbb@@UAEXPAX@Z 1000bfb0 f i private_server.obj
 0001:0000afb0       ?independent_thread_number_changed@private_server@rml@internal@tbb@@UAEXH@Z 1000bfb0 f i private_server.obj
 0001:0000afb0       ?register_master@private_server@rml@internal@tbb@@UAEXAAPAX@Z 1000bfb0 f i private_server.obj
 0001:0000afb0       ?destroy_condvar_noop@internal@tbb@@YGXPAU_RTL_CONDITION_VARIABLE@@@Z 1000bfb0 f i condition_variable.obj
 0001:0000afb0       ?note_affinity@task@tbb@@UAEXG@Z 1000bfb0 f i task.obj
 0001:0000afb0       ?finalize@filter@tbb@@UAEXPAX@Z 1000bfb0 f i pipeline.obj
 0001:0000afc0       ??_Efilter@tbb@@UAEPAXI@Z  1000bfc0 f i * CIL library *:* CIL module *
 0001:0000afc0       ??_Gfilter@tbb@@UAEPAXI@Z  1000bfc0 f i pipeline.obj
 0001:0000b060       ??0input_buffer@internal@tbb@@QAE@_N0@Z 1000c060 f i pipeline.obj
 0001:0000b0e0       ?put_token@input_buffer@internal@tbb@@QAE_NAAUtask_info@23@_N@Z 1000c0e0 f i pipeline.obj
 0001:0000b210       ?return_item@input_buffer@internal@tbb@@QAE_NAAUtask_info@23@_N@Z 1000c210 f i pipeline.obj
 0001:0000b2c0       ?grow@input_buffer@internal@tbb@@AAEXK@Z 1000c2c0 f   pipeline.obj
 0001:0000b3d0       ??0stage_task@internal@tbb@@QAE@AAVpipeline@2@@Z 1000c3d0 f i pipeline.obj
 0001:0000b410       ?spawn_stage_task@stage_task@internal@tbb@@QAEXABUtask_info@23@@Z 1000c410 f i pipeline.obj
 0001:0000b550       ??_Estage_task@internal@tbb@@UAEPAXI@Z 1000c550 f i * CIL library *:* CIL module *
 0001:0000b550       ??_Gstage_task@internal@tbb@@UAEPAXI@Z 1000c550 f i pipeline.obj
 0001:0000b5e0       ?execute@stage_task@internal@tbb@@UAEPAVtask@3@XZ 1000c5e0 f   pipeline.obj
 0001:0000bba0       ?execute@pipeline_root_task@internal@tbb@@EAEPAVtask@3@XZ 1000cba0 f i pipeline.obj
 0001:0000bf50       ??_Gpipeline_root_task@internal@tbb@@UAEPAXI@Z 1000cf50 f i pipeline.obj
 0001:0000bf50       ??_Epipeline_root_task@internal@tbb@@UAEPAXI@Z 1000cf50 f i * CIL library *:* CIL module *
 0001:0000bf80       ??1pipeline_cleaner@internal@tbb@@QAE@XZ 1000cf80 f i pipeline.obj
 0001:0000c050       ??0pipeline@tbb@@QAE@XZ    1000d050 f   pipeline.obj
 0001:0000c090       ??_Gpipeline@tbb@@UAEPAXI@Z 1000d090 f i pipeline.obj
 0001:0000c090       ??_Epipeline@tbb@@UAEPAXI@Z 1000d090 f i * CIL library *:* CIL module *
 0001:0000c1a0       ??1pipeline@tbb@@UAE@XZ    1000d1a0 f   pipeline.obj
 0001:0000c2a0       ?clear@pipeline@tbb@@QAEXXZ 1000d2a0 f   pipeline.obj
 0001:0000c3a0       ??_Ginput_buffer@internal@tbb@@QAEPAXI@Z 1000d3a0 f i pipeline.obj
 0001:0000c430       ?add_filter@pipeline@tbb@@QAEXAAVfilter@2@@Z 1000d430 f   pipeline.obj
 0001:0000c5f0       ?run@pipeline@tbb@@QAEXIAAVtask_group_context@2@@Z 1000d5f0 f   pipeline.obj
 0001:0000c790       ?run@pipeline@tbb@@QAEXI@Z 1000d790 f   pipeline.obj
 0001:0000c820       ??1filter@tbb@@UAE@XZ      1000d820 f   pipeline.obj
 0001:0000c8a0       ?set_end_of_input@filter@tbb@@IAEXXZ 1000d8a0 f   pipeline.obj
 0001:0000c8c0       ?process_item@thread_bound_filter@tbb@@QAE?AW4result_type@12@XZ 1000d8c0 f   pipeline.obj
 0001:0000c8d0       ?try_process_item@thread_bound_filter@tbb@@QAE?AW4result_type@12@XZ 1000d8d0 f   pipeline.obj
 0001:0000c8e0       ?internal_process_item@thread_bound_filter@tbb@@AAE?AW4result_type@12@_N@Z 1000d8e0 f   pipeline.obj
 0001:0000cac0       ?acquire@scoped_lock@queuing_mutex@tbb@@QAEXAAV23@@Z 1000dac0 f   queuing_mutex.obj
 0001:0000cb40       ?try_acquire@scoped_lock@queuing_mutex@tbb@@QAE_NAAV23@@Z 1000db40 f   queuing_mutex.obj
 0001:0000cb90       ?release@scoped_lock@queuing_mutex@tbb@@QAEXXZ 1000db90 f   queuing_mutex.obj
 0001:0000cc10       ?internal_construct@queuing_mutex@tbb@@QAEXXZ 1000dc10 f   queuing_mutex.obj
 0001:0000cc30       ?acquire@scoped_lock@queuing_rw_mutex@tbb@@QAEXAAV23@_N@Z 1000dc30 f   queuing_rw_mutex.obj
 0001:0000cdd0       ?try_acquire@scoped_lock@queuing_rw_mutex@tbb@@QAE_NAAV23@_N@Z 1000ddd0 f   queuing_rw_mutex.obj
 0001:0000ce30       ?release@scoped_lock@queuing_rw_mutex@tbb@@QAEXXZ 1000de30 f   queuing_rw_mutex.obj
 0001:0000d180       ?downgrade_to_reader@scoped_lock@queuing_rw_mutex@tbb@@QAE_NXZ 1000e180 f   queuing_rw_mutex.obj
 0001:0000d220       ?upgrade_to_writer@scoped_lock@queuing_rw_mutex@tbb@@QAE_NXZ 1000e220 f   queuing_rw_mutex.obj
 0001:0000d580       ?internal_construct@queuing_rw_mutex@tbb@@QAEXXZ 1000e580 f   queuing_rw_mutex.obj
 0001:0000d5a0       ??1scoped_lock_read@reader_writer_lock@interface5@tbb@@QAE@XZ 1000e5a0 f i reader_writer_lock.obj
 0001:0000d600       ?fetch_and_or@interface5@tbb@@YAIAAU?$atomic@I@2@I@Z 1000e600 f i reader_writer_lock.obj
 0001:0000d670       ?internal_construct@reader_writer_lock@interface5@tbb@@AAEXXZ 1000e670 f   reader_writer_lock.obj
 0001:0000d6a0       ?lock@reader_writer_lock@interface5@tbb@@QAEXXZ 1000e6a0 f   reader_writer_lock.obj
 0001:0000d720       ?try_lock@reader_writer_lock@interface5@tbb@@QAE_NXZ 1000e720 f   reader_writer_lock.obj
 0001:0000d790       ?start_write@reader_writer_lock@interface5@tbb@@AAE_NPAVscoped_lock@123@@Z 1000e790 f   reader_writer_lock.obj
 0001:0000d900       ??_Gscoped_lock@reader_writer_lock@interface5@tbb@@QAEPAXI@Z 1000e900 f i reader_writer_lock.obj
 0001:0000d970       ?set_next_writer@reader_writer_lock@interface5@tbb@@AAEXPAVscoped_lock@123@@Z 1000e970 f   reader_writer_lock.obj
 0001:0000da40       ?lock_read@reader_writer_lock@interface5@tbb@@QAEXXZ 1000ea40 f   reader_writer_lock.obj
 0001:0000db00       ?try_lock_read@reader_writer_lock@interface5@tbb@@QAE_NXZ 1000eb00 f   reader_writer_lock.obj
 0001:0000db40       ?start_read@reader_writer_lock@interface5@tbb@@AAEXPAVscoped_lock_read@123@@Z 1000eb40 f   reader_writer_lock.obj
 0001:0000dbe0       ?unlock@reader_writer_lock@interface5@tbb@@QAEXXZ 1000ebe0 f   reader_writer_lock.obj
 0001:0000dc90       ?end_write@reader_writer_lock@interface5@tbb@@AAEXPAVscoped_lock@123@@Z 1000ec90 f   reader_writer_lock.obj
 0001:0000ddb0       ?internal_construct@scoped_lock@reader_writer_lock@interface5@tbb@@AAEXAAV234@@Z 1000edb0 f   reader_writer_lock.obj
 0001:0000de00       ?internal_construct@scoped_lock_read@reader_writer_lock@interface5@tbb@@AAEXAAV234@@Z 1000ee00 f   reader_writer_lock.obj
 0001:0000de50       ?internal_destroy@scoped_lock@reader_writer_lock@interface5@tbb@@AAEXXZ 1000ee50 f   reader_writer_lock.obj
 0001:0000de70       ?internal_destroy@scoped_lock_read@reader_writer_lock@interface5@tbb@@AAEXXZ 1000ee70 f   reader_writer_lock.obj
 0001:0000dea0       ??$spin_wait_while_eq@U?$atomic@W4status_t@reader_writer_lock@interface5@tbb@@@tbb@@W4status_t@reader_writer_lock@interface5@2@@internal@tbb@@YAXADU?$atomic@W4status_t@reader_writer_lock@interface5@tbb@@@1@W4status_t@reader_writer_lock@interface5@1@@Z 1000eea0 f i reader_writer_lock.obj
 0001:0000dee0       ?internal_acquire_writer@spin_rw_mutex_v3@tbb@@AAE_NXZ 1000eee0 f   spin_rw_mutex.obj
 0001:0000df80       ?internal_release_writer@spin_rw_mutex_v3@tbb@@AAEXXZ 1000ef80 f   spin_rw_mutex.obj
 0001:0000dfa0       ?internal_acquire_reader@spin_rw_mutex_v3@tbb@@AAEXXZ 1000efa0 f   spin_rw_mutex.obj
 0001:0000e010       ?internal_upgrade@spin_rw_mutex_v3@tbb@@AAE_NXZ 1000f010 f   spin_rw_mutex.obj
 0001:0000e0f0       ?internal_downgrade@spin_rw_mutex_v3@tbb@@AAEXXZ 1000f0f0 f   spin_rw_mutex.obj
 0001:0000e110       ?internal_release_reader@spin_rw_mutex_v3@tbb@@AAEXXZ 1000f110 f   spin_rw_mutex.obj
 0001:0000e130       ?internal_try_acquire_writer@spin_rw_mutex_v3@tbb@@AAE_NXZ 1000f130 f   spin_rw_mutex.obj
 0001:0000e190       ?internal_try_acquire_reader@spin_rw_mutex_v3@tbb@@AAE_NXZ 1000f190 f   spin_rw_mutex.obj
 0001:0000e1c0       ?internal_construct@spin_rw_mutex_v3@tbb@@AAEXXZ 1000f1c0 f   spin_rw_mutex.obj
 0001:0000e1e0       ?acquire@scoped_lock@spin_rw_mutex_v3@tbb@@QAEXAAV23@_N@Z 1000f1e0 f i x86_rtm_rw_mutex.obj
 0001:0000e270       ?internal_release@x86_rtm_rw_mutex@internal@interface8@tbb@@AAEXAAVscoped_lock@1234@@Z 1000f270 f   x86_rtm_rw_mutex.obj
 0001:0000e2e0       ?internal_acquire_writer@x86_rtm_rw_mutex@internal@interface8@tbb@@AAEXAAVscoped_lock@1234@_N@Z 1000f2e0 f   x86_rtm_rw_mutex.obj
 0001:0000e3a0       ?internal_acquire_reader@x86_rtm_rw_mutex@internal@interface8@tbb@@AAEXAAVscoped_lock@1234@_N@Z 1000f3a0 f   x86_rtm_rw_mutex.obj
 0001:0000e460       ?internal_upgrade@x86_rtm_rw_mutex@internal@interface8@tbb@@AAE_NAAVscoped_lock@1234@@Z 1000f460 f   x86_rtm_rw_mutex.obj
 0001:0000e5a0       ?internal_downgrade@x86_rtm_rw_mutex@internal@interface8@tbb@@AAE_NAAVscoped_lock@1234@@Z 1000f5a0 f   x86_rtm_rw_mutex.obj
 0001:0000e5f0       ?internal_try_acquire_writer@x86_rtm_rw_mutex@internal@interface8@tbb@@AAE_NAAVscoped_lock@1234@@Z 1000f5f0 f   x86_rtm_rw_mutex.obj
 0001:0000e6b0       ?internal_construct@x86_rtm_rw_mutex@internal@interface8@tbb@@AAEXXZ 1000f6b0 f   x86_rtm_rw_mutex.obj
 0001:0000e6d0       ?internal_acquire@scoped_lock@spin_mutex@tbb@@AAEXAAV23@@Z 1000f6d0 f   spin_mutex.obj
 0001:0000e750       ?internal_release@scoped_lock@spin_mutex@tbb@@AAEXXZ 1000f750 f   spin_mutex.obj
 0001:0000e770       ?internal_try_acquire@scoped_lock@spin_mutex@tbb@@AAE_NAAV23@@Z 1000f770 f   spin_mutex.obj
 0001:0000e7b0       ?internal_construct@spin_mutex@tbb@@QAEXXZ 1000f7b0 f   spin_mutex.obj
 0001:0000e7d0       ?internal_construct@critical_section_v4@internal@tbb@@QAEXXZ 1000f7d0 f   critical_section.obj
 0001:0000e7f0       ?internal_acquire@scoped_lock@mutex@tbb@@AAEXAAV23@@Z 1000f7f0 f   mutex.obj
 0001:0000e840       ?internal_release@scoped_lock@mutex@tbb@@AAEXXZ 1000f840 f   mutex.obj
 0001:0000e870       ?internal_try_acquire@scoped_lock@mutex@tbb@@AAE_NAAV23@@Z 1000f870 f   mutex.obj
 0001:0000e8a0       ?internal_construct@mutex@tbb@@AAEXXZ 1000f8a0 f   mutex.obj
 0001:0000e8e0       ?internal_destroy@mutex@tbb@@AAEXXZ 1000f8e0 f   mutex.obj
 0001:0000e8e0       ?internal_destroy@recursive_mutex@tbb@@AAEXXZ 1000f8e0 f   recursive_mutex.obj
 0001:0000e900       ?internal_acquire@scoped_lock@recursive_mutex@tbb@@AAEXAAV23@@Z 1000f900 f   recursive_mutex.obj
 0001:0000e930       ?internal_release@scoped_lock@recursive_mutex@tbb@@AAEXXZ 1000f930 f   recursive_mutex.obj
 0001:0000e950       ?internal_try_acquire@scoped_lock@recursive_mutex@tbb@@AAE_NAAV23@@Z 1000f950 f   recursive_mutex.obj
 0001:0000e980       ?internal_construct@recursive_mutex@tbb@@AAEXXZ 1000f980 f   recursive_mutex.obj
 0001:0000e9c0       ?init_condvar_using_event@internal@tbb@@YGXPAUcondition_variable_using_event@1interface5@2@@Z 1000f9c0 f   condition_variable.obj
 0001:0000ea00       ?sleep_condition_variable_cs_using_event@internal@tbb@@YGHPAUcondition_variable_using_event@1interface5@2@PAU_RTL_CRITICAL_SECTION@@K@Z 1000fa00 f   condition_variable.obj
 0001:0000ead0       ?wake_condition_variable_using_event@internal@tbb@@YGXPAUcondition_variable_using_event@1interface5@2@@Z 1000fad0 f   condition_variable.obj
 0001:0000eb10       ?wake_all_condition_variable_using_event@internal@tbb@@YGXPAUcondition_variable_using_event@1interface5@2@@Z 1000fb10 f   condition_variable.obj
 0001:0000eb50       ?destroy_condvar_using_event@internal@tbb@@YGXPAUcondition_variable_using_event@1interface5@2@@Z 1000fb50 f   condition_variable.obj
 0001:0000ebd0       ?init_condvar_module@internal@tbb@@YAXXZ 1000fbd0 f   condition_variable.obj
 0001:0000ec00       ?internal_initialize_condition_variable@internal@interface5@tbb@@YAXAATcondvar_impl_t@123@@Z 1000fc00 f   condition_variable.obj
 0001:0000ec30       ?internal_destroy_condition_variable@internal@interface5@tbb@@YAXAATcondvar_impl_t@123@@Z 1000fc30 f   condition_variable.obj
 0001:0000ec40       ?internal_condition_variable_notify_one@internal@interface5@tbb@@YAXAATcondvar_impl_t@123@@Z 1000fc40 f   condition_variable.obj
 0001:0000ec50       ?internal_condition_variable_notify_all@internal@interface5@tbb@@YAXAATcondvar_impl_t@123@@Z 1000fc50 f   condition_variable.obj
 0001:0000ec60       ?internal_condition_variable_wait@internal@interface5@tbb@@YA_NAATcondvar_impl_t@123@PAVmutex@3@PBVinterval_t@tick_count@3@@Z 1000fc60 f   condition_variable.obj
 0001:0000ece0       ?join@tbb_thread_v3@internal@tbb@@QAEXXZ 1000fce0 f   tbb_thread.obj
 0001:0000ed60       ?detach@tbb_thread_v3@internal@tbb@@QAEXXZ 1000fd60 f   tbb_thread.obj
 0001:0000eda0       ?internal_start@tbb_thread_v3@internal@tbb@@AAEXP6GIPAX@Z0@Z 1000fda0 f   tbb_thread.obj
 0001:0000edf0       ?hardware_concurrency@tbb_thread_v3@internal@tbb@@SAIXZ 1000fdf0 f   tbb_thread.obj
 0001:0000ee60       ?thread_get_id_v3@internal@tbb@@YA?AVid@tbb_thread_v3@12@XZ 1000fe60 f   tbb_thread.obj
 0001:0000ee80       ?move_v3@internal@tbb@@YAXAAVtbb_thread_v3@12@0@Z 1000fe80 f   tbb_thread.obj
 0001:0000eed0       ?yield@private_server@rml@internal@tbb@@UAEXXZ 1000fed0 f   private_server.obj
 0001:0000eed0       ?thread_yield_v3@internal@tbb@@YAXXZ 1000fed0 f   tbb_thread.obj
 0001:0000eee0       ?thread_sleep_v3@internal@tbb@@YAXABVinterval_t@tick_count@2@@Z 1000fee0 f   tbb_thread.obj
 0001:0000eff0       ?init@thread_context@concurrent_monitor@internal@tbb@@AAEXXZ 1000fff0 f   concurrent_monitor.obj
 0001:0000f010       ??1concurrent_monitor@internal@tbb@@QAE@XZ 10010010 f   concurrent_monitor.obj
 0001:0000f0d0       ?prepare_wait@concurrent_monitor@internal@tbb@@QAEXAAVthread_context@123@I@Z 100100d0 f   concurrent_monitor.obj
 0001:0000f150       ?cancel_wait@concurrent_monitor@internal@tbb@@QAEXAAVthread_context@123@@Z 10010150 f   concurrent_monitor.obj
 0001:0000f1b0       ___local_stdio_printf_options 100101b0 f i private_server.obj
 0001:0000f1c0       __vfprintf_l               100101c0 f i private_server.obj
 0001:0000f1f0       _fprintf                   100101f0 f i private_server.obj
 0001:0000f210       ?launch@thread_monitor@internal@rml@@SAPAXP6GIPAX@Z0IPBI@Z 10010210 f i private_server.obj
 0001:0000f380       ?execute@empty_task@tbb@@EAEPAVtask@2@XZ 10010380 f i arena.obj
 0001:0000f380       ?version@market@internal@tbb@@EBEIXZ 10010380 f i market.obj
 0001:0000f380       ?version@private_server@rml@internal@tbb@@UBEIXZ 10010380 f i private_server.obj
 0001:0000f390       ?request_close_connection@private_server@rml@internal@tbb@@UAEX_N@Z 10010390 f i private_server.obj
 0001:0000f4a0       ?default_concurrency@private_server@rml@internal@tbb@@UBEIXZ 100104a0 f i private_server.obj
 0001:0000f4e0       ?thread_routine@private_worker@rml@internal@tbb@@CGIPAX@Z 100104e0 f   private_server.obj
 0001:0000f530       ?run@private_worker@rml@internal@tbb@@AAEXXZ 10010530 f   private_server.obj
 0001:0000f6c0       ??0private_server@rml@internal@tbb@@QAE@AAVtbb_client@123@@Z 100106c0 f   private_server.obj
 0001:0000f840       ??_Eprivate_server@rml@internal@tbb@@EAEPAXI@Z 10010840 f i * CIL library *:* CIL module *
 0001:0000f840       ??_Gprivate_server@rml@internal@tbb@@EAEPAXI@Z 10010840 f i private_server.obj
 0001:0000f8d0       ?wake_some@private_server@rml@internal@tbb@@AAEXH@Z 100108d0 f   private_server.obj
 0001:0000fa10       ?adjust_job_count_estimate@private_server@rml@internal@tbb@@UAEXH@Z 10010a10 f   private_server.obj
 0001:0000fa30       ??0exception@std@@QAE@ABV01@@Z 10010a30 f i tbb_misc.obj
 0001:0000fa60       ?what@exception@std@@UBEPBDXZ 10010a60 f i tbb_misc.obj
 0001:0000fa70       ??_Ginvalid_multiple_scheduling@tbb@@UAEPAXI@Z 10010a70 f i tbb_misc.obj
 0001:0000fa70       ??_Ebad_last_alloc@tbb@@UAEPAXI@Z 10010a70 f i * CIL library *:* CIL module *
 0001:0000fa70       ??_Gmissing_wait@tbb@@UAEPAXI@Z 10010a70 f i tbb_misc.obj
 0001:0000fa70       ??_Gexception@std@@UAEPAXI@Z 10010a70 f i tbb_misc.obj
 0001:0000fa70       ??_Gimproper_lock@tbb@@UAEPAXI@Z 10010a70 f i tbb_misc.obj
 0001:0000fa70       ??_Gruntime_error@std@@UAEPAXI@Z 10010a70 f i tbb_misc.obj
 0001:0000fa70       ??_Elength_error@std@@UAEPAXI@Z 10010a70 f i * CIL library *:* CIL module *
 0001:0000fa70       ??_Elogic_error@std@@UAEPAXI@Z 10010a70 f i * CIL library *:* CIL module *
 0001:0000fa70       ??_Gout_of_range@std@@UAEPAXI@Z 10010a70 f i tbb_misc.obj
 0001:0000fa70       ??_Glogic_error@std@@UAEPAXI@Z 10010a70 f i tbb_misc.obj
 0001:0000fa70       ??_Erange_error@std@@UAEPAXI@Z 10010a70 f i * CIL library *:* CIL module *
 0001:0000fa70       ??_Eexception@std@@UAEPAXI@Z 10010a70 f i * CIL library *:* CIL module *
 0001:0000fa70       ??_Ebad_alloc@std@@UAEPAXI@Z 10010a70 f i * CIL library *:* CIL module *
 0001:0000fa70       ??_Glength_error@std@@UAEPAXI@Z 10010a70 f i tbb_misc.obj
 0001:0000fa70       ??_Einvalid_argument@std@@UAEPAXI@Z 10010a70 f i * CIL library *:* CIL module *
 0001:0000fa70       ??_Guser_abort@tbb@@UAEPAXI@Z 10010a70 f i tbb_misc.obj
 0001:0000fa70       ??_Gbad_last_alloc@tbb@@UAEPAXI@Z 10010a70 f i tbb_misc.obj
 0001:0000fa70       ??_Grange_error@std@@UAEPAXI@Z 10010a70 f i tbb_misc.obj
 0001:0000fa70       ??_Eout_of_range@std@@UAEPAXI@Z 10010a70 f i * CIL library *:* CIL module *
 0001:0000fa70       ??_Einvalid_multiple_scheduling@tbb@@UAEPAXI@Z 10010a70 f i * CIL library *:* CIL module *
 0001:0000fa70       ??_Eimproper_lock@tbb@@UAEPAXI@Z 10010a70 f i * CIL library *:* CIL module *
 0001:0000fa70       ??_Ginvalid_argument@std@@UAEPAXI@Z 10010a70 f i tbb_misc.obj
 0001:0000fa70       ??_Euser_abort@tbb@@UAEPAXI@Z 10010a70 f i * CIL library *:* CIL module *
 0001:0000fa70       ??_Emissing_wait@tbb@@UAEPAXI@Z 10010a70 f i * CIL library *:* CIL module *
 0001:0000fa70       ??_Eruntime_error@std@@UAEPAXI@Z 10010a70 f i * CIL library *:* CIL module *
 0001:0000fa70       ??_Gbad_alloc@std@@UAEPAXI@Z 10010a70 f i tbb_misc.obj
 0001:0000faa0       ??0bad_alloc@std@@QAE@XZ   10010aa0 f i tbb_misc.obj
 0001:0000fac0       ??1__non_rtti_object@std@@UAE@XZ 10010ac0 f i libvcruntime:rtti.obj
 0001:0000fac0       ??1invalid_argument@std@@UAE@XZ 10010ac0 f i tbb_misc.obj
 0001:0000fac0       ??1improper_lock@tbb@@UAE@XZ 10010ac0 f i tbb_misc.obj
 0001:0000fac0       ??1bad_cast@std@@UAE@XZ    10010ac0 f i libvcruntime:rtti.obj
 0001:0000fac0       ??1out_of_range@std@@UAE@XZ 10010ac0 f i tbb_misc.obj
 0001:0000fac0       ??1invalid_multiple_scheduling@tbb@@UAE@XZ 10010ac0 f i tbb_misc.obj
 0001:0000fac0       ??1bad_alloc@std@@UAE@XZ   10010ac0 f i tbb_misc.obj
 0001:0000fac0       ??1bad_typeid@std@@UAE@XZ  10010ac0 f i libvcruntime:rtti.obj
 0001:0000fac0       ??1runtime_error@std@@UAE@XZ 10010ac0 f i tbb_misc.obj
 0001:0000fac0       ??1range_error@std@@UAE@XZ 10010ac0 f i tbb_misc.obj
 0001:0000fac0       ??1bad_last_alloc@tbb@@UAE@XZ 10010ac0 f i tbb_misc.obj
 0001:0000fac0       ??1length_error@std@@UAE@XZ 10010ac0 f i tbb_misc.obj
 0001:0000fac0       ??1bad_exception@std@@UAE@XZ 10010ac0 f i libcpmt:excptptr.obj
 0001:0000fac0       ??1user_abort@tbb@@UAE@XZ  10010ac0 f i tbb_misc.obj
 0001:0000fac0       ??1bad_array_new_length@std@@UAE@XZ 10010ac0 f i LIBCMT:throw_bad_alloc.obj
 0001:0000fac0       ??1missing_wait@tbb@@UAE@XZ 10010ac0 f i tbb_misc.obj
 0001:0000fae0       _vsnprintf                 10010ae0 f i tbb_misc.obj
 0001:0000fb20       __snprintf                 10010b20 f i tbb_misc.obj
 0001:0000fb60       ?set_assertion_handler@tbb@@YAP6AXPBDH00@ZP6AX0H00@Z@Z 10010b60 f   tbb_misc.obj
 0001:0000fb80       ?assertion_failure@tbb@@YAXPBDH00@Z 10010b80 f   tbb_misc.obj
 0001:0000fc00       ?runtime_warning@internal@tbb@@YAXPBDZZ 10010c00 f   tbb_misc.obj
 0001:0000fc70       ??0invalid_argument@std@@QAE@PBD@Z 10010c70 f i tbb_misc.obj
 0001:0000fcb0       ??0length_error@std@@QAE@PBD@Z 10010cb0 f i tbb_misc.obj
 0001:0000fcf0       ??0out_of_range@std@@QAE@PBD@Z 10010cf0 f i tbb_misc.obj
 0001:0000fd30       ??0runtime_error@std@@QAE@PBD@Z 10010d30 f i tbb_misc.obj
 0001:0000fd70       ??0range_error@std@@QAE@PBD@Z 10010d70 f i tbb_misc.obj
 0001:0000fdb0       ??0runtime_error@std@@QAE@ABV01@@Z 10010db0 f i tbb_misc.obj
 0001:0000fdf0       ?what@bad_last_alloc@tbb@@UBEPBDXZ 10010df0 f   tbb_misc.obj
 0001:0000fe00       ?what@improper_lock@tbb@@UBEPBDXZ 10010e00 f   tbb_misc.obj
 0001:0000fe10       ?what@user_abort@tbb@@UBEPBDXZ 10010e10 f   tbb_misc.obj
 0001:0000fe20       ?what@invalid_multiple_scheduling@tbb@@UBEPBDXZ 10010e20 f   tbb_misc.obj
 0001:0000fe30       ?what@missing_wait@tbb@@UBEPBDXZ 10010e30 f   tbb_misc.obj
 0001:0000fe40       ?handle_perror@internal@tbb@@YAXHPBD@Z 10010e40 f   tbb_misc.obj
 0001:0000feb0       ?handle_win_error@internal@tbb@@YAXH@Z 10010eb0 f   tbb_misc.obj
 0001:0000ff10       ?throw_bad_last_alloc_exception_v4@internal@tbb@@YAXXZ 10010f10 f   tbb_misc.obj
 0001:0000ff40       ?throw_exception_v4@internal@tbb@@YAXW4exception_id@12@@Z 10010f40 f   tbb_misc.obj
 0001:00010180       ??0bad_last_alloc@tbb@@QAE@XZ 10011180 f i tbb_misc.obj
 0001:000101a0       ??0missing_wait@tbb@@QAE@XZ 100111a0 f i tbb_misc.obj
 0001:000101c0       ??0invalid_multiple_scheduling@tbb@@QAE@XZ 100111c0 f i tbb_misc.obj
 0001:000101e0       ??0improper_lock@tbb@@QAE@XZ 100111e0 f i tbb_misc.obj
 0001:00010200       ??0user_abort@tbb@@QAE@XZ  10011200 f i tbb_misc.obj
 0001:00010220       ??0bad_alloc@std@@QAE@ABV01@@Z 10011220 f i tbb_misc.obj
 0001:00010260       ??0bad_last_alloc@tbb@@QAE@ABV01@@Z 10011260 f i tbb_misc.obj
 0001:000102a0       ??0invalid_argument@std@@QAE@ABV01@@Z 100112a0 f i tbb_misc.obj
 0001:000102e0       ??0logic_error@std@@QAE@ABV01@@Z 100112e0 f i tbb_misc.obj
 0001:00010320       ??0out_of_range@std@@QAE@ABV01@@Z 10011320 f i tbb_misc.obj
 0001:00010360       ??0range_error@std@@QAE@ABV01@@Z 10011360 f i tbb_misc.obj
 0001:000103a0       ??0missing_wait@tbb@@QAE@ABV01@@Z 100113a0 f i tbb_misc.obj
 0001:000103e0       ??0invalid_multiple_scheduling@tbb@@QAE@ABV01@@Z 100113e0 f i tbb_misc.obj
 0001:00010420       ??0improper_lock@tbb@@QAE@ABV01@@Z 10011420 f i tbb_misc.obj
 0001:00010460       ??0length_error@std@@QAE@ABV01@@Z 10011460 f i tbb_misc.obj
 0001:000104a0       ??0user_abort@tbb@@QAE@ABV01@@Z 100114a0 f i tbb_misc.obj
 0001:000104e0       ?PrintExtraVersionInfo@internal@tbb@@YAXPBD0ZZ 100114e0 f   tbb_misc.obj
 0001:00010560       ?PrintRMLVersionInfo@internal@tbb@@YAXPAXPBD@Z 10011560 f   tbb_misc.obj
 0001:00010580       _TBB_runtime_interface_version 10011580 f   tbb_misc.obj
 0001:00010590       ___TBB_machine_store8_slow 10011590 f   tbb_misc.obj
 0001:000107b0       ?allocate@allocate_root_proxy@internal@tbb@@SAAAVtask@3@I@Z 100117b0 f   task.obj
 0001:00010890       ?free@allocate_root_proxy@internal@tbb@@SAXAAVtask@3@@Z 10011890 f   task.obj
 0001:00010970       ?allocate@allocate_root_with_context_proxy@internal@tbb@@QBEAAVtask@3@I@Z 10011970 f   task.obj
 0001:00010ad0       ?free@allocate_root_with_context_proxy@internal@tbb@@QBEXAAVtask@3@@Z 10011ad0 f   task.obj
 0001:00010ad0       ?free@allocate_child_proxy@internal@tbb@@QBEXAAVtask@3@@Z 10011ad0 f   task.obj
 0001:00010bc0       ?allocate@allocate_continuation_proxy@internal@tbb@@QBEAAVtask@3@I@Z 10011bc0 f   task.obj
 0001:00010cb0       ?free@allocate_continuation_proxy@internal@tbb@@QBEXAAVtask@3@@Z 10011cb0 f   task.obj
 0001:00010db0       ?allocate@allocate_child_proxy@internal@tbb@@QBEAAVtask@3@I@Z 10011db0 f   task.obj
 0001:00010e90       ?allocate@allocate_additional_child_of_proxy@internal@tbb@@QBEAAVtask@3@I@Z 10011e90 f   task.obj
 0001:00010f80       ?free@allocate_additional_child_of_proxy@internal@tbb@@QBEXAAVtask@3@@Z 10011f80 f   task.obj
 0001:000110a0       ?get_initial_auto_partitioner_divisor@internal@tbb@@YAIXZ 100120a0 f   task.obj
 0001:000110e0       ?resize@affinity_partitioner_base_v3@internal@tbb@@AAEXI@Z 100120e0 f   task.obj
 0001:00011180       ?internal_set_ref_count@task@tbb@@AAEXH@Z 10012180 f   task.obj
 0001:000111b0       ?internal_decrement_ref_count@task@tbb@@AAEHXZ 100121b0 f   task.obj
 0001:000111f0       ?self@task@tbb@@SAAAV12@XZ 100121f0 f   task.obj
 0001:000112c0       ___acrt_uninitialize_command_line 100122c0 f   libucrt:argv_data.obj
 0001:000112c0       ?is_owned_by_current_thread@task@tbb@@QBE_NXZ 100122c0 f   task.obj
 0001:000112d0       ?destroy@task_base@internal@interface5@tbb@@SAXAAVtask@4@@Z 100122d0 f   task.obj
 0001:00011410       ?spawn_and_wait_for_all@task@tbb@@QAEXAAVtask_list@2@@Z 10012410 f   task.obj
 0001:00011480       ?change_group@task@tbb@@QAEXAAVtask_group_context@2@@Z 10012480 f   task.obj
 0001:000115c0       ??1exception_ptr@std@@QAE@XZ 100125c0 f i task_group_context.obj
 0001:00011600       ??0exception_ptr@std@@QAE@ABV01@@Z 10012600 f i task_group_context.obj
 0001:00011650       ?get_env@cpu_ctl_env@internal@tbb@@QAEXXZ 10012650 f i task_group_context.obj
 0001:00011670       ??0captured_exception@tbb@@QAE@ABV01@@Z 10012670 f i task_group_context.obj
 0001:000116c0       ?throw_self@captured_exception@tbb@@UAEXXZ 100126c0 f i task_group_context.obj
 0001:000116e0       ??_Ecaptured_exception@tbb@@UAEPAXI@Z 100126e0 f i * CIL library *:* CIL module *
 0001:000116e0       ??_Gcaptured_exception@tbb@@UAEPAXI@Z 100126e0 f i task_group_context.obj
 0001:00011790       ??0tbb_exception@tbb@@QAE@ABV01@@Z 10012790 f i task_group_context.obj
 0001:000117d0       ??_Gtbb_exception@tbb@@UAEPAXI@Z 100127d0 f i task_group_context.obj
 0001:000117d0       ??_Etbb_exception@tbb@@UAEPAXI@Z 100127d0 f i * CIL library *:* CIL module *
 0001:00011860       ??1captured_exception@tbb@@UAE@XZ 10012860 f   task_group_context.obj
 0001:000118a0       ?set@captured_exception@tbb@@QAEXPBD0@Z 100128a0 f   task_group_context.obj
 0001:00011950       ?clear@captured_exception@tbb@@QAEXXZ 10012950 f   task_group_context.obj
 0001:00011980       ?move@captured_exception@tbb@@UAEPAV12@XZ 10012980 f   task_group_context.obj
 0001:000119e0       ?destroy@captured_exception@tbb@@UAEXXZ 100129e0 f   task_group_context.obj
 0001:00011a30       ?allocate@captured_exception@tbb@@SAPAV12@PBD0@Z 10012a30 f   task_group_context.obj
 0001:00011a80       ?name@captured_exception@tbb@@UBEPBDXZ 10012a80 f   task_group_context.obj
 0001:00011a90       ?what@captured_exception@tbb@@UBEPBDXZ 10012a90 f   task_group_context.obj
 0001:00011aa0       ?allocate@tbb_exception_ptr@internal@tbb@@SAPAV123@XZ 10012aa0 f   task_group_context.obj
 0001:00011aa0       ?allocate@tbb_exception_ptr@internal@tbb@@SAPAV123@ABVtbb_exception@3@@Z 10012aa0 f   task_group_context.obj
 0001:00011b40       ?allocate@tbb_exception_ptr@internal@tbb@@SAPAV123@AAVcaptured_exception@3@@Z 10012b40 f   task_group_context.obj
 0001:00011c70       ??1task_group_context@tbb@@QAE@XZ 10012c70 f   task_group_context.obj
 0001:00011ed0       ?init@task_group_context@tbb@@IAEXXZ 10012ed0 f   task_group_context.obj
 0001:00011f30       ?register_with@task_group_context@tbb@@QAEXPAVgeneric_scheduler@internal@2@@Z 10012f30 f   task_group_context.obj
 0001:00011ff0       ?bind_to@task_group_context@tbb@@QAEXPAVgeneric_scheduler@internal@2@@Z 10012ff0 f   task_group_context.obj
 0001:000120e0       ?cancel_group_execution@task_group_context@tbb@@QAE_NXZ 100130e0 f   task_group_context.obj
 0001:000121e0       ?is_group_execution_cancelled@task_group_context@tbb@@QBE_NXZ 100131e0 f   task_group_context.obj
 0001:000121f0       ?reset@task_group_context@tbb@@QAEXXZ 100131f0 f   task_group_context.obj
 0001:00012270       ?capture_fp_settings@task_group_context@tbb@@QAEXXZ 10013270 f   task_group_context.obj
 0001:00012290       ?register_pending_exception@task_group_context@tbb@@QAEXXZ 10013290 f   task_group_context.obj
 0001:000123d0       ?set_priority@task_group_context@tbb@@QAEXW4priority_t@2@@Z 100133d0 f   task_group_context.obj
 0001:00012530       ?priority@task_group_context@tbb@@QBE?AW4priority_t@2@XZ 10013530 f   task_group_context.obj
 0001:00012540       ??$propagate_task_group_state@I@market@internal@tbb@@QAE_NPQtask_group_context@2@IAAV32@I@Z 10013540 f i task_group_context.obj
 0001:00012600       ??$propagate_task_group_state@I@generic_scheduler@internal@tbb@@QAEXPQtask_group_context@2@IAAV32@I@Z 10013600 f i task_group_context.obj
 0001:000126a0       ??$propagate_task_group_state@H@generic_scheduler@internal@tbb@@QAEXPQtask_group_context@2@HAAV32@H@Z 100136a0 f i task_group_context.obj
 0001:00012740       ?initialize_cilk_interop@internal@tbb@@YA_NXZ 10013740 f   governor.obj
 0001:00012760       ?sign_on@governor@internal@tbb@@SAXPAVgeneric_scheduler@23@@Z 10013760 f   governor.obj
 0001:000127c0       ?init_scheduler@governor@internal@tbb@@SAPAVgeneric_scheduler@23@HI_N@Z 100137c0 f   governor.obj
 0001:000129d0       ?auto_terminate@governor@internal@tbb@@CAXPAX@Z 100139d0 f   governor.obj
 0001:00012a50       ?stack_op_handler@governor@internal@tbb@@SAHW4__cilk_tbb_stack_op@@PAX@Z 10013a50 f   governor.obj
 0001:00012ad0       ?initialize@task_scheduler_init@tbb@@QAEXH@Z 10013ad0 f   governor.obj
 0001:00012af0       ?initialize@task_scheduler_init@tbb@@QAEXHI@Z 10013af0 f   governor.obj
 0001:00012cc0       ?internal_terminate@task_scheduler_init@tbb@@AAE_N_N@Z 10013cc0 f   governor.obj
 0001:00012db0       ?terminate@task_scheduler_init@tbb@@QAEXXZ 10013db0 f   governor.obj
 0001:00012dc0       ?internal_blocking_terminate@task_scheduler_init@tbb@@AAE_N_N@Z 10013dc0 f   governor.obj
 0001:00012df0       ?default_num_threads@task_scheduler_init@tbb@@SAHXZ 10013df0 f   governor.obj
 0001:00012e30       ??1scoped_lock@spin_rw_mutex_v3@tbb@@QAE@XZ 10013e30 f i market.obj
 0001:00012e50       ?max_job_count@market@internal@tbb@@EBEIXZ 10013e50 f i market.obj
 0001:00012e60       ?min_stack_size@market@internal@tbb@@EBEIXZ 10013e60 f i market.obj
 0001:00012e70       ?policy@market@internal@tbb@@EBE?AW4policy_type@client@rml@@XZ 10013e70 f i market.obj
 0001:00012e80       ?recall_by_mandatory_request@arena@internal@tbb@@QBE_NXZ 10013e80 f i market.obj
 0001:00012f20       ?global_market@market@internal@tbb@@CAAAV123@_NII@Z 10013f20 f   market.obj
 0001:00013320       ?release@market@internal@tbb@@QAE_N_N0@Z 10014320 f   market.obj
 0001:00013450       ?set_active_num_workers@market@internal@tbb@@SAXI@Z 10014450 f   market.obj
 0001:00013660       ?create_arena@market@internal@tbb@@SAPAVarena@23@HHI@Z 10014660 f   market.obj
 0001:00013780       ?try_destroy_arena@market@internal@tbb@@QAEXPAVarena@23@I@Z 10014780 f   market.obj
 0001:00013890       ?update_global_top_priority@market@internal@tbb@@AAEXH@Z 10014890 f i market.obj
 0001:000138c0       ?update_allotment@market@internal@tbb@@AAEXH@Z 100148c0 f   market.obj
 0001:00013a00       ?mandatory_concurrency_enable@market@internal@tbb@@QAE_NPAVarena@23@@Z 10014a00 f   market.obj
 0001:00013ac0       ?mandatory_concurrency_disable@market@internal@tbb@@QAEXPAVarena@23@@Z 10014ac0 f   market.obj
 0001:00013c40       ?adjust_demand@market@internal@tbb@@QAEXAAVarena@23@H@Z 10014c40 f   market.obj
 0001:00013ef0       ?process@market@internal@tbb@@EAEXAAVjob@rml@@@Z 10014ef0 f   market.obj
 0001:00014010       ?cleanup@market@internal@tbb@@EAEXAAVjob@rml@@@Z 10015010 f   market.obj
 0001:000140f0       ?acknowledge_close_connection@market@internal@tbb@@EAEXXZ 100150f0 f   market.obj
 0001:00014100       ?create_one_job@market@internal@tbb@@EAEPAVjob@rml@@XZ 10015100 f   market.obj
 0001:000141d0       ?update_arena_top_priority@market@internal@tbb@@AAEXAAVarena@23@H@Z 100151d0 f   market.obj
 0001:000142c0       ?lower_arena_priority@market@internal@tbb@@QAE_NAAVarena@23@HI@Z 100152c0 f   market.obj
 0001:000143b0       ?update_arena_priority@market@internal@tbb@@QAE_NAAVarena@23@H@Z 100153b0 f   market.obj
 0001:000144e0       ?_RethrowException@exception_ptr@std@@QBEXXZ 100154e0 f i arena.obj
 0001:000144f0       ?rethrow_exception@std@@YAXVexception_ptr@1@@Z 100154f0 f i arena.obj
 0001:00014530       ?set_env@cpu_ctl_env@internal@tbb@@QBEXXZ 10015530 f i arena.obj
 0001:00014550       ?throw_self@tbb_exception_ptr@internal@tbb@@QAEXXZ 10015550 f i arena.obj
 0001:00014570       ?occupy_free_slot_in_range@arena@internal@tbb@@QAEIAAVgeneric_scheduler@23@II@Z 10015570 f   arena.obj
 0001:00014650       ?process@arena@internal@tbb@@QAEXAAVgeneric_scheduler@23@@Z 10015650 f   arena.obj
 0001:000149d0       ??0arena@internal@tbb@@QAE@AAVmarket@12@II@Z 100159d0 f   arena.obj
 0001:00014c60       ??1?$padded@Uarena_base@internal@tbb@@$0IA@@internal@tbb@@QAE@XZ 10015c60 f i arena.obj
 0001:00014c80       ?free_arena@arena@internal@tbb@@QAEXXZ 10015c80 f   arena.obj
 0001:00014e60       ?may_have_tasks@arena@internal@tbb@@QAE_NPAVgeneric_scheduler@23@AA_N1@Z 10015e60 f i arena.obj
 0001:00014ed0       ?orphan_offloaded_tasks@arena@internal@tbb@@QAEXAAVgeneric_scheduler@23@@Z 10015ed0 f   arena.obj
 0001:00014f20       ?restore_priority_if_need@arena@internal@tbb@@AAEXXZ 10015f20 f   arena.obj
 0001:00014f90       ?is_out_of_work@arena@internal@tbb@@QAE_NXZ 10015f90 f   arena.obj
 0001:00015220       ?enqueue_task@arena@internal@tbb@@QAEXAAVtask@3@HAAVFastRandom@23@@Z 10016220 f   arena.obj
 0001:000152c0       ??0nested_arena_context@internal@tbb@@QAE@PAVgeneric_scheduler@12@PAVarena@12@I_N2@Z 100162c0 f i arena.obj
 0001:000153a0       ??1nested_arena_context@internal@tbb@@QAE@XZ 100163a0 f i arena.obj
 0001:00015530       ?nested_arena_entry@generic_scheduler@internal@tbb@@QAEXPAVarena@23@I@Z 10016530 f   arena.obj
 0001:00015780       ??0auto_empty_task@internal@tbb@@QAE@PAVgeneric_scheduler@12@PAVtask_group_context@2@@Z 10016780 f i arena.obj
 0001:00015820       ??1auto_empty_task@internal@tbb@@QAE@XZ 10016820 f i arena.obj
 0001:00015870       ?internal_initialize@task_arena_base@internal@interface7@tbb@@IAEXXZ 10016870 f   arena.obj
 0001:00015bb0       ?internal_terminate@task_arena_base@internal@interface7@tbb@@IAEXXZ 10016bb0 f   arena.obj
 0001:00015c30       ?internal_attach@task_arena_base@internal@interface7@tbb@@IAEXXZ 10016c30 f   arena.obj
 0001:00015ca0       ?internal_enqueue@task_arena_base@internal@interface7@tbb@@IBEXAAVtask@4@H@Z 10016ca0 f   arena.obj
 0001:00015cd0       ?execute@delegated_task@internal@interface7@tbb@@EAEPAVtask@4@XZ 10016cd0 f i arena.obj
 0001:00015d80       ??_Edelegated_task@internal@interface7@tbb@@EAEPAXI@Z 10016d80 f i * CIL library *:* CIL module *
 0001:00015d80       ??_Gdelegated_task@internal@interface7@tbb@@EAEPAXI@Z 10016d80 f i arena.obj
 0001:00015e70       ?internal_execute@task_arena_base@internal@interface7@tbb@@IBEXAAVdelegate_base@234@@Z 10016e70 f   arena.obj
 0001:00016490       ?execute@wait_task@internal@interface7@tbb@@EAEPAVtask@4@XZ 10017490 f i arena.obj
 0001:000164f0       ??_Gwait_task@internal@interface7@tbb@@UAEPAXI@Z 100174f0 f i arena.obj
 0001:000164f0       ??_E?$function_task@Vspawn_functor@graph@interface10@flow@tbb@@@internal@tbb@@UAEPAXI@Z 100174f0 f i * CIL library *:* CIL module *
 0001:000164f0       ??_Ewait_task@internal@interface7@tbb@@UAEPAXI@Z 100174f0 f i * CIL library *:* CIL module *
 0001:000164f0       ??_G?$function_task@Vspawn_functor@graph@interface10@flow@tbb@@@internal@tbb@@UAEPAXI@Z 100174f0 f i arena.obj
 0001:00016520       ?internal_wait@task_arena_base@internal@interface7@tbb@@IBEXXZ 10017520 f   arena.obj
 0001:00016800       ?internal_current_slot@task_arena_base@internal@interface7@tbb@@KAHXZ 10017800 f   arena.obj
 0001:00016820       ??1isolation_guard@internal@interface7@tbb@@QAE@XZ 10017820 f i arena.obj
 0001:00016830       ?isolate_within_arena@internal@interface7@tbb@@YAXAAVdelegate_base@123@H@Z 10017830 f   arena.obj
 0001:00016940       ?internal_max_concurrency@task_arena_base@internal@interface7@tbb@@KAHPBVtask_arena@34@@Z 10017940 f   arena.obj
 0001:000169b0       ?restore_default@?$context_guard_helper@$0A@@internal@tbb@@QAEXXZ 100179b0 f i arena.obj
 0001:000169e0       ?set_ctx@?$context_guard_helper@$0A@@internal@tbb@@QAEXPBVtask_group_context@3@@Z 100179e0 f i arena.obj
 0001:000169e0       ?set_ctx@?$context_guard_helper@$00@internal@tbb@@QAEXPBVtask_group_context@3@@Z 100179e0 f i scheduler.obj
 0001:00016a10       ??1?$context_guard_helper@$0A@@internal@tbb@@QAE@XZ 10017a10 f i arena.obj
 0001:00016a10       ??1?$context_guard_helper@$00@internal@tbb@@QAE@XZ 10017a10 f i scheduler.obj
 0001:00016a30       ?execute@?$function_task@Vspawn_functor@graph@interface10@flow@tbb@@@internal@tbb@@EAEPAVtask@3@XZ 10017a30 f i arena.obj
 0001:00016a50       ?push@?$task_stream@$02@internal@tbb@@QAEXPAVtask@3@HAAVFastRandom@23@@Z 10017a50 f i arena.obj
 0001:00016bb0       ??1?$task_stream@$02@internal@tbb@@QAE@XZ 10017bb0 f i arena.obj
 0001:00016c40       ??0?$padded@U?$queue_and_mutex@PAVtask@tbb@@Vspin_mutex@2@@internal@tbb@@$0IA@@internal@tbb@@QAE@XZ 10017c40 f i arena.obj
 0001:00016cb0       ??1?$padded@U?$queue_and_mutex@PAVtask@tbb@@Vspin_mutex@2@@internal@tbb@@$0IA@@internal@tbb@@QAE@XZ 10017cb0 f i arena.obj
 0001:00016d70       ?_Growmap@?$deque@PAVtask@tbb@@V?$tbb_allocator@PAVtask@tbb@@@2@@std@@IAEXI@Z 10017d70 f i arena.obj
 0001:00016f80       ?_Xlen@?$deque@PAVtask@tbb@@V?$tbb_allocator@PAVtask@tbb@@@2@@std@@IBEXXZ 10017f80 f i arena.obj
 0001:00016f90       ??$advertise_new_work@$01@arena@internal@tbb@@QAEXXZ 10017f90 f i arena.obj
 0001:00017050       ??$on_thread_leaving@$00@arena@internal@tbb@@QAEXXZ 10018050 f i arena.obj
 0001:000170c0       ??$occupy_free_slot@$0A@@arena@internal@tbb@@QAEIAAVgeneric_scheduler@12@@Z 100180c0 f i arena.obj
 0001:00017150       ?prolonged_pause@internal@tbb@@YAXXZ 10018150 f i scheduler.obj
 0001:000171c0       ?allocate_task_pool@arena_slot@internal@tbb@@QAEXI@Z 100181c0 f i scheduler.obj
 0001:00017230       ??1scheduler@internal@tbb@@UAE@XZ 10018230 f   scheduler.obj
 0001:00017240       ??0generic_scheduler@internal@tbb@@IAE@AAVmarket@12@@Z 10018240 f   scheduler.obj
 0001:000173e0       ??_G?$custom_scheduler@UIntelSchedulerTraits@internal@tbb@@@internal@tbb@@UAEPAXI@Z 100183e0 f i scheduler.obj
 0001:000173e0       ??_E?$custom_scheduler@UIntelSchedulerTraits@internal@tbb@@@internal@tbb@@UAEPAXI@Z 100183e0 f i * CIL library *:* CIL module *
 0001:000173e0       ??_Egeneric_scheduler@internal@tbb@@UAEPAXI@Z 100183e0 f i * CIL library *:* CIL module *
 0001:000173e0       ??_E?$custom_scheduler@UDefaultSchedulerTraits@internal@tbb@@@internal@tbb@@UAEPAXI@Z 100183e0 f i * CIL library *:* CIL module *
 0001:000173e0       ??_G?$custom_scheduler@UDefaultSchedulerTraits@internal@tbb@@@internal@tbb@@UAEPAXI@Z 100183e0 f i scheduler.obj
 0001:000173e0       ??_Ggeneric_scheduler@internal@tbb@@UAEPAXI@Z 100183e0 f i scheduler.obj
 0001:00017410       ?free_scheduler@generic_scheduler@internal@tbb@@QAEXXZ 10018410 f   scheduler.obj
 0001:00017590       ?allocate_task@generic_scheduler@internal@tbb@@QAEAAVtask@3@IPAV43@PAVtask_group_context@3@@Z 10018590 f   scheduler.obj
 0001:00017670       ?free_nonlocal_small_task@generic_scheduler@internal@tbb@@QAEXAAVtask@3@@Z 10018670 f   scheduler.obj
 0001:000176f0       ?prepare_task_pool@generic_scheduler@internal@tbb@@QAEII@Z 100186f0 f i scheduler.obj
 0001:000178e0       ?acquire_task_pool@generic_scheduler@internal@tbb@@QBEXXZ 100188e0 f i scheduler.obj
 0001:00017980       ?release_task_pool@generic_scheduler@internal@tbb@@QBEXXZ 10018980 f i scheduler.obj
 0001:000179b0       ?prepare_for_spawning@generic_scheduler@internal@tbb@@QAEPAVtask@3@PAV43@@Z 100189b0 f i scheduler.obj
 0001:00017a50       ?local_spawn@generic_scheduler@internal@tbb@@QAEXPAVtask@3@AAPAV43@@Z 10018a50 f   scheduler.obj
 0001:00017c40       ?spawn@generic_scheduler@internal@tbb@@UAEXAAVtask@3@AAPAV43@@Z 10018c40 f   scheduler.obj
 0001:00017c80       ?spawn_root_and_wait@generic_scheduler@internal@tbb@@UAEXAAVtask@3@AAPAV43@@Z 10018c80 f   scheduler.obj
 0001:00017d60       ?enqueue@generic_scheduler@internal@tbb@@UAEXAAVtask@3@PAX@Z 10018d60 f   scheduler.obj
 0001:00017da0       ??1auto_indicator@internal@tbb@@QAE@XZ 10018da0 f i scheduler.obj
 0001:00017db0       ?get_task_and_activate_task_pool@generic_scheduler@internal@tbb@@QAEPAVtask@3@IIH@Z 10018db0 f   scheduler.obj
 0001:00017ec0       ?winnow_task_pool@generic_scheduler@internal@tbb@@QAEPAVtask@3@H@Z 10018ec0 f   scheduler.obj
 0001:00017fa0       ?reload_tasks@generic_scheduler@internal@tbb@@QAEPAVtask@3@AAPAV43@AAPAPAV43@HH@Z 10018fa0 f   scheduler.obj
 0001:000181a0       ?reload_tasks@generic_scheduler@internal@tbb@@QAEPAVtask@3@H@Z 100191a0 f   scheduler.obj
 0001:000182b0       ?get_task@generic_scheduler@internal@tbb@@QAEPAVtask@3@IHAA_N@Z 100192b0 f i scheduler.obj
 0001:000183a0       ?get_task@generic_scheduler@internal@tbb@@QAEPAVtask@3@H@Z 100193a0 f i scheduler.obj
 0001:000185c0       ?steal_task@generic_scheduler@internal@tbb@@QAEPAVtask@3@AAUarena_slot@23@H@Z 100195c0 f   scheduler.obj
 0001:00018770       ?get_mailbox_task@generic_scheduler@internal@tbb@@QAEPAVtask@3@H@Z 10019770 f   scheduler.obj
 0001:000188b0       ?create_master@generic_scheduler@internal@tbb@@SAPAV123@PAVarena@23@@Z 100198b0 f   scheduler.obj
 0001:00018c40       ?cleanup_master@generic_scheduler@internal@tbb@@QAE_N_N@Z 10019c40 f   scheduler.obj
 0001:00018dc0       ?copy_memory@?$fast_reverse_vector@PAVtask@tbb@@$0BA@@internal@tbb@@QBEXPAPAVtask@3@@Z 10019dc0 f i scheduler.obj
 0001:00018e40       ?push_back@?$fast_reverse_vector@PAVtask@tbb@@$0BA@@internal@tbb@@QAEXABQAVtask@3@@Z 10019e40 f i scheduler.obj
 0001:00018ee0       ??1?$fast_reverse_vector@PAVtask@tbb@@$0BA@@internal@tbb@@QAE@XZ 10019ee0 f i scheduler.obj
 0001:00018f40       ?allocate_scheduler@?$custom_scheduler@UIntelSchedulerTraits@internal@tbb@@@internal@tbb@@SAPAVgeneric_scheduler@23@AAVmarket@23@@Z 10019f40 f i scheduler.obj
 0001:00018fb0       ?wait_for_all@?$custom_scheduler@UIntelSchedulerTraits@internal@tbb@@@internal@tbb@@EAEXAAVtask@3@PAV43@@Z 10019fb0 f i scheduler.obj
 0001:00018ff0       ?allocate_scheduler@?$custom_scheduler@UDefaultSchedulerTraits@internal@tbb@@@internal@tbb@@SAPAVgeneric_scheduler@23@AAVmarket@23@@Z 10019ff0 f i scheduler.obj
 0001:00019060       ?wait_for_all@?$custom_scheduler@UDefaultSchedulerTraits@internal@tbb@@@internal@tbb@@EAEXAAVtask@3@PAV43@@Z 1001a060 f i scheduler.obj
 0001:000190a0       ?local_wait_for_all@?$custom_scheduler@UDefaultSchedulerTraits@internal@tbb@@@internal@tbb@@EAEXAAVtask@3@PAV43@@Z 1001a0a0 f i scheduler.obj
 0001:00019810       ?receive_or_steal_task@?$custom_scheduler@UDefaultSchedulerTraits@internal@tbb@@@internal@tbb@@UAEPAVtask@3@AAHH@Z 1001a810 f i scheduler.obj
 0001:00019ff0       ?local_wait_for_all@?$custom_scheduler@UIntelSchedulerTraits@internal@tbb@@@internal@tbb@@EAEXAAVtask@3@PAV43@@Z 1001aff0 f i scheduler.obj
 0001:0001a680       ?receive_or_steal_task@?$custom_scheduler@UIntelSchedulerTraits@internal@tbb@@@internal@tbb@@UAEPAVtask@3@AAHH@Z 1001b680 f i scheduler.obj
 0001:0001adb0       ??$advertise_new_work@$0A@@arena@internal@tbb@@QAEXXZ 1001bdb0 f i scheduler.obj
 0001:0001ae40       ?pop@?$task_stream@$02@internal@tbb@@QAEPAVtask@3@HAAI@Z 1001be40 f i scheduler.obj
 0001:0001af50       ?insert@observer_list@internal@tbb@@QAEXPAVobserver_proxy@23@@Z 1001bf50 f   observer_proxy.obj
 0001:0001afb0       ?remove_ref@observer_list@internal@tbb@@QAEXPAVobserver_proxy@23@@Z 1001bfb0 f   observer_proxy.obj
 0001:0001b050       ?do_notify_exit_observers@observer_list@internal@tbb@@AAEXPAVobserver_proxy@23@_N@Z 1001c050 f   observer_proxy.obj
 0001:0001b1d0       ?observe@task_scheduler_observer_v3@internal@tbb@@QAEX_N@Z 1001c1d0 f   observer_proxy.obj
 0001:0001b710       ?remove_ref@__TBB_InitOnce@internal@tbb@@SAXXZ 1001c710 f   tbb_main.obj
 0001:0001b7b0       ?DoOneTimeInitializations@internal@tbb@@YAXXZ 1001c7b0 f   tbb_main.obj
 0001:0001bab0       _DllMain@12                1001cab0 f   tbb_main.obj
 0001:0001bbb0       ?itt_store_pointer_with_release_v3@internal@tbb@@YAXPAX0@Z 1001cbb0 f   tbb_main.obj
 0001:0001bbe0       ?itt_load_pointer_with_acquire_v3@internal@tbb@@YAPAXPBX@Z 1001cbe0 f   tbb_main.obj
 0001:0001bc00       ?call_itt_notify_v5@internal@tbb@@YAXHPAX@Z 1001cc00 f   tbb_main.obj
 0001:0001bc50       ?itt_load_pointer_v3@internal@tbb@@YAPAXPBX@Z 1001cc50 f   tbb_main.obj
 0001:0001bc60       ?itt_set_sync_name_v3@internal@tbb@@YAXPAXPB_W@Z 1001cc60 f   tbb_main.obj
 0001:0001bc80       ?is_first_arg_preferred@control_storage@internal@tbb@@MBE_NII@Z 1001cc80 f i tbb_main.obj
 0001:0001bc90       ?active_value@control_storage@internal@tbb@@MBEIXZ 1001cc90 f i tbb_main.obj
 0001:0001bca0       ?default_value@allowed_parallelism_control@internal@tbb@@EBEIXZ 1001cca0 f i tbb_main.obj
 0001:0001bcf0       ?is_first_arg_preferred@allowed_parallelism_control@internal@tbb@@EBE_NII@Z 1001ccf0 f i tbb_main.obj
 0001:0001bd00       ?apply_active@allowed_parallelism_control@internal@tbb@@EBEXXZ 1001cd00 f i tbb_main.obj
 0001:0001bd10       ?active_value@allowed_parallelism_control@internal@tbb@@EBEIXZ 1001cd10 f i tbb_main.obj
 0001:0001bd70       ?default_value@stack_size_control@internal@tbb@@EBEIXZ 1001cd70 f i tbb_main.obj
 0001:0001bd80       ?internal_create@global_control@interface9@tbb@@AAEXXZ 1001cd80 f   tbb_main.obj
 0001:0001be80       ?internal_destroy@global_control@interface9@tbb@@AAEXXZ 1001ce80 f   tbb_main.obj
 0001:0001bff0       ?active_value@global_control@interface9@tbb@@CAIH@Z 1001cff0 f   tbb_main.obj
 0001:0001c080       ?internal_grow_to_at_least@concurrent_vector_base@internal@tbb@@IAEXIIP6AXPAXI@Z@Z 1001d080 f   concurrent_vector_v2.obj
 0001:0001c0c0       ?extend_segment_if_necessary@helper@concurrent_vector_base@internal@tbb@@SAXAAV234@I@Z 1001d0c0 f i concurrent_vector_v2.obj
 0001:0001c180       ?internal_capacity@concurrent_vector_base@internal@tbb@@IBEIXZ 1001d180 f   concurrent_vector_v2.obj
 0001:0001c1c0       ?internal_reserve@concurrent_vector_base@internal@tbb@@IAEXIII@Z 1001d1c0 f   concurrent_vector_v2.obj
 0001:0001c2b0       ?internal_copy@concurrent_vector_base@internal@tbb@@IAEXABV123@IP6AXPAXPBXI@Z@Z 1001d2b0 f   concurrent_vector_v2.obj
 0001:0001c3a0       ?internal_assign@concurrent_vector_base@internal@tbb@@IAEXABV123@IP6AXPAXI@ZP6AX1PBXI@Z4@Z 1001d3a0 f   concurrent_vector_v2.obj
 0001:0001c530       ?internal_push_back@concurrent_vector_base@internal@tbb@@IAEPAXIAAI@Z 1001d530 f   concurrent_vector_v2.obj
 0001:0001c620       ?internal_grow_by@concurrent_vector_base@internal@tbb@@IAEIIIP6AXPAXI@Z@Z 1001d620 f   concurrent_vector_v2.obj
 0001:0001c650       ?internal_grow@concurrent_vector_base@internal@tbb@@IAEXIIIP6AXPAXI@Z@Z 1001d650 f   concurrent_vector_v2.obj
 0001:0001c7a0       ?internal_clear@concurrent_vector_base@internal@tbb@@IAEXP6AXPAXI@Z_N@Z 1001d7a0 f   concurrent_vector_v2.obj
 0001:0001c870       ??1push_finalizer@micro_queue@internal@tbb@@QAE@XZ 1001d870 f i concurrent_queue_v2.obj
 0001:0001c880       ??1pop_finalizer@micro_queue@internal@tbb@@QAE@XZ 1001d880 f i concurrent_queue_v2.obj
 0001:0001c8e0       ?push@micro_queue@internal@tbb@@QAEXPBXIAAVconcurrent_queue_base@23@@Z 1001d8e0 f   concurrent_queue_v2.obj
 0001:0001c9d0       ?pop@micro_queue@internal@tbb@@QAE_NPAXIAAVconcurrent_queue_base@23@@Z 1001d9d0 f   concurrent_queue_v2.obj
 0001:0001cac0       ??0concurrent_queue_base@internal@tbb@@IAE@I@Z 1001dac0 f   concurrent_queue_v2.obj
 0001:0001cb70       ??_Gconcurrent_queue_base@internal@tbb@@MAEPAXI@Z 1001db70 f i concurrent_queue_v2.obj
 0001:0001cb70       ??_Econcurrent_queue_base@internal@tbb@@MAEPAXI@Z 1001db70 f i * CIL library *:* CIL module *
 0001:0001cc10       ??1concurrent_queue_base@internal@tbb@@MAE@XZ 1001dc10 f   concurrent_queue_v2.obj
 0001:0001cc90       ?internal_push@concurrent_queue_base@internal@tbb@@IAEXPBX@Z 1001dc90 f   concurrent_queue_v2.obj
 0001:0001cd20       ?internal_pop@concurrent_queue_base@internal@tbb@@IAEXPAX@Z 1001dd20 f   concurrent_queue_v2.obj
 0001:0001cd60       ?internal_pop_if_present@concurrent_queue_base@internal@tbb@@IAE_NPAX@Z 1001dd60 f   concurrent_queue_v2.obj
 0001:0001ce00       ?internal_push_if_not_full@concurrent_queue_base@internal@tbb@@IAE_NPBX@Z 1001de00 f   concurrent_queue_v2.obj
 0001:0001ceb0       ?internal_size@concurrent_queue_base@internal@tbb@@IBEHXZ 1001deb0 f   concurrent_queue_v2.obj
 0001:0001ced0       ??0concurrent_queue_iterator_base@internal@tbb@@IAE@ABVconcurrent_queue_base@12@@Z 1001ded0 f   concurrent_queue_v2.obj
 0001:0001cf70       ?assign@concurrent_queue_iterator_base@internal@tbb@@IAEXABV123@@Z 1001df70 f   concurrent_queue_v2.obj
 0001:0001cfd0       ?advance@concurrent_queue_iterator_base@internal@tbb@@IAEXXZ 1001dfd0 f   concurrent_queue_v2.obj
 0001:0001d050       ??1concurrent_queue_iterator_base@internal@tbb@@IAE@XZ 1001e050 f   concurrent_queue_v2.obj
 0001:0001d070       ?internal_itt_releasing@spin_rw_mutex@tbb@@CAXPAV12@@Z 1001e070 f   spin_rw_mutex_v2.obj
 0001:0001d090       ?internal_acquire_writer@spin_rw_mutex@tbb@@CA_NPAV12@@Z 1001e090 f   spin_rw_mutex_v2.obj
 0001:0001d130       ?internal_release_writer@spin_rw_mutex@tbb@@CAXPAV12@@Z 1001e130 f   spin_rw_mutex_v2.obj
 0001:0001d160       ?internal_acquire_reader@spin_rw_mutex@tbb@@CAXPAV12@@Z 1001e160 f   spin_rw_mutex_v2.obj
 0001:0001d1f0       ?internal_upgrade@spin_rw_mutex@tbb@@CA_NPAV12@@Z 1001e1f0 f   spin_rw_mutex_v2.obj
 0001:0001d360       ?internal_downgrade@spin_rw_mutex@tbb@@CAXPAV12@@Z 1001e360 f   spin_rw_mutex_v2.obj
 0001:0001d390       ?internal_release_reader@spin_rw_mutex@tbb@@CAXPAV12@@Z 1001e390 f   spin_rw_mutex_v2.obj
 0001:0001d3c0       ?internal_try_acquire_writer@spin_rw_mutex@tbb@@CA_NPAV12@@Z 1001e3c0 f   spin_rw_mutex_v2.obj
 0001:0001d420       ?internal_try_acquire_reader@spin_rw_mutex@tbb@@CA_NPAV12@@Z 1001e420 f   spin_rw_mutex_v2.obj
 0001:0001d480       ?destroy@task@tbb@@QAEXAAV12@@Z 1001e480 f   task_v2.obj
 0001:0001d4a0       ___TBB_machine_fetchadd1   1001e4a0     atomic_support.obj
 0001:0001d4b0       ___TBB_machine_fetchstore1 1001e4b0     atomic_support.obj
 0001:0001d4bc       ___TBB_machine_cmpswp1     1001e4bc     atomic_support.obj
 0001:0001d4d0       ___TBB_machine_fetchadd2   1001e4d0     atomic_support.obj
 0001:0001d4e0       ___TBB_machine_fetchstore2 1001e4e0     atomic_support.obj
 0001:0001d4f0       ___TBB_machine_cmpswp2     1001e4f0     atomic_support.obj
 0001:0001d504       ___TBB_machine_fetchadd4   1001e504     atomic_support.obj
 0001:0001d514       ___TBB_machine_fetchstore4 1001e514     atomic_support.obj
 0001:0001d520       ___TBB_machine_cmpswp4     1001e520     atomic_support.obj
 0001:0001d534       ___TBB_machine_fetchadd8   1001e534     atomic_support.obj
 0001:0001d554       ___TBB_machine_fetchstore8 1001e554     atomic_support.obj
 0001:0001d570       ___TBB_machine_cmpswp8     1001e570     atomic_support.obj
 0001:0001d590       ___TBB_machine_load8       1001e590     atomic_support.obj
 0001:0001d5c4       ___TBB_machine_store8      1001e5c4     atomic_support.obj
 0001:0001d5e0       ___TBB_machine_try_lock_elided 1001e5e0     itsx.obj
 0001:0001d5f0       ___TBB_machine_unlock_elided 1001e5f0     itsx.obj
 0001:0001d5fc       ___TBB_machine_begin_transaction 1001e5fc     itsx.obj
 0001:0001d608       ___TBB_machine_end_transaction 1001e608     itsx.obj
 0001:0001d60c       ___TBB_machine_transaction_conflict_abort 1001e60c     itsx.obj
 0001:0001d610       ___TBB_machine_is_in_transaction 1001e610     itsx.obj
 0001:0001d620       ___TBB_machine_trylockbyte 1001e620     lock_byte.obj
 0001:0001d63b       ??$?0AAPAUEHExceptionRecord@@_N@?$_Ref_count_obj@V__ExceptionPtr@@@std@@QAE@AAPAUEHExceptionRecord@@$$QA_N@Z 1001e63b f i libcpmt:excptptr.obj
 0001:0001d66b       ??$?0AAPAUEHExceptionRecord@@_N@?$_Ref_count_obj_alloc@V__ExceptionPtr@@U?$_StaticAllocator@H@@@std@@QAE@ABU?$_StaticAllocator@H@@AAPAUEHExceptionRecord@@$$QA_N@Z 1001e66b f i libcpmt:excptptr.obj
 0001:0001d6ac       ??$?CV__ExceptionPtr@@$0A@@?$shared_ptr@V__ExceptionPtr@@@std@@QBEPAV__ExceptionPtr@@XZ 1001e6ac f i libcpmt:excptptr.obj
 0001:0001d6af       ??$_Copy_construct_from@V__ExceptionPtr@@@?$_Ptr_base@V__ExceptionPtr@@@std@@IAEXABV?$shared_ptr@V__ExceptionPtr@@@1@@Z 1001e6af f i libcpmt:excptptr.obj
 0001:0001d6ce       ??$allocate_shared@V__ExceptionPtr@@U?$_StaticAllocator@H@@AAPAUEHExceptionRecord@@_N@std@@YA?AV?$shared_ptr@V__ExceptionPtr@@@0@ABU?$_StaticAllocator@H@@AAPAUEHExceptionRecord@@$$QA_N@Z 1001e6ce f i libcpmt:excptptr.obj
 0001:0001d713       ??$make_shared@V__ExceptionPtr@@AAPAUEHExceptionRecord@@_N@std@@YA?AV?$shared_ptr@V__ExceptionPtr@@@0@AAPAUEHExceptionRecord@@$$QA_N@Z 1001e713 f i libcpmt:excptptr.obj
 0001:0001d753       ??0__ExceptionPtr@@QAE@PBUEHExceptionRecord@@_N@Z 1001e753 f   libcpmt:excptptr.obj
 0001:0001d871       ??0bad_exception@std@@QAE@ABV01@@Z 1001e871 f i libcpmt:excptptr.obj
 0001:0001d88c       ??0bad_exception@std@@QAE@XZ 1001e88c f i libcpmt:excptptr.obj
 0001:0001d8a4       ??1__ExceptionPtr@@QAE@XZ  1001e8a4 f   libcpmt:excptptr.obj
 0001:0001d965       ??4?$shared_ptr@V__ExceptionPtr@@@std@@QAEAAV01@$$QAV01@@Z 1001e965 f i libcpmt:excptptr.obj
 0001:0001d994       ??_E?$_Ref_count_obj_alloc@V__ExceptionPtr@@U?$_StaticAllocator@H@@@std@@UAEPAXI@Z 1001e994 f i libcpmt:excptptr.obj
 0001:0001d994       ??_E?$_Ref_count_obj@V__ExceptionPtr@@@std@@UAEPAXI@Z 1001e994 f i libcpmt:excptptr.obj
 0001:0001d994       ??_G?$_Ref_count_obj@V__ExceptionPtr@@@std@@UAEPAXI@Z 1001e994 f i libcpmt:excptptr.obj
 0001:0001d994       ??_G?$_Ref_count_obj_alloc@V__ExceptionPtr@@U?$_StaticAllocator@H@@@std@@UAEPAXI@Z 1001e994 f i libcpmt:excptptr.obj
 0001:0001d9b1       ??_G?$shared_ptr@V__ExceptionPtr@@@std@@QAEPAXI@Z 1001e9b1 f i libcpmt:excptptr.obj
 0001:0001d9da       ??_Gbad_array_new_length@std@@UAEPAXI@Z 1001e9da f i LIBCMT:throw_bad_alloc.obj
 0001:0001d9da       ??_E__non_rtti_object@std@@UAEPAXI@Z 1001e9da f i libvcruntime:rtti.obj
 0001:0001d9da       ??_G__non_rtti_object@std@@UAEPAXI@Z 1001e9da f i libvcruntime:rtti.obj
 0001:0001d9da       ??_Gbad_typeid@std@@UAEPAXI@Z 1001e9da f i libvcruntime:rtti.obj
 0001:0001d9da       ??_Ebad_cast@std@@UAEPAXI@Z 1001e9da f i libvcruntime:rtti.obj
 0001:0001d9da       ??_Gbad_cast@std@@UAEPAXI@Z 1001e9da f i libvcruntime:rtti.obj
 0001:0001d9da       ??_Ebad_exception@std@@UAEPAXI@Z 1001e9da f i libcpmt:excptptr.obj
 0001:0001d9da       ??_Ebad_typeid@std@@UAEPAXI@Z 1001e9da f i libvcruntime:rtti.obj
 0001:0001d9da       ??_Ebad_array_new_length@std@@UAEPAXI@Z 1001e9da f i LIBCMT:throw_bad_alloc.obj
 0001:0001d9da       ??_Gbad_exception@std@@UAEPAXI@Z 1001e9da f i libcpmt:excptptr.obj
 0001:0001da07       ?_CallCopyCtor@__ExceptionPtr@@ABEXPAX0IQBU_s_CatchableType@@@Z 1001ea07 f   libcpmt:excptptr.obj
 0001:0001da93       ?_CallMemberFunction0@@YGXQAX0@Z 1001ea93 f i libcpmt:excptptr.obj
 0001:0001daa0       ?_CallMemberFunction1@@YGXQAX00@Z 1001eaa0 f i libcpmt:excptptr.obj
 0001:0001dab0       ?_CallMemberFunction2@@YGXQAX00H@Z 1001eab0 f i libcpmt:excptptr.obj
 0001:0001dac3       ?_CopyException@__ExceptionPtr@@SA?AV?$shared_ptr@V__ExceptionPtr@@@std@@PBXPBU_s_ThrowInfo@@@Z 1001eac3 f   libcpmt:excptptr.obj
 0001:0001db3d       ?_CurrentException@__ExceptionPtr@@SA?AV?$shared_ptr@V__ExceptionPtr@@@std@@XZ 1001eb3d f   libcpmt:excptptr.obj
 0001:0001dbe2       ?_Decref@_Ref_count_base@std@@QAEXXZ 1001ebe2 f i libcpmt:excptptr.obj
 0001:0001dc20       ?_Delete_this@?$_Ref_count_obj@V__ExceptionPtr@@@std@@EAEXXZ 1001ec20 f i libcpmt:excptptr.obj
 0001:0001dc3e       ?_Delete_this@?$_Ref_count_obj_alloc@V__ExceptionPtr@@U?$_StaticAllocator@H@@@std@@EAEXXZ 1001ec3e f i libcpmt:excptptr.obj
 0001:0001dc58       ?_Destroy@?$_Ref_count_obj@V__ExceptionPtr@@@std@@EAEXXZ 1001ec58 f i libcpmt:excptptr.obj
 0001:0001dc58       ?_Destroy@?$_Ref_count_obj_alloc@V__ExceptionPtr@@U?$_StaticAllocator@H@@@std@@EAEXXZ 1001ec58 f i libcpmt:excptptr.obj
 0001:0001dc60       ?_Get_deleter@_Ref_count_base@std@@UBEPAXABVtype_info@@@Z 1001ec60 f i libcpmt:excptptr.obj
 0001:0001dc65       ?_InitBadAllocException@__ExceptionPtr@@CA?AV?$shared_ptr@V__ExceptionPtr@@@std@@XZ 1001ec65 f   libcpmt:excptptr.obj
 0001:0001dccf       ?_PlacementInitBadAllocException@__ExceptionPtr@@CGHPAX0PAPAX@Z 1001eccf f i libcpmt:excptptr.obj
 0001:0001dd0e       ?_PopulateExceptionRecord@__ExceptionPtr@@SAPAUEHExceptionRecord@@AAU2@PBXPBU_s_ThrowInfo@@@Z 1001ed0e f   libcpmt:excptptr.obj
 0001:0001dd68       ?_RethrowException@__ExceptionPtr@@QBEXXZ 1001ed68 f   libcpmt:excptptr.obj
 0001:0001de94       ?__ExceptionPtrCopy@@YAXPAXPBX@Z 1001ee94 f   libcpmt:excptptr.obj
 0001:0001deab       ?__ExceptionPtrCopyException@@YAXPAXPBX1@Z 1001eeab f   libcpmt:excptptr.obj
 0001:0001dedb       ?__ExceptionPtrCreate@@YAXPAX@Z 1001eedb f   libcpmt:excptptr.obj
 0001:0001deea       ?__ExceptionPtrCurrentException@@YAXPAX@Z 1001eeea f   libcpmt:excptptr.obj
 0001:0001df1c       ?__ExceptionPtrDestroy@@YAXPAX@Z 1001ef1c f   libcpmt:excptptr.obj
 0001:0001df2b       ?__ExceptionPtrRethrow@@YAXPBX@Z 1001ef2b f   libcpmt:excptptr.obj
 0001:0001df3d       ?align@std@@YAPAXIIAAPAXAAI@Z 1001ef3d f i libcpmt:excptptr.obj
 0001:0001df78       ?_Xlength_error@std@@YAXPBD@Z 1001ef78 f   libcpmt:xthrow.obj
 0001:0001df98       ?_Execute_once@std@@YAHAAUonce_flag@1@P6GHPAX1PAPAX@Z1@Z 1001ef98 f   libcpmt:xonce.obj
 0001:0001e35a       ___crtInitOnceExecuteOnce  1001f35a f   libcpmt:winapisupp.obj
 0001:0001e3e8       @__security_check_cookie@4 1001f3e8 f   LIBCMT:_secchk_.obj
 0001:0001e3f9       ??3@YAXPAXI@Z              1001f3f9 f   LIBCMT:delete_scalar_size.obj
 0001:0001e407       ??_Gtype_info@@UAEPAXI@Z   1001f407 f i LIBCMT:std_type_info_static.obj
 0001:0001e407       ??_Etype_info@@UAEPAXI@Z   1001f407 f i LIBCMT:std_type_info_static.obj
 0001:0001e42a       ___raise_securityfailure   1001f42a f   LIBCMT:gs_report.obj
 0001:0001e452       ___report_gsfailure        1001f452 f   LIBCMT:gs_report.obj
 0001:0001e54d       ___report_rangecheckfailure 1001f54d f   LIBCMT:gs_report.obj
 0001:0001e559       ___report_securityfailure  1001f559 f   LIBCMT:gs_report.obj
 0001:0001e629       ??2@YAPAXI@Z               1001f629 f   LIBCMT:new_scalar.obj
 0001:0001e659       ?__scrt_initialize_type_info@@YAXXZ 1001f659 f   LIBCMT:tncleanup.obj
 0001:0001e665       ?__scrt_uninitialize_type_info@@YAXXZ 1001f665 f   LIBCMT:tncleanup.obj
 0001:0001e671       ??_V@YAXPAXI@Z             1001f671 f   LIBCMT:delete_array_size.obj
 0001:0001e67f       ??_M@YGXPAXIIP6EX0@Z@Z     1001f67f f   LIBCMT:ehvecdtr.obj
 0001:0001e6fa       ?__ArrayUnwind@@YGXPAXIIP6EX0@Z@Z 1001f6fa f   LIBCMT:ehvecdtr.obj
 0001:0001e769       ??_U@YAPAXI@Z              1001f769 f   LIBCMT:new_array.obj
 0001:0001e772       ??_L@YGXPAXIIP6EX0@Z1@Z    1001f772 f   LIBCMT:ehvecctr.obj
 0001:0001e7dc       ??$__crt_fast_encode_pointer@PAX@@YAPAXQAX@Z 1001f7dc f i libvcruntime:winapi_downlevel.obj
 0001:0001e7dc       ??$__crt_fast_encode_pointer@PAP6AXXZ@@YAPAP6AXXZQAP6AXXZ@Z 1001f7dc f i LIBCMT:utility.obj
 0001:0001e83d       ___scrt_acquire_startup_lock 1001f83d f   LIBCMT:utility.obj
 0001:0001e86f       ___scrt_dllmain_after_initialize_c 1001f86f f   LIBCMT:utility.obj
 0001:0001e89a       ___scrt_dllmain_before_initialize_c 1001f89a f   LIBCMT:utility.obj
 0001:0001e8a8       ___scrt_dllmain_crt_thread_attach 1001f8a8 f   LIBCMT:utility.obj
 0001:0001e8c7       ___scrt_dllmain_crt_thread_detach 1001f8c7 f   LIBCMT:utility.obj
 0001:0001e8d4       ___scrt_dllmain_exception_filter 1001f8d4 f   LIBCMT:utility.obj
 0001:0001e908       ___scrt_dllmain_uninitialize_c 1001f908 f   LIBCMT:utility.obj
 0001:0001e92b       ___scrt_dllmain_uninitialize_critical 1001f92b f   LIBCMT:utility.obj
 0001:0001e938       ___scrt_initialize_crt     1001f938 f   LIBCMT:utility.obj
 0001:0001e971       ___scrt_initialize_onexit_tables 1001f971 f   LIBCMT:utility.obj
 0001:0001ea1b       ___scrt_is_nonwritable_in_current_image 1001fa1b f   LIBCMT:utility.obj
 0001:0001eaa5       ___scrt_release_startup_lock 1001faa5 f   LIBCMT:utility.obj
 0001:0001eac2       ___scrt_uninitialize_crt   1001fac2 f   LIBCMT:utility.obj
 0001:0001eaea       __onexit                   1001faea f   LIBCMT:utility.obj
 0001:0001eb25       _atexit                    1001fb25 f   LIBCMT:utility.obj
 0001:0001eb3a       ??3@YAXPAX@Z               1001fb3a f   LIBCMT:delete_scalar.obj
 0001:0001ee4b       __DllMainCRTStartup@12     1001fe4b f   LIBCMT:dll_dllmain.obj
 0001:0001ee6e       __EH_epilog3               1001fe6e f   LIBCMT:ehprolg3.obj
 0001:0001ee83       __EH_epilog3_GS            1001fe83 f   LIBCMT:ehprolg3.obj
 0001:0001ee94       __EH_prolog3               1001fe94 f   LIBCMT:ehprolg3.obj
 0001:0001eec8       __EH_prolog3_GS            1001fec8 f   LIBCMT:ehprolg3.obj
 0001:0001eeff       __EH_prolog3_catch         1001feff f   LIBCMT:ehprolg3.obj
 0001:0001ef40       __alloca_probe_16          1001ff40 f   LIBCMT:alloca16.obj
 0001:0001ef56       __alloca_probe_8           1001ff56     LIBCMT:alloca16.obj
 0001:0001ef6c       ??0bad_array_new_length@std@@QAE@ABV01@@Z 1001ff6c f i LIBCMT:throw_bad_alloc.obj
 0001:0001ef87       ??0bad_array_new_length@std@@QAE@XZ 1001ff87 f i LIBCMT:throw_bad_alloc.obj
 0001:0001ef9f       ?__scrt_throw_std_bad_alloc@@YAXXZ 1001ff9f f   LIBCMT:throw_bad_alloc.obj
 0001:0001efbc       ?__scrt_throw_std_bad_array_new_length@@YAXXZ 1001ffbc f   LIBCMT:throw_bad_alloc.obj
 0001:0001efd9       ??_V@YAXPAX@Z              1001ffd9 f   LIBCMT:delete_array.obj
 0001:0001efe0       __SEH_prolog4              1001ffe0 f   LIBCMT:_sehprolg4_.obj
 0001:0001f026       __SEH_epilog4              10020026 f   LIBCMT:_sehprolg4_.obj
 0001:0001f03b       ___isa_available_init      1002003b f   LIBCMT:_cpu_disp_.obj
 0001:0001f1d4       __get_startup_argv_mode    100201d4 f   LIBCMT:argv_mode.obj
 0001:0001f1d4       ?length@charNode@@UBEHXZ   100201d4 f   libvcruntime:undname.obj
 0001:0001f1d8       ___scrt_is_ucrt_dll_in_use 100201d8 f   LIBCMT:ucrt_detection.obj
 0001:0001f1e4       ___scrt_fastfail           100201e4 f   LIBCMT:utility_desktop.obj
 0001:0001f300       __crt_debugger_hook        10020300 f   LIBCMT:utility_desktop.obj
 0001:0001f357       ___security_init_cookie    10020357 f   LIBCMT:gs_support.obj
 0001:0001f3a2       ___local_stdio_scanf_options 100203a2 f i LIBCMT:default_local_stdio_options.obj
 0001:0001f3a8       ___scrt_initialize_default_local_stdio_options 100203a8 f   LIBCMT:default_local_stdio_options.obj
 0001:0001f3c5       ___scrt_get_dyn_tls_init_callback 100203c5 f   LIBCMT:dyn_tls_init.obj
 0001:0001f3cb       __RTC_Initialize           100203cb f   LIBCMT:_initsect_.obj
 0001:0001f3f7       __RTC_Terminate            100203f7 f   LIBCMT:_initsect_.obj
 0001:0001f430       __chkstk                   10020430 f   LIBCMT:chkstk.obj
 0001:0001f430       __alloca_probe             10020430 f   LIBCMT:chkstk.obj
 0001:0001f45d       ?_CallCatchBlock2@@YAPAXPAUEHRegistrationNode@@PBU_s_FuncInfo@@PAXHK@Z 1002045d f   libvcruntime:trnsctrl.obj
 0001:0001f4bd       ?_CallSETranslator@@YAHPAUEHExceptionRecord@@PAUEHRegistrationNode@@PAX2PBU_s_FuncInfo@@H1@Z 100204bd f   libvcruntime:trnsctrl.obj
 0001:0001f59a       ?_GetRangeOfTrysToCheck@@YAPBU_s_TryBlockMapEntry@@PBU_s_FuncInfo@@HHPAI1@Z 1002059a f   libvcruntime:trnsctrl.obj
 0001:0001f612       ?_JumpToContinuation@@YGXPAXPAUEHRegistrationNode@@@Z 10020612 f   libvcruntime:trnsctrl.obj
 0001:0001f644       ?_UnwindNestedFrames@@YGXPAUEHRegistrationNode@@PAUEHExceptionRecord@@@Z 10020644 f   libvcruntime:trnsctrl.obj
 0001:0001f699       __CatchGuardHandler        10020699 f   libvcruntime:trnsctrl.obj
 0001:0001f6ca       __CreateFrameInfo          100206ca f   libvcruntime:trnsctrl.obj
 0001:0001f6ee       __FindAndUnlinkFrame       100206ee f   libvcruntime:trnsctrl.obj
 0001:0001f733       __TranslatorGuardHandler   10020733 f   libvcruntime:trnsctrl.obj
 0001:0001f7d2       ___CxxFrameHandler3        100207d2 f   libvcruntime:trnsctrl.obj
 0001:0001f808       __purecall                 10020808 f   libvcruntime:purevirt.obj
 0001:0001f831       ___DestructExceptionObject 10020831 f   libvcruntime:ehhelpers.obj
 0001:0001f8c7       __IsExceptionObjectToBeDestroyed 100208c7 f   libvcruntime:ehhelpers.obj
 0001:0001f8ed       ___AdjustPointer           100208ed f   libvcruntime:ehhelpers.obj
 0001:0001f912       ___FrameUnwindFilter       10020912 f   libvcruntime:ehhelpers.obj
 0001:0001f957       ___current_exception       10020957 f   libvcruntime:ehhelpers.obj
 0001:0001f960       ___processing_throw        10020960 f   libvcruntime:ehhelpers.obj
 0001:0001f969       ___std_terminate           10020969 f   libvcruntime:ehhelpers.obj
 0001:0001f970       _strrchr                   10020970 f   libvcruntime:strrchr.obj
 0001:0001faa7       ___std_exception_copy      10020aa7 f   libvcruntime:std_exception.obj
 0001:0001fb0a       ___std_exception_destroy   10020b0a f   libvcruntime:std_exception.obj
 0001:0001fb32       ___std_type_info_compare   10020b32 f   libvcruntime:std_type_info.obj
[...]
 0002:0000df77       $N00084                    10047f77     tbb.exp
 0002:0000dff5       $N00085                    10047ff5     tbb.exp
 0002:0000e032       $N00086                    10048032     tbb.exp
 0002:0000e058       $N00087                    10048058     tbb.exp
 0002:0000e086       $N00088                    10048086     tbb.exp
 0002:0000e0b7       $N00089                    100480b7     tbb.exp
 0002:0000e0f5       $N00090                    100480f5     tbb.exp
 0002:0000e125       $N00091                    10048125     tbb.exp
 0002:0000e176       $N00092                    10048176     tbb.exp
 0002:0000e1cc       $N00093                    100481cc     tbb.exp
 0002:0000e1f7       $N00094                    100481f7     tbb.exp
 0002:0000e228       $N00095                    10048228     tbb.exp
 0002:0000e26d       $N00096                    1004826d     tbb.exp
 0002:0000e2bd       $N00097                    100482bd     tbb.exp
 0002:0000e310       $N00098                    10048310     tbb.exp
 0002:0000e347       $N00099                    10048347     tbb.exp
 0002:0000e38d       $N00100                    1004838d     tbb.exp
 0002:0000e3bc       $N00101                    100483bc     tbb.exp
 0002:0000e3f4       $N00102                    100483f4     tbb.exp
 0002:0000e418       $N00103                    10048418     tbb.exp
 0002:0000e454       $N00104                    10048454     tbb.exp
 0002:0000e482       $N00105                    10048482     tbb.exp
 0002:0000e4ca       $N00106                    100484ca     tbb.exp
 0002:0000e517       $N00107                    10048517     tbb.exp
 0002:0000e571       $N00108                    10048571     tbb.exp
 0002:0000e5a4       $N00109                    100485a4     tbb.exp
 0002:0000e5d5       $N00110                    100485d5     tbb.exp
 0002:0000e62f       $N00111                    1004862f     tbb.exp
 0002:0000e66e       $N00112                    1004866e     tbb.exp
 0002:0000e6bb       $N00113                    100486bb     tbb.exp
 0002:0000e712       $N00114                    10048712     tbb.exp
 0002:0000e757       $N00115                    10048757     tbb.exp
 0002:0000e7a1       $N00116                    100487a1     tbb.exp
 0002:0000e7f2       $N00117                    100487f2     tbb.exp
 0002:0000e837       $N00118                    10048837     tbb.exp
 0002:0000e88a       $N00119                    1004888a     tbb.exp
 0002:0000e8e4       $N00120                    100488e4     tbb.exp
 0002:0000e94a       $N00121                    1004894a     tbb.exp
 0002:0000e98f       $N00122                    1004898f     tbb.exp
 0002:0000e9ec       $N00123                    100489ec     tbb.exp
 0002:0000ea23       $N00124                    10048a23     tbb.exp
 0002:0000ea7d       $N00125                    10048a7d     tbb.exp
 0002:0000eab9       $N00126                    10048ab9     tbb.exp
 0002:0000eaf8       $N00127                    10048af8     tbb.exp
 0002:0000eb40       $N00128                    10048b40     tbb.exp
 0002:0000eb8b       $N00129                    10048b8b     tbb.exp
 0002:0000ebc8       $N00130                    10048bc8     tbb.exp
 0002:0000ec08       $N00131                    10048c08     tbb.exp
 0002:0000ec4e       $N00132                    10048c4e     tbb.exp
 0002:0000ec97       $N00133                    10048c97     tbb.exp
 0002:0000ece1       $N00134                    10048ce1     tbb.exp
 0002:0000ed2e       $N00135                    10048d2e     tbb.exp
 0002:0000ed73       $N00136                    10048d73     tbb.exp
 0002:0000edc5       $N00137                    10048dc5     tbb.exp
 0002:0000edf5       $N00138                    10048df5     tbb.exp
 0002:0000ee2f       $N00139                    10048e2f     tbb.exp
 0002:0000ee64       $N00140                    10048e64     tbb.exp
 0002:0000eebb       $N00141                    10048ebb     tbb.exp
 0002:0000eef3       $N00142                    10048ef3     tbb.exp
 0002:0000ef29       $N00143                    10048f29     tbb.exp
 0002:0000ef61       $N00144                    10048f61     tbb.exp
 0002:0000ef97       $N00145                    10048f97     tbb.exp
 0002:0000efd8       $N00146                    10048fd8     tbb.exp
 0002:0000f01c       $N00147                    1004901c     tbb.exp
 0002:0000f075       $N00148                    10049075     tbb.exp
 0002:0000f0b9       $N00149                    100490b9     tbb.exp
 0002:0000f100       $N00150                    10049100     tbb.exp
 0002:0000f12a       $N00151                    1004912a     tbb.exp
 0002:0000f164       $N00152                    10049164     tbb.exp
 0002:0000f1a1       $N00153                    100491a1     tbb.exp
 0002:0000f1de       $N00154                    100491de     tbb.exp
 0002:0000f223       $N00155                    10049223     tbb.exp
 0002:0000f267       $N00156                    10049267     tbb.exp
 0002:0000f2af       $N00157                    100492af     tbb.exp
 0002:0000f2f9       $N00158                    100492f9     tbb.exp
 0002:0000f334       $N00159                    10049334     tbb.exp
 0002:0000f379       $N00160                    10049379     tbb.exp
 0002:0000f3b9       $N00161                    100493b9     tbb.exp
 0002:0000f3f6       $N00162                    100493f6     tbb.exp
 0002:0000f431       $N00163                    10049431     tbb.exp
 0002:0000f46e       $N00164                    1004946e     tbb.exp
 0002:0000f4a9       $N00165                    100494a9     tbb.exp
 0002:0000f50c       $N00166                    1004950c     tbb.exp
 0002:0000f53e       $N00167                    1004953e     tbb.exp
 0002:0000f56e       $N00168                    1004956e     tbb.exp
 0002:0000f5c6       $N00169                    100495c6     tbb.exp
 0002:0000f605       $N00170                    10049605     tbb.exp
 0002:0000f643       $N00171                    10049643     tbb.exp
 0002:0000f66b       $N00172                    1004966b     tbb.exp
 0002:0000f699       $N00173                    10049699     tbb.exp
 0002:0000f6e4       $N00174                    100496e4     tbb.exp
 0002:0000f712       $N00175                    10049712     tbb.exp
 0002:0000f74d       $N00176                    1004974d     tbb.exp
 0002:0000f77e       $N00177                    1004977e     tbb.exp
 0002:0000f7b9       $N00178                    100497b9     tbb.exp
 0002:0000f7e2       $N00179                    100497e2     tbb.exp
 0002:0000f812       $N00180                    10049812     tbb.exp
 0002:0000f847       $N00181                    10049847     tbb.exp
 0002:0000f871       $N00182                    10049871     tbb.exp
 0002:0000f8b4       $N00183                    100498b4     tbb.exp
 0002:0000f8e6       $N00184                    100498e6     tbb.exp
 0002:0000f90d       $N00185                    1004990d     tbb.exp
 0002:0000f92e       $N00186                    1004992e     tbb.exp
 0002:0000f969       $N00187                    10049969     tbb.exp
 0002:0000f9a2       $N00188                    100499a2     tbb.exp
 0002:0000f9e2       $N00189                    100499e2     tbb.exp
 0002:0000fa1d       $N00190                    10049a1d     tbb.exp
 0002:0000fa4c       $N00191                    10049a4c     tbb.exp
 0002:0000fa7e       $N00192                    10049a7e     tbb.exp
 0002:0000faa4       $N00193                    10049aa4     tbb.exp
 0002:0000fadf       $N00194                    10049adf     tbb.exp
 0002:0000fafa       $N00195                    10049afa     tbb.exp
 0002:0000fb2d       $N00196                    10049b2d     tbb.exp
 0002:0000fb55       $N00197                    10049b55     tbb.exp
 0002:0000fb70       $N00198                    10049b70     tbb.exp
 0002:0000fb98       $N00199                    10049b98     tbb.exp
 0002:0000fbcf       $N00200                    10049bcf     tbb.exp
 0002:0000fbf4       $N00201                    10049bf4     tbb.exp
 0002:0000fc30       $N00202                    10049c30     tbb.exp
 0002:0000fc68       $N00203                    10049c68     tbb.exp
 0002:0000fc93       $N00204                    10049c93     tbb.exp
 0002:0000fccf       $N00205                    10049ccf     tbb.exp
 0002:0000fd0f       $N00206                    10049d0f     tbb.exp
 0002:0000fd34       $N00207                    10049d34     tbb.exp
 0002:0000fd6b       $N00208                    10049d6b     tbb.exp
 0002:0000fda5       $N00209                    10049da5     tbb.exp
 0002:0000fddf       $N00210                    10049ddf     tbb.exp
 0002:0000fe1e       $N00211                    10049e1e     tbb.exp
 0002:0000fe53       $N00212                    10049e53     tbb.exp
 0002:0000fe8d       $N00213                    10049e8d     tbb.exp
 0002:0000fed1       $N00214                    10049ed1     tbb.exp
 0002:0000ff03       $N00215                    10049f03     tbb.exp
 0002:0000ff40       $N00216                    10049f40     tbb.exp
 0002:0000ff63       $N00217                    10049f63     tbb.exp
 0002:0000ff8a       $N00218                    10049f8a     tbb.exp
 0002:0000ffac       $N00219                    10049fac     tbb.exp
 0002:0000ffdc       $N00220                    10049fdc     tbb.exp
 0002:0000fffd       $N00221                    10049ffd     tbb.exp
 0002:0001001c       $N00222                    1004a01c     tbb.exp
 0002:0001003a       $N00223                    1004a03a     tbb.exp
 0002:00010050       $N00224                    1004a050     tbb.exp
 0002:00010068       $N00225                    1004a068     tbb.exp
 0002:00010082       $N00226                    1004a082     tbb.exp
 0002:000100a2       $N00227                    1004a0a2     tbb.exp
 0002:000100b6       $N00228                    1004a0b6     tbb.exp
 0002:000100cb       $N00229                    1004a0cb     tbb.exp
 0002:000100e9       $N00230                    1004a0e9     tbb.exp
 0002:00010103       $N00231                    1004a103     tbb.exp
 0002:000105a2       .idata$6                   1004a5a2     kernel32:KERNEL32.dll
 0003:00000000       ?_StaticAllocStorageLeft@@3IA 1004b000     libcpmt:excptptr.obj
 0003:00000030       ?__vcrt_flsindex@@3KA      1004b030     libvcruntime:per_thread_data.obj
 0003:00000050       ?errno_no_memory@@3HA      1004b050     libucrt:errno.obj
 0003:00000054       ?doserrno_no_memory@@3KA   1004b054     libucrt:errno.obj
 0003:00000110       ?__acrt_flsindex@@3KA      1004b110     libucrt:per_thread_data.obj
 0003:00000430       __mbctypes                 1004b430     libucrt:mbctype.obj
 0003:00000538       __mbcasemaps               1004b538     libucrt:mbctype.obj
 0003:00000638       ?__rgctypeflag@@3PADA      1004b638     libucrt:mbctype.obj
 0003:00000640       ?__rgcode_page_info@@3PAUcode_page_info@@A 1004b640     libucrt:mbctype.obj
 0003:00000790       ?__dcrt_lowio_console_output_handle@@3PAXA 1004b790     libucrt:initcon.obj
 0003:000007b0       ?dummy@?1??make_invalid@micro_queue@internal@tbb@@QAEXI@Z@4Upage@concurrent_queue_base_v3@34@A 1004b7b0     concurrent_queue.obj
 0003:00000950       ?api_list@@3PAU___itt_api_info@@A 1004b950     itt_notify.obj
 0003:000016c8       ?padded_allocate_handler@internal@tbb@@3P6APAXII@ZA 1004c6c8     cache_aligned_allocator.obj
 0003:000016cc       ?padded_free_handler@internal@tbb@@3P6AXPAX@ZA 1004c6cc     cache_aligned_allocator.obj
 0003:000016d0       ?MallocHandler@internal@tbb@@3P6APAXI@ZA 1004c6d0     cache_aligned_allocator.obj
 0003:000016d4       ?FreeHandler@internal@tbb@@3P6AXPAX@ZA 1004c6d4     cache_aligned_allocator.obj
 0003:000016d8       ?__TBB_condvar_wait@internal@tbb@@3P6GHPAU_RTL_CONDITION_VARIABLE@@PAU_RTL_CRITICAL_SECTION@@K@ZA 1004c6d8     condition_variable.obj
 0003:000016dc       ?__TBB_condvar_notify_one@internal@tbb@@3P6GXPAU_RTL_CONDITION_VARIABLE@@@ZA 1004c6dc     condition_variable.obj
 0003:000016e0       ?__TBB_init_condvar@internal@tbb@@3P6GXPAU_RTL_CONDITION_VARIABLE@@@ZA 1004c6e0     condition_variable.obj
 0003:000016e4       ?__TBB_condvar_notify_all@internal@tbb@@3P6GXPAU_RTL_CONDITION_VARIABLE@@@ZA 1004c6e4     condition_variable.obj
 0003:000016ec       ?group_alias@@3PAU___itt_group_alias@@A 1004c6ec     itt_notify.obj
 0003:0000170c       ?__TBB_destroy_condvar@internal@tbb@@3P6GXPAU_RTL_CONDITION_VARIABLE@@@ZA 1004c70c     condition_variable.obj
 0003:00001710       ?group_list@@3PAU___itt_group_list@@A 1004c710     itt_notify.obj
 0003:00001790       ?the_dummy_context@internal@tbb@@3Vtask_group_context@2@A 1004c790     scheduler.obj
 0003:00001890       ?stack_size_ctl@internal@tbb@@3Vstack_size_control@12@A 1004c890     tbb_main.obj
 0003:00001910       ?allowed_parallelism_ctl@internal@tbb@@3Vallowed_parallelism_control@12@A 1004c910     tbb_main.obj
 0003:00001990       ?env_value@?1??__itt_get_env_var@@YAPBDPBD@Z@4PADA 1004c990     itt_notify.obj
 0003:00002498       ?_Flag@?1??_BadAllocException@__ExceptionPtr@@SAABV?$shared_ptr@V__ExceptionPtr@@@std@@XZ@4PAXA 1004d498     libcpmt:excptptr.obj
 0003:000024a0       ?_Storage@?1??_BadAllocException@__ExceptionPtr@@SAABV?$shared_ptr@V__ExceptionPtr@@@std@@XZ@4T?$_Align_type@H$0FE@@4@A 1004d4a0     libcpmt:excptptr.obj
 0003:000024f8       ?_StaticAllocStorage@@3PADA 1004d4f8     libcpmt:excptptr.obj
 0003:00002618       _GS_ExceptionRecord        1004d618     LIBCMT:gs_report.obj
 0003:00002668       _GS_ContextRecord          1004d668     LIBCMT:gs_report.obj
 0003:00002940       ?module_local_atexit_table@@3U_onexit_table_t@@A 1004d940     LIBCMT:utility.obj
 0003:0000294c       ?module_local_at_quick_exit_table@@3U_onexit_table_t@@A 1004d94c     LIBCMT:utility.obj
 0003:00002958       ?module_local_atexit_table_initialized@@3_NA 1004d958     LIBCMT:utility.obj
 0003:00002964       ?is_initialized_as_dll@@3_NA 1004d964     LIBCMT:utility.obj
 0003:00002968       ?__proc_attached@@3HA      1004d968     LIBCMT:dll_dllmain.obj
 0003:00002984       ?__vcrt_startup_thread_ptd@@3U__vcrt_ptd@@A 1004d984     libvcruntime:per_thread_data.obj
 0003:000029d8       ?heap@@3V_HeapManager@@A   1004d9d8     libvcruntime:undname.obj
 0003:000029ec       ___vcrt_lock_table         1004d9ec     libvcruntime:locks.obj
 0003:00002a04       ___vcrt_locks_initialized  1004da04     libvcruntime:locks.obj
 0003:00002a08       ?module_handles@@3PAPAUHINSTANCE__@@A 1004da08     libvcruntime:winapi_downlevel.obj
 0003:00002a14       ?encoded_function_pointers@@3PAPAXA 1004da14     libvcruntime:winapi_downlevel.obj
 0003:00002a28       ?c_termination_complete@@3JA 1004da28     libucrt:exit.obj
 0003:00002a2c       ?thread_local_exit_callback_func@@3P6GXPAXK0@ZA 1004da2c     libucrt:exit.obj
 0003:00002a40       ?__acrt_invalid_parameter_handler@@3V?$dual_state_global@P6AXPB_W00II@Z@__crt_state_management@@A 1004da40     libucrt:invalid_parameter.obj
 0003:00002a44       ?__acrt_new_handler@@3V?$dual_state_global@P6AHI@Z@__crt_state_management@@A 1004da44     libucrt:new_handler.obj
 0003:00002a48       ?program_name@?1???$common_configure_argv@D@@YAHW4_crt_argv_mode@@@Z@4PADA 1004da48     libucrt:argv_parsing.obj
 0003:00002b78       ?module_handles@@3PAPAUHINSTANCE__@@A 1004db78     libucrt:winapi_thunks.obj
 0003:00002bc8       ?encoded_function_pointers@@3PAPAXA 1004dbc8     libucrt:winapi_thunks.obj
 0003:00002c50       ?state_cache@?1???$get_cached_win_policy@Ubegin_thread_init_policy_properties@?1??__acrt_get_begin_thread_init_policy@@YA?AW4begin_thread_init_policy@@XZ@@@YA?AW4begin_thread_init_policy@@W4AppPolicyThreadInitializationType@@@Z@4JA 1004dc50     libucrt:win_policies.obj
 0003:00002c58       ?__acrt_lock_table@@3PAU_RTL_CRITICAL_SECTION@@A 1004dc58     libucrt:locks.obj
 0003:00002da8       ?__acrt_locks_initialized@@3IA 1004dda8     libucrt:locks.obj
 0003:00002fb4       ?internal_state@?1??_mbtowc_l@@9@4U_Mbstatet@@A 1004dfb4     libucrt:mbtowc.obj
 0003:00002fbc       ?enable_percent_n@@3IA     1004dfbc     libucrt:printf_count_output.obj
 0003:00002fd0       ?ctrlc_action@@3V?$dual_state_global@P6AXH@Z@__crt_state_management@@A 1004dfd0     libucrt:signal.obj
 0003:00002fd4       ?ctrlbreak_action@@3V?$dual_state_global@P6AXH@Z@__crt_state_management@@A 1004dfd4     libucrt:signal.obj
 0003:00002fd8       ?abort_action@@3V?$dual_state_global@P6AXH@Z@__crt_state_management@@A 1004dfd8     libucrt:signal.obj
 0003:00002fdc       ?term_action@@3V?$dual_state_global@P6AXH@Z@__crt_state_management@@A 1004dfdc     libucrt:signal.obj
 0003:00002fec       ?fSystemSet@@3HA           1004dfec     libucrt:mbctype.obj
 0003:00002ff0       ?initialized@?1??__acrt_initialize_multibyte@@9@4_NA 1004dff0     libucrt:mbctype.obj
 0003:00003010       ?user_matherr@@3V?$dual_state_global@P6AHPAU_exception@@@Z@__crt_state_management@@A 1004e010     libucrt:matherr.obj
 0003:00003014       ?__acrt_global_new_mode@@3V?$dual_state_global@J@__crt_state_management@@A 1004e014     libucrt:new_mode.obj
 0003:00003020       ?__acrt_app_type@@3W4_crt_app_type@@A 1004e020     libucrt:report_runtime_error.obj
 0003:00003024       ?internal_pst@?1??__mbrtoc32_utf8@__crt_mbstring@@YAIPA_UPBDIPAU_Mbstatet@@@Z@4U3@A 1004e024     libucrt:mbrtoc32.obj
 0003:00003030       __pmatherr_set             1004e030     libucrt:libm_error.obj
 0003:00003034       ?internal_pst@?1??__c16rtomb_utf8@__crt_mbstring@@YAIPAD_SPAU_Mbstatet@@@Z@4U3@A 1004e034     libucrt:c16rtomb.obj
 0003:00003068       ?TBB_GetThreadGroupAffinity@internal@tbb@@3P6GHPAXPAUTBB_GROUP_AFFINITY@12@@ZA 1004e068     tbb_misc_ex.obj
 0003:0000306c       ?TBB_SetThreadGroupAffinity@internal@tbb@@3P6GHPAXPBUTBB_GROUP_AFFINITY@12@PAU312@@ZA 1004e06c     tbb_misc_ex.obj
 0003:00003370       ?TBB_GetActiveProcessorCount@internal@tbb@@3P6GKG@ZA 1004e370     tbb_misc_ex.obj
 0003:00003378       ?TBB_GetActiveProcessorGroupCount@internal@tbb@@3P6GGXZA 1004e378     tbb_misc_ex.obj
 0003:0000337c       ?watch_stack_handler@internal@tbb@@3P6AHPAU__cilk_tbb_unwatch_thunk@@U__cilk_tbb_stack_op_thunk@@@ZA 1004e37c     governor.obj
 0003:000033b1       ?static_init_dl_data@internal@tbb@@3Ustatic_init_dl_data_t@12@A 1004e3b1     dynamic_link.obj
 0003:000033b4       ?static_invalid_page@internal@tbb@@3PAXA 1004e3b4     concurrent_queue.obj
 0003:00003438       ?ap_data@internal@tbb@@3Uap_data_t@12@A 1004e438     dynamic_link.obj
 0003:00003544       ?initialization_state@internal@tbb@@3U?$atomic@W4do_once_state@internal@tbb@@@2@A 1004e544     cache_aligned_allocator.obj
 0003:00003548       ?condvar_api_state@internal@tbb@@3U?$atomic@W4do_once_state@internal@tbb@@@2@A 1004e548     condition_variable.obj
 0003:0000354c       ?assertion_handler@tbb@@3P6AXPBDH00@ZA 1004e54c     tbb_misc.obj
 0003:00003550       ?PrintVersionFlag@internal@tbb@@3_NA 1004e550     tbb_misc.obj
 0003:00003551       ?ITT_Present@internal@tbb@@3_NA 1004e551     tbb_main.obj
 0003:00003552       ?ITT_InitializationDone@internal@tbb@@3_NA 1004e552     tbb_main.obj
 0003:00003554       ?hardware_concurrency_info@internal@tbb@@3U?$atomic@W4do_once_state@internal@tbb@@@2@A 1004e554     tbb_misc_ex.obj
 0003:00003558       ?cilkrts_load_state@internal@tbb@@3U?$atomic@W4do_once_state@internal@tbb@@@2@A 1004e558     governor.obj
 0003:00003560       ?env_buff@?1??__itt_get_env_var@@YAPBDPBD@Z@4PADA 1004e560     itt_notify.obj
 0003:00004558       ?current_thread@?1??__itt_init_ittlib@@9@4KC 1004f558     itt_notify.obj
 0003:0000455c       ?current_thread@?1??__itt_fini_ittlib@@9@4KC 1004f55c     itt_notify.obj
 0003:00004568       ?already_failed@?6??assertion_failure@tbb@@YAXPBDH00@Z@4_NA 1004f568     tbb_misc.obj
 0004:000000a0       $R000000                   100500a0     tbb_resource.res
 0004:00000480       $R0003E0                   10050480     tbb_resource.res
