 tbb_debug

 Timestamp is 5b3cd387 (Wed Jul  4 23:02:47 2018)

 Preferred load address is 10000000

 Start         Length     Name                   Class
 0001:00000000 00000110H .text$di                CODE
 0001:00000110 000425c0H .text$mn                CODE
 0001:000426d0 000018b0H .text$x                 CODE
 0001:00043f80 00000036H .text$yd                CODE
 0002:00000000 00000200H .idata$5                DATA
 0002:00000200 00000004H .00cfg                  DATA
 0002:00000204 00000004H .CRT$XCA                DATA
 0002:00000208 00000020H .CRT$XCU                DATA
 0002:00000228 00000004H .CRT$XCZ                DATA
 0002:0000022c 00000004H .CRT$XIA                DATA
 0002:00000230 00000004H .CRT$XIZ                DATA
 0002:00000234 00000004H .CRT$XPA                DATA
 0002:00000238 00000004H .CRT$XPZ                DATA
 0002:0000023c 00000004H .CRT$XTA                DATA
 0002:00000240 00000010H .CRT$XTZ                DATA
 0002:00000244 00000000H .gfids$y                DATA
 0002:00000250 00013558H .rdata                  DATA
 0002:000137a8 00001158H .rdata$r                DATA
 0002:00014900 00000280H .rdata$sxdata           DATA
 0002:00014b80 00000318H .rdata$zzzdbg           DATA
 0002:00014e98 00000004H .rtc$IAA                DATA
 0002:00014e9c 0000008cH .rtc$IMZ                DATA
 0002:00014f28 00000004H .rtc$IZZ                DATA
 0002:00014f2c 00000004H .rtc$TAA                DATA
 0002:00014f30 0000008cH .rtc$TMZ                DATA
 0002:00014fbc 00000004H .rtc$TZZ                DATA
 0002:00014fc0 000020e0H .xdata$x                DATA
 0002:000170a0 00003d48H .edata                  DATA
 0002:0001ade8 00000050H .idata$2                DATA
 0002:0001ae38 00000014H .idata$3                DATA
 0002:0001ae4c 00000200H .idata$4                DATA
 0002:0001b04c 000009c8H .idata$6                DATA
 0003:00000000 00001098H .data                   DATA
 0003:00001098 00000928H .data$r                 DATA
 0003:000019c0 00001adcH .bss                    DATA
 0004:00000000 000000a0H .rsrc$01                DATA
 0004:000000a0 00000560H .rsrc$02                DATA

  Address         Publics by Value              Rva+Base       Lib:Object

 0000:00000000       ___hybrid_auxiliary_iat    00000000     <absolute>
 0000:00000000       ___guard_longjmp_count     00000000     <absolute>
 0000:00000000       ___guard_longjmp_table     00000000     <absolute>
 0000:00000000       ___guard_iat_count         00000000     <absolute>
 0000:00000000       ___dynamic_value_reloc_table 00000000     <absolute>
 0000:00000000       ___guard_iat_table         00000000     <absolute>
 0000:00000000       ___guard_fids_count        00000000     <absolute>
 0000:00000000       ___hybrid_code_map_count   00000000     <absolute>
 0000:00000000       ___enclave_config          00000000     <absolute>
 0000:00000000       ___guard_fids_table        00000000     <absolute>
 0000:00000000       ___hybrid_code_map         00000000     <absolute>
 0000:000000a0       ___safe_se_handler_count   000000a0     <absolute>
 0000:00000100       ___guard_flags             00000100     <absolute>
 0000:00000000       ___ImageBase               10000000     <linker-defined>
 0001:00000110       ?internal_grow_predicate@hash_map_segment_base@internal@tbb@@QBE_NXZ 10001110 f   concurrent_hash_map.obj
 0001:00000170       ??$__TBB_load_with_acquire@H@internal@tbb@@YAHADH@Z 10001170 f i concurrent_hash_map.obj
 0001:00000190       ??$to_bits_ref@$$CDI@?$atomic_impl@I@internal@tbb@@CAAAHADI@Z 10001190 f i concurrent_hash_map.obj
 0001:000001c0       ??$to_value@I@?$atomic_impl@I@internal@tbb@@CAIH@Z 100011c0 f i concurrent_hash_map.obj
 0001:00000230       ??0?$converter@I@?$atomic_impl@I@internal@tbb@@QAE@XZ 10001230 f i concurrent_hash_map.obj
 0001:00000250       ??0?$ptr_converter@PDI@?$atomic_impl@I@internal@tbb@@QAE@PDI@Z 10001250 f i concurrent_hash_map.obj
 0001:00000270       ??B?$atomic_impl@I@internal@tbb@@QDEIXZ 10001270 f i concurrent_hash_map.obj
 0001:000002b0       ?__empty_global_delete@@YAXPAX@Z 100012b0 f i concurrent_hash_map.obj
 0001:000002c0       ?__global_delete@@YAXPAXI@Z 100012c0 f i concurrent_hash_map.obj
 0001:000002c0       ?__empty_global_delete@@YAXPAXI@Z 100012c0 f i concurrent_hash_map.obj
 0001:000002d0       ?load_with_acquire@?$machine_load_store@H$03@internal@tbb@@SAHADH@Z 100012d0 f i concurrent_hash_map.obj
 0001:00000340       ??0concurrent_queue_base_v3@internal@tbb@@IAE@I@Z 10001340 f   concurrent_queue.obj
 0001:00000590       ??1concurrent_queue_base_v3@internal@tbb@@MAE@XZ 10001590 f   concurrent_queue.obj
 0001:00000660       ?internal_push@concurrent_queue_base_v3@internal@tbb@@IAEXPBX@Z 10001660 f   concurrent_queue.obj
 0001:00000690       ?internal_pop@concurrent_queue_base_v3@internal@tbb@@IAEXPAX@Z 10001690 f   concurrent_queue.obj
 0001:00000930       ?internal_abort@concurrent_queue_base_v3@internal@tbb@@IAEXXZ 10001930 f   concurrent_queue.obj
 0001:00000990       ?internal_push_if_not_full@concurrent_queue_base_v3@internal@tbb@@IAE_NPBX@Z 10001990 f   concurrent_queue.obj
 0001:000009c0       ?internal_pop_if_present@concurrent_queue_base_v3@internal@tbb@@IAE_NPAX@Z 100019c0 f   concurrent_queue.obj
 0001:00000a90       ?internal_size@concurrent_queue_base_v3@internal@tbb@@IBEHXZ 10001a90 f   concurrent_queue.obj
 0001:00000b10       ?internal_empty@concurrent_queue_base_v3@internal@tbb@@IBE_NXZ 10001b10 f   concurrent_queue.obj
 0001:00000ba0       ?internal_set_capacity@concurrent_queue_base_v3@internal@tbb@@IAEXHI@Z 10001ba0 f   concurrent_queue.obj
 0001:00000be0       ?internal_finish_clear@concurrent_queue_base_v3@internal@tbb@@IAEXXZ 10001be0 f   concurrent_queue.obj
 0001:00000cd0       ?internal_throw_exception@concurrent_queue_base_v3@internal@tbb@@IBEXXZ 10001cd0 f   concurrent_queue.obj
 0001:00000d00       ?assign@concurrent_queue_base_v3@internal@tbb@@IAEXABV123@@Z 10001d00 f   concurrent_queue.obj
 0001:00000d30       ?internal_insert_item@concurrent_queue_base_v3@internal@tbb@@IAEXPBXW4copy_specifics@123@@Z 10001d30 f   concurrent_queue.obj
 0001:00001040       ?internal_insert_if_not_full@concurrent_queue_base_v3@internal@tbb@@IAE_NPBXW4copy_specifics@123@@Z 10002040 f   concurrent_queue.obj
 0001:00001110       ?internal_assign@concurrent_queue_base_v3@internal@tbb@@IAEXABV123@W4copy_specifics@123@@Z 10002110 f   concurrent_queue.obj
 0001:00001270       ?move_content@concurrent_queue_base_v8@internal@tbb@@IAEXAAV123@@Z 10002270 f   concurrent_queue.obj
 0001:000012a0       ?internal_push_move_if_not_full@concurrent_queue_base_v8@internal@tbb@@IAE_NPBX@Z 100022a0 f   concurrent_queue.obj
 0001:000012d0       ?internal_push_move@concurrent_queue_base_v8@internal@tbb@@IAEXPBX@Z 100022d0 f   concurrent_queue.obj
 0001:00001300       ?initialize@concurrent_queue_iterator_base_v3@internal@tbb@@AAEXABVconcurrent_queue_base_v3@23@I@Z 10002300 f   concurrent_queue.obj
 0001:000013a0       ??0concurrent_queue_iterator_base_v3@internal@tbb@@IAE@ABVconcurrent_queue_base_v3@12@@Z 100023a0 f   concurrent_queue.obj
 0001:000013d0       ??0concurrent_queue_iterator_base_v3@internal@tbb@@IAE@ABVconcurrent_queue_base_v3@12@I@Z 100023d0 f   concurrent_queue.obj
 0001:00001410       ?assign@concurrent_queue_iterator_base_v3@internal@tbb@@IAEXABV123@@Z 10002410 f   concurrent_queue.obj
 0001:000014d0       ?advance@concurrent_queue_iterator_base_v3@internal@tbb@@IAEXXZ 100024d0 f   concurrent_queue.obj
 0001:00001630       ??1concurrent_queue_iterator_base_v3@internal@tbb@@IAE@XZ 10002630 f   concurrent_queue.obj
 0001:000016a0       ?push@micro_queue@internal@tbb@@QAEXPBXIAAVconcurrent_queue_base_v3@23@W4copy_specifics@423@@Z 100026a0 f   concurrent_queue.obj
 0001:000019e0       ?abort_push@micro_queue@internal@tbb@@QAEXIAAVconcurrent_queue_base_v3@23@@Z 100029e0 f   concurrent_queue.obj
 0001:00001a20       ?pop@micro_queue@internal@tbb@@QAE_NPAXIAAVconcurrent_queue_base_v3@23@@Z 10002a20 f   concurrent_queue.obj
 0001:00001c30       ?assign@micro_queue@internal@tbb@@QAEAAU123@ABU123@AAVconcurrent_queue_base_v3@23@W4copy_specifics@423@@Z 10002c30 f   concurrent_queue.obj
 0001:00001f40       ?make_copy@micro_queue@internal@tbb@@QAEPAUpage@concurrent_queue_base_v3@23@AAV523@PBU4523@IIAAIW4copy_specifics@523@@Z 10002f40 f   concurrent_queue.obj
 0001:00002050       ?make_invalid@micro_queue@internal@tbb@@QAEXI@Z 10003050 f   concurrent_queue.obj
 0001:00002160       ??$__TBB_load_relaxed@I@internal@tbb@@YAIADI@Z 10003160 f i concurrent_queue.obj
 0001:00002180       ??$__TBB_load_with_acquire@C@internal@tbb@@YACADC@Z 10003180 f i concurrent_queue.obj
 0001:000021a0       ??$__TBB_store_relaxed@IH@internal@tbb@@YAXACIH@Z 100031a0 f i concurrent_queue.obj
 0001:000021c0       ??$__TBB_store_with_release@CC@internal@tbb@@YAXACCC@Z 100031c0 f i concurrent_queue.obj
 0001:000021e0       ??$__TBB_store_with_release@HH@internal@tbb@@YAXACHH@Z 100031e0 f i concurrent_queue.obj
 0001:00002200       ??$compare_and_swap@$0A@@?$atomic_impl@I@internal@tbb@@QAEIII@Z 10003200 f i concurrent_queue.obj
 0001:00002250       ??$fetch_and_add@$0A@@?$atomic_impl_with_arithmetic@IID@internal@tbb@@QAEII@Z 10003250 f i concurrent_queue.obj
 0001:00002280       ??$is_aligned@$$BY07Umicro_queue@internal@tbb@@@internal@tbb@@YA_NPAY07Umicro_queue@01@I@Z 10003280 f i concurrent_queue.obj
 0001:000022b0       ??$is_aligned@U?$atomic@I@tbb@@@internal@tbb@@YA_NPAU?$atomic@I@1@I@Z 100032b0 f i concurrent_queue.obj
 0001:000022e0       ??$is_aligned@Vconcurrent_queue_rep@internal@tbb@@@internal@tbb@@YA_NPAVconcurrent_queue_rep@01@I@Z 100032e0 f i concurrent_queue.obj
 0001:00002310       ??$is_power_of_two@I@internal@tbb@@YA_NI@Z 10003310 f i concurrent_queue.obj
 0001:00002350       ??$modulo_power_of_two@II@internal@tbb@@YAIII@Z 10003350 f i concurrent_queue.obj
 0001:000023a0       ??$notify@Upredicate_leq@internal@tbb@@@concurrent_monitor@internal@tbb@@QAEXABUpredicate_leq@12@@Z 100033a0 f i concurrent_queue.obj
 0001:000023d0       ??$notify_relaxed@Upredicate_leq@internal@tbb@@@concurrent_monitor@internal@tbb@@QAEXABUpredicate_leq@12@@Z 100033d0 f i concurrent_queue.obj
 0001:000025b0       ??$punned_cast@PAVbinary_semaphore@internal@tbb@@$$CBV?$aligned_space@Vbinary_semaphore@internal@tbb@@$00@3@@internal@tbb@@YAPAVbinary_semaphore@01@PBV?$aligned_space@Vbinary_semaphore@internal@tbb@@$00@1@@Z 100035b0 f i concurrent_queue.obj
 0001:000025d0       ??$spin_wait_until_eq@U?$atomic@I@tbb@@I@internal@tbb@@YAXADU?$atomic@I@1@I@Z 100035d0 f i concurrent_queue.obj
 0001:00002650       ??$spin_wait_while_eq@U?$atomic@I@tbb@@I@internal@tbb@@YAXADU?$atomic@I@1@I@Z 10003650 f i concurrent_queue.obj
 0001:000026d0       ??$suppress_unused_warning@E@internal@tbb@@YAXABE@Z 100036d0 f i concurrent_queue.obj
 0001:000026e0       ??$to_bits@I@?$atomic_impl@I@internal@tbb@@CAHI@Z 100036e0 f i concurrent_queue.obj
 0001:00002710       ??$to_bits@PAUpage@concurrent_queue_base_v3@internal@tbb@@@?$atomic_impl@PAUpage@concurrent_queue_base_v3@internal@tbb@@@internal@tbb@@CAHPAUpage@concurrent_queue_base_v3@12@@Z 10003710 f i concurrent_queue.obj
 0001:00002740       ??$to_bits@_N@?$atomic_impl@_N@internal@tbb@@CAC_N@Z 10003740 f i concurrent_queue.obj
 0001:00002770       ??$to_bits_ref@$$CD_N@?$atomic_impl@_N@internal@tbb@@CAAACAD_N@Z 10003770 f i concurrent_queue.obj
 0001:000027a0       ??$to_bits_ref@I@?$atomic_impl@I@internal@tbb@@CAAAHAAI@Z 100037a0 f i concurrent_queue.obj
 0001:000027d0       ??$to_bits_ref@PAUpage@concurrent_queue_base_v3@internal@tbb@@@?$atomic_impl@PAUpage@concurrent_queue_base_v3@internal@tbb@@@internal@tbb@@CAAAHAAPAUpage@concurrent_queue_base_v3@12@@Z 100037d0 f i concurrent_queue.obj
 0001:00002800       ??$to_bits_ref@SAUpage@concurrent_queue_base_v3@internal@tbb@@@?$atomic_impl@PAUpage@concurrent_queue_base_v3@internal@tbb@@@internal@tbb@@CAAAHADSAUpage@concurrent_queue_base_v3@12@@Z 10003800 f i concurrent_queue.obj
 0001:00002830       ??$to_bits_ref@_N@?$atomic_impl@_N@internal@tbb@@CAAACAA_N@Z 10003830 f i concurrent_queue.obj
 0001:00002860       ??$to_value@PAUpage@concurrent_queue_base_v3@internal@tbb@@@?$atomic_impl@PAUpage@concurrent_queue_base_v3@internal@tbb@@@internal@tbb@@CAPAUpage@concurrent_queue_base_v3@12@H@Z 10003860 f i concurrent_queue.obj
 0001:000028d0       ??$to_value@_N@?$atomic_impl@_N@internal@tbb@@CA_NC@Z 100038d0 f i concurrent_queue.obj
 0001:00002940       ??0?$cache_aligned_allocator@Vconcurrent_queue_iterator_rep@internal@tbb@@@tbb@@QAE@XZ 10003940 f i concurrent_queue.obj
 0001:00002960       ??0?$cache_aligned_allocator@Vconcurrent_queue_rep@internal@tbb@@@tbb@@QAE@XZ 10003960 f i concurrent_queue.obj
 0001:00002980       ??0?$converter@I@?$atomic_impl@I@internal@tbb@@QAE@I@Z 10003980 f i concurrent_queue.obj
 0001:000029a0       ??0?$converter@PAUpage@concurrent_queue_base_v3@internal@tbb@@@?$atomic_impl@PAUpage@concurrent_queue_base_v3@internal@tbb@@@internal@tbb@@QAE@PAUpage@concurrent_queue_base_v3@23@@Z 100039a0 f i concurrent_queue.obj
 0001:000029c0       ??0?$converter@PAUpage@concurrent_queue_base_v3@internal@tbb@@@?$atomic_impl@PAUpage@concurrent_queue_base_v3@internal@tbb@@@internal@tbb@@QAE@XZ 100039c0 f i concurrent_queue.obj
 0001:000029e0       ??0?$converter@_N@?$atomic_impl@_N@internal@tbb@@QAE@XZ 100039e0 f i concurrent_queue.obj
 0001:00002a00       ??0?$converter@_N@?$atomic_impl@_N@internal@tbb@@QAE@_N@Z 10003a00 f i concurrent_queue.obj
 0001:00002a20       ??0?$ptr_converter@PAI@?$atomic_impl@I@internal@tbb@@QAE@PAI@Z 10003a20 f i concurrent_queue.obj
 0001:00002a40       ??0?$ptr_converter@PAPAUpage@concurrent_queue_base_v3@internal@tbb@@@?$atomic_impl@PAUpage@concurrent_queue_base_v3@internal@tbb@@@internal@tbb@@QAE@PAPAUpage@concurrent_queue_base_v3@23@@Z 10003a40 f i concurrent_queue.obj
 0001:00002a60       ??0?$ptr_converter@PA_N@?$atomic_impl@_N@internal@tbb@@QAE@PA_N@Z 10003a60 f i concurrent_queue.obj
 0001:00002a80       ??0?$ptr_converter@PDSAUpage@concurrent_queue_base_v3@internal@tbb@@@?$atomic_impl@PAUpage@concurrent_queue_base_v3@internal@tbb@@@internal@tbb@@QAE@PDSAUpage@concurrent_queue_base_v3@23@@Z 10003a80 f i concurrent_queue.obj
 0001:00002aa0       ??0?$ptr_converter@PD_N@?$atomic_impl@_N@internal@tbb@@QAE@PD_N@Z 10003aa0 f i concurrent_queue.obj
 0001:00002ac0       ??0atomic_backoff@internal@tbb@@QAE@XZ 10003ac0 f i concurrent_queue.obj
 0001:00002af0       ??0atomic_backoff@internal@tbb@@QAE@_N@Z 10003af0 f i concurrent_queue.obj
 0001:00002b30       ??0circular_doubly_linked_list_with_sentinel@internal@tbb@@QAE@XZ 10003b30 f i concurrent_queue.obj
 0001:00002b70       ??0concurrent_monitor@internal@tbb@@QAE@XZ 10003b70 f i concurrent_queue.obj
 0001:00002c00       ??0concurrent_queue_iterator_rep@internal@tbb@@QAE@ABVconcurrent_queue_base_v3@12@I@Z 10003c00 f i concurrent_queue.obj
 0001:00002ca0       ??0micro_queue_pop_finalizer@internal@tbb@@QAE@AAUmicro_queue@12@AAVconcurrent_queue_base_v3@12@IPAUpage@412@@Z 10003ca0 f i concurrent_queue.obj
 0001:00002cf0       ??0mutex_copy_deprecated_and_disabled@internal@tbb@@QAE@XZ 10003cf0 f i concurrent_queue.obj
 0001:00002d20       ??0no_copy@internal@tbb@@QAE@XZ 10003d20 f i concurrent_queue.obj
 0001:00002d40       ??0node_t@circular_doubly_linked_list_with_sentinel@internal@tbb@@QAE@XZ 10003d40 f i concurrent_queue.obj
 0001:00002d70       ??0predicate_leq@internal@tbb@@QAE@I@Z 10003d70 f i concurrent_queue.obj
 0001:00002d90       ??0scoped_lock@spin_mutex@tbb@@QAE@AAV12@@Z 10003d90 f i concurrent_queue.obj
 0001:00002df0       ??0spin_mutex@tbb@@QAE@XZ  10003df0 f i concurrent_queue.obj
 0001:00002e30       ??0thread_context@concurrent_monitor@internal@tbb@@QAE@XZ 10003e30 f i concurrent_queue.obj
 0001:00002ea0       ??1binary_semaphore@internal@tbb@@QAE@XZ 10003ea0 f i concurrent_queue.obj
 0001:00002ee0       ??1circular_doubly_linked_list_with_sentinel@internal@tbb@@QAE@XZ 10003ee0 f i concurrent_queue.obj
 0001:00002f60       ??1micro_queue_pop_finalizer@internal@tbb@@QAE@XZ 10003f60 f i concurrent_queue.obj
 0001:00003080       ??1scoped_lock@spin_mutex@tbb@@QAE@XZ 10004080 f i concurrent_queue.obj
 0001:000030e0       ??1thread_context@concurrent_monitor@internal@tbb@@QAE@XZ 100040e0 f i concurrent_queue.obj
 0001:00003160       ??2@YAPAXIPAX@Z            10004160 f i concurrent_queue.obj
 0001:00003170       ??4?$atomic@I@tbb@@QAEAAU01@ABU01@@Z 10004170 f i concurrent_queue.obj
 0001:000031b0       ??4?$atomic@I@tbb@@QAEII@Z 100041b0 f i concurrent_queue.obj
 0001:000031e0       ??4?$atomic@PAUpage@concurrent_queue_base_v3@internal@tbb@@@tbb@@QAEPAUpage@concurrent_queue_base_v3@internal@1@PAU2341@@Z 100041e0 f i concurrent_queue.obj
 0001:00003210       ??4?$atomic@_N@tbb@@QAE_N_N@Z 10004210 f i concurrent_queue.obj
 0001:00003240       ??B?$atomic_impl@PAUpage@concurrent_queue_base_v3@internal@tbb@@@internal@tbb@@QDEPAUpage@concurrent_queue_base_v3@12@XZ 10004240 f i concurrent_queue.obj
 0001:00003280       ??B?$atomic_impl@_N@internal@tbb@@QDE_NXZ 10004280 f i concurrent_queue.obj
 0001:000032c0       ??E?$atomic_impl_with_arithmetic@IID@internal@tbb@@QAEIH@Z 100042c0 f i concurrent_queue.obj
 0001:000032f0       ??E?$atomic_impl_with_arithmetic@IID@internal@tbb@@QAEIXZ 100042f0 f i concurrent_queue.obj
 0001:00003320       ??F?$atomic_impl_with_arithmetic@IID@internal@tbb@@QAEIH@Z 10004320 f i concurrent_queue.obj
 0001:00003350       ??F?$atomic_impl_with_arithmetic@IID@internal@tbb@@QAEIXZ 10004350 f i concurrent_queue.obj
 0001:00003380       ??Rpredicate_leq@internal@tbb@@QBE_NI@Z 10004380 f i concurrent_queue.obj
 0001:000033c0       ??Y?$atomic_impl_with_arithmetic@IID@internal@tbb@@QAEII@Z 100043c0 f i concurrent_queue.obj
 0001:000033f0       ??_Gbinary_semaphore@internal@tbb@@QAEPAXI@Z 100043f0 f i concurrent_queue.obj
 0001:00003430       ??_Econcurrent_queue_base_v3@internal@tbb@@MAEPAXI@Z 10004430 f i concurrent_queue.obj
 0001:00003430       ??_Gconcurrent_queue_base_v3@internal@tbb@@MAEPAXI@Z 10004430 f i concurrent_queue.obj
 0001:00003470       ?P@binary_semaphore@internal@tbb@@QAEXXZ 10004470 f i concurrent_queue.obj
 0001:000034b0       ?V@binary_semaphore@internal@tbb@@QAEXXZ 100044b0 f i concurrent_queue.obj
 0001:000034f0       ?__TBB_store_relaxed@internal@tbb@@YAXACII@Z 100044f0 f i concurrent_queue.obj
 0001:00003510       ?abort_all@concurrent_monitor@internal@tbb@@QAEXXZ 10004510 f i concurrent_queue.obj
 0001:00003540       ?add@circular_doubly_linked_list_with_sentinel@internal@tbb@@QAEXPAUnode_t@123@@Z 10004540 f i concurrent_queue.obj
 0001:000035b0       ?allocate@?$cache_aligned_allocator@Vconcurrent_queue_iterator_rep@internal@tbb@@@tbb@@QAEPAVconcurrent_queue_iterator_rep@internal@2@IPBX@Z 100045b0 f i concurrent_queue.obj
 0001:000035e0       ?allocate@?$cache_aligned_allocator@Vconcurrent_queue_rep@internal@tbb@@@tbb@@QAEPAVconcurrent_queue_rep@internal@2@IPBX@Z 100045e0 f i concurrent_queue.obj
 0001:00003620       ?atomic_fence@tbb@@YAXXZ   10004620 f i concurrent_queue.obj
 0001:00003630       ?begin@?$aligned_space@Vbinary_semaphore@internal@tbb@@$00@tbb@@QBEPAVbinary_semaphore@internal@2@XZ 10004630 f i concurrent_queue.obj
 0001:00003660       ?choose@concurrent_queue_rep@internal@tbb@@QAEAAUmicro_queue@23@I@Z 10004660 f i concurrent_queue.obj
 0001:000036a0       ?clear@circular_doubly_linked_list_with_sentinel@internal@tbb@@QAEXXZ 100046a0 f i concurrent_queue.obj
 0001:000036f0       ?commit_wait@concurrent_monitor@internal@tbb@@QAE_NAAVthread_context@123@@Z 100046f0 f i concurrent_queue.obj
 0001:000037e0       ?compare_and_swap@?$atomic_impl@I@internal@tbb@@QAEIII@Z 100047e0 f i concurrent_queue.obj
 0001:00003810       ?compare_and_swap@?$atomic_traits@$03$0A@@internal@tbb@@SAHPCXHH@Z 10004810 f i concurrent_queue.obj
 0001:00003830       ?deallocate@?$cache_aligned_allocator@Vconcurrent_queue_iterator_rep@internal@tbb@@@tbb@@QAEXPAVconcurrent_queue_iterator_rep@internal@2@I@Z 10004830 f i concurrent_queue.obj
 0001:00003860       ?deallocate@?$cache_aligned_allocator@Vconcurrent_queue_rep@internal@tbb@@@tbb@@QAEXPAVconcurrent_queue_rep@internal@2@I@Z 10004860 f i concurrent_queue.obj
 0001:00003890       ?empty@circular_doubly_linked_list_with_sentinel@internal@tbb@@QBE_NXZ 10004890 f i concurrent_queue.obj
 0001:000038e0       ?end@circular_doubly_linked_list_with_sentinel@internal@tbb@@QBEPBUnode_t@123@XZ 100048e0 f i concurrent_queue.obj
 0001:00003900       ?fetch_and_add@?$atomic_impl_with_arithmetic@IID@internal@tbb@@QAEII@Z 10004900 f i concurrent_queue.obj
 0001:00003930       ?fetch_and_add@?$atomic_traits@$03$0A@@internal@tbb@@SAHPCXH@Z 10004930 f i concurrent_queue.obj
 0001:00003950       ?front@circular_doubly_linked_list_with_sentinel@internal@tbb@@QBEPAUnode_t@123@XZ 10004950 f i concurrent_queue.obj
 0001:00003970       ?get_item@concurrent_queue_iterator_rep@internal@tbb@@QAE_NAAPAXI@Z 10004970 f i concurrent_queue.obj
 0001:00003a60       ?index@concurrent_queue_rep@internal@tbb@@SAII@Z 10004a60 f i concurrent_queue.obj
 0001:00003a80       ?last@circular_doubly_linked_list_with_sentinel@internal@tbb@@QBEPAUnode_t@123@XZ 10004a80 f i concurrent_queue.obj
 0001:00003aa0       ?load@?$machine_load_store_relaxed@I$03@internal@tbb@@SAIADI@Z 10004aa0 f i concurrent_queue.obj
 0001:00003ab0       ?load_with_acquire@?$machine_load_store@C$00@internal@tbb@@SACADC@Z 10004ab0 f i concurrent_queue.obj
 0001:00003ad0       ?pause@atomic_backoff@internal@tbb@@QAEXXZ 10004ad0 f i concurrent_queue.obj
 0001:00003b30       ?remove@circular_doubly_linked_list_with_sentinel@internal@tbb@@QAEXAAUnode_t@123@@Z 10004b30 f i concurrent_queue.obj
 0001:00003bb0       ?semaphore@thread_context@concurrent_monitor@internal@tbb@@QAEAAVbinary_semaphore@34@XZ 10004bb0 f i concurrent_queue.obj
 0001:00003be0       ?size@circular_doubly_linked_list_with_sentinel@internal@tbb@@QBEIXZ 10004be0 f i concurrent_queue.obj
 0001:00003c00       ?store@?$machine_load_store_relaxed@I$03@internal@tbb@@SAXACII@Z 10004c00 f i concurrent_queue.obj
 0001:00003c10       ?store_with_release@?$atomic_impl@I@internal@tbb@@IAEII@Z 10004c10 f i concurrent_queue.obj
 0001:00003c60       ?store_with_release@?$atomic_impl@PAUpage@concurrent_queue_base_v3@internal@tbb@@@internal@tbb@@IAEPAUpage@concurrent_queue_base_v3@23@PAU4523@@Z 10004c60 f i concurrent_queue.obj
 0001:00003cb0       ?store_with_release@?$atomic_impl@_N@internal@tbb@@IAE_N_N@Z 10004cb0 f i concurrent_queue.obj
 0001:00003d00       ?store_with_release@?$machine_load_store@C$00@internal@tbb@@SAXACCC@Z 10004d00 f i concurrent_queue.obj
 0001:00003d10       ?store_with_release@?$machine_load_store@H$03@internal@tbb@@SAXACHH@Z 10004d10 f i concurrent_queue.obj
 0001:00003d20       ?throw_exception@internal@tbb@@YAXW4exception_id@12@@Z 10004d20 f i concurrent_queue.obj
 0001:00003d40       ?to_thread_context@concurrent_monitor@internal@tbb@@AAEPAVthread_context@123@PAUnode_t@circular_doubly_linked_list_with_sentinel@23@@Z 10004d40 f i concurrent_queue.obj
 0001:00003e10       ??1concurrent_vector_base_v3@internal@tbb@@IAE@XZ 10004e10 f   concurrent_vector.obj
 0001:00003f50       ?internal_reserve@concurrent_vector_base_v3@internal@tbb@@IAEXIII@Z 10004f50 f   concurrent_vector.obj
 0001:00004050       ?internal_capacity@concurrent_vector_base_v3@internal@tbb@@IBEIXZ 10005050 f   concurrent_vector.obj
 0001:00004090       ?internal_grow@concurrent_vector_base_v3@internal@tbb@@IAEXIIIP6AXPAXPBXI@Z1@Z 10005090 f   concurrent_vector.obj
 0001:00004260       ?internal_grow_by@concurrent_vector_base_v3@internal@tbb@@IAEIIIP6AXPAXPBXI@Z1@Z 10005260 f   concurrent_vector.obj
 0001:000042c0       ?internal_push_back@concurrent_vector_base_v3@internal@tbb@@IAEPAXIAAI@Z 100052c0 f   concurrent_vector.obj
 0001:000043c0       ?internal_clear@concurrent_vector_base_v3@internal@tbb@@IAEIP6AXPAXI@Z@Z 100053c0 f   concurrent_vector.obj
 0001:00004520       ?internal_compact@concurrent_vector_base_v3@internal@tbb@@IAEPAXIPAXP6AX0I@ZP6AX0PBXI@Z@Z 10005520 f   concurrent_vector.obj
 0001:00004ad0       ?internal_copy@concurrent_vector_base_v3@internal@tbb@@IAEXABV123@IP6AXPAXPBXI@Z@Z 10005ad0 f   concurrent_vector.obj
 0001:00004cb0       ?internal_assign@concurrent_vector_base_v3@internal@tbb@@IAEXABV123@IP6AXPAXI@ZP6AX1PBXI@Z4@Z 10005cb0 f   concurrent_vector.obj
 0001:000050a0       ?internal_throw_exception@concurrent_vector_base_v3@internal@tbb@@IBEXI@Z 100060a0 f   concurrent_vector.obj
 0001:00005100       ?internal_swap@concurrent_vector_base_v3@internal@tbb@@IAEXAAV123@@Z 10006100 f   concurrent_vector.obj
 0001:00005270       ?internal_resize@concurrent_vector_base_v3@internal@tbb@@IAEXIIIPBXP6AXPAXI@ZP6AX10I@Z@Z 10006270 f   concurrent_vector.obj
 0001:00005430       ?internal_grow_to_at_least_with_result@concurrent_vector_base_v3@internal@tbb@@IAEIIIP6AXPAXPBXI@Z1@Z 10006430 f   concurrent_vector.obj
 0001:00005660       ?internal_grow_to_at_least@concurrent_vector_base_v3@internal@tbb@@IAEXIIP6AXPAXPBXI@Z1@Z 10006660 f   concurrent_vector.obj
 0001:000056a0       ?enable_segment@helper@concurrent_vector_base_v3@internal@tbb@@SAIAAV234@II_N@Z 100066a0 f   concurrent_vector.obj
 0001:000059b0       ?extend_segment_table@helper@concurrent_vector_base_v3@internal@tbb@@SAXAAV234@I@Z 100069b0 f   concurrent_vector.obj
 0001:00005c30       ?cleanup@helper@concurrent_vector_base_v3@internal@tbb@@QAEXXZ 10006c30 f   concurrent_vector.obj
 0001:00005f40       ??$?9Usegment_allocated@concurrent_vector_base_v3@internal@tbb@@@internal@tbb@@YA_NABVsegment_value_t@concurrent_vector_base_v3@01@Usegment_allocated@301@@Z 10006f40 f i concurrent_vector.obj
 0001:00005f90       ??$?9Usegment_not_used@concurrent_vector_base_v3@internal@tbb@@@internal@tbb@@YA_NABVsegment_value_t@concurrent_vector_base_v3@01@Usegment_not_used@301@@Z 10006f90 f i concurrent_vector.obj
 0001:00005fe0       ??$_Construct_in_place@Vsegment_t@concurrent_vector_base_v3@internal@tbb@@ABV1234@@std@@YAXAAVsegment_t@concurrent_vector_base_v3@internal@tbb@@ABV1234@@Z 10006fe0 f i concurrent_vector.obj
 0001:00006030       ??$_Copy_no_deprecate@PAVsegment_t@concurrent_vector_base_v3@internal@tbb@@PAV1234@@std@@YAPAVsegment_t@concurrent_vector_base_v3@internal@tbb@@PAV1234@00@Z 10007030 f i concurrent_vector.obj
 0001:00006120       ??$_Copy_no_deprecate@PAVsegment_t@concurrent_vector_base_v3@internal@tbb@@V?$_Array_iterator@Vsegment_t@concurrent_vector_base_v3@internal@tbb@@$0CA@@std@@@std@@YA?AV?$_Array_iterator@Vsegment_t@concurrent_vector_base_v3@internal@tbb@@$0CA@@0@PAVsegment_t@concurrent_vector_base_v3@internal@tbb@@0V10@@Z 10007120 f i concurrent_vector.obj
 0001:00006240       ??$_Copy_unchecked1@PAVsegment_t@concurrent_vector_base_v3@internal@tbb@@PAV1234@@std@@YAPAVsegment_t@concurrent_vector_base_v3@internal@tbb@@PAV1234@00U_General_ptr_iterator_tag@0@@Z 10007240 f i concurrent_vector.obj
 0001:00006280       ??$_Copy_unchecked@PAVsegment_t@concurrent_vector_base_v3@internal@tbb@@PAV1234@@std@@YAPAVsegment_t@concurrent_vector_base_v3@internal@tbb@@PAV1234@00@Z 10007280 f i concurrent_vector.obj
 0001:000062d0       ??$_Debug_range2@PAVsegment_t@concurrent_vector_base_v3@internal@tbb@@@std@@YAXPAVsegment_t@concurrent_vector_base_v3@internal@tbb@@0PB_WIUrandom_access_iterator_tag@0@@Z 100072d0 f i concurrent_vector.obj
 0001:00006330       ??$_Debug_range@PAVsegment_t@concurrent_vector_base_v3@internal@tbb@@@std@@YAXPAVsegment_t@concurrent_vector_base_v3@internal@tbb@@0PB_WI@Z 10007330 f i concurrent_vector.obj
 0001:00006370       ??$_Destroy_in_place@Vsegment_t@concurrent_vector_base_v3@internal@tbb@@@std@@YAXAAVsegment_t@concurrent_vector_base_v3@internal@tbb@@@Z 10007370 f i concurrent_vector.obj
 0001:00006390       ??$_Destroy_range1@PAVsegment_t@concurrent_vector_base_v3@internal@tbb@@@std@@YAXPAVsegment_t@concurrent_vector_base_v3@internal@tbb@@0U?$integral_constant@_N$0A@@0@@Z 10007390 f i concurrent_vector.obj
 0001:000063c0       ??$_Destroy_range@PAVsegment_t@concurrent_vector_base_v3@internal@tbb@@@std@@YAXPAVsegment_t@concurrent_vector_base_v3@internal@tbb@@0@Z 100073c0 f i concurrent_vector.obj
 0001:000063f0       ??$_Emplace_back@ABVsegment_t@concurrent_vector_base_v3@internal@tbb@@@?$_Uninitialized_backout@PAVsegment_t@concurrent_vector_base_v3@internal@tbb@@@std@@QAEXABVsegment_t@concurrent_vector_base_v3@internal@tbb@@@Z 100073f0 f i concurrent_vector.obj
 0001:00006440       ??$_Fill_memset_is_safe@PAVsegment_t@concurrent_vector_base_v3@internal@tbb@@V1234@@std@@YA?AU?$integral_constant@_N$0A@@0@ABQAVsegment_t@concurrent_vector_base_v3@internal@tbb@@ABV2345@@Z 10007440 f i concurrent_vector.obj
 0001:00006460       ??$_Fill_n_unchecked1@PAVsegment_t@concurrent_vector_base_v3@internal@tbb@@IV1234@@std@@YAPAVsegment_t@concurrent_vector_base_v3@internal@tbb@@PAV1234@IABV1234@U?$integral_constant@_N$0A@@0@@Z 10007460 f i concurrent_vector.obj
 0001:000064a0       ??$_Fill_n_unchecked@PAVsegment_t@concurrent_vector_base_v3@internal@tbb@@IV1234@@std@@YAPAVsegment_t@concurrent_vector_base_v3@internal@tbb@@PAV1234@IABV1234@@Z 100074a0 f i concurrent_vector.obj
 0001:000064f0       ??$_Idl_distance1@PAVsegment_t@concurrent_vector_base_v3@internal@tbb@@PAV1234@@std@@YAHABQAVsegment_t@concurrent_vector_base_v3@internal@tbb@@0Urandom_access_iterator_tag@0@@Z 100074f0 f i concurrent_vector.obj
 0001:00006510       ??$_Idl_distance@PAVsegment_t@concurrent_vector_base_v3@internal@tbb@@PAV1234@@std@@YAHABQAVsegment_t@concurrent_vector_base_v3@internal@tbb@@0@Z 10007510 f i concurrent_vector.obj
 0001:00006540       ??$_Is_checked@PAVsegment_t@concurrent_vector_base_v3@internal@tbb@@@std@@YA?AU?$integral_constant@_N$0A@@0@PAVsegment_t@concurrent_vector_base_v3@internal@tbb@@@Z 10007540 f i concurrent_vector.obj
 0001:00006560       ??$_Ptr_copy_cat@Vsegment_t@concurrent_vector_base_v3@internal@tbb@@V1234@@std@@YA?AU_General_ptr_iterator_tag@0@ABQAVsegment_t@concurrent_vector_base_v3@internal@tbb@@0@Z 10007560 f i concurrent_vector.obj
 0001:00006580       ??$_Rechecked@PAVsegment_t@concurrent_vector_base_v3@internal@tbb@@PAV1234@@std@@YAAAPAVsegment_t@concurrent_vector_base_v3@internal@tbb@@AAPAV1234@QAV1234@@Z 10007580 f i concurrent_vector.obj
 0001:00006590       ??$_Rechecked@Vsegment_t@concurrent_vector_base_v3@internal@tbb@@$0CA@@std@@YAAAV?$_Array_iterator@Vsegment_t@concurrent_vector_base_v3@internal@tbb@@$0CA@@0@AAV10@QAVsegment_t@concurrent_vector_base_v3@internal@tbb@@@Z 10007590 f i concurrent_vector.obj
 0001:000065b0       ??$_Unchecked@PAVsegment_t@concurrent_vector_base_v3@internal@tbb@@@std@@YAPAVsegment_t@concurrent_vector_base_v3@internal@tbb@@PAV1234@@Z 100075b0 f i concurrent_vector.obj
 0001:000065c0       ??$_Unchecked@Vsegment_t@concurrent_vector_base_v3@internal@tbb@@$0CA@@std@@YAPAVsegment_t@concurrent_vector_base_v3@internal@tbb@@ABV?$_Array_iterator@Vsegment_t@concurrent_vector_base_v3@internal@tbb@@$0CA@@0@@Z 100075c0 f i concurrent_vector.obj
 0001:000065e0       ??$_Unchecked_n1@PAVsegment_t@concurrent_vector_base_v3@internal@tbb@@H@std@@YAPAVsegment_t@concurrent_vector_base_v3@internal@tbb@@PAV1234@HU?$integral_constant@_N$00@0@@Z 100075e0 f i concurrent_vector.obj
 0001:00006660       ??$_Unchecked_n1@PAVsegment_t@concurrent_vector_base_v3@internal@tbb@@I@std@@YAPAVsegment_t@concurrent_vector_base_v3@internal@tbb@@PAV1234@IU?$integral_constant@_N$00@0@@Z 10007660 f i concurrent_vector.obj
 0001:000066e0       ??$_Unchecked_n1@V?$_Array_iterator@Vsegment_t@concurrent_vector_base_v3@internal@tbb@@$0CA@@std@@H@std@@YAPAVsegment_t@concurrent_vector_base_v3@internal@tbb@@V?$_Array_iterator@Vsegment_t@concurrent_vector_base_v3@internal@tbb@@$0CA@@0@HU?$integral_constant@_N$00@0@@Z 100076e0 f i concurrent_vector.obj
 0001:00006780       ??$_Unchecked_n@PAVsegment_t@concurrent_vector_base_v3@internal@tbb@@H@std@@YAPAVsegment_t@concurrent_vector_base_v3@internal@tbb@@PAV1234@H@Z 10007780 f i concurrent_vector.obj
 0001:000067c0       ??$_Unchecked_n@PAVsegment_t@concurrent_vector_base_v3@internal@tbb@@I@std@@YAPAVsegment_t@concurrent_vector_base_v3@internal@tbb@@PAV1234@I@Z 100077c0 f i concurrent_vector.obj
 0001:00006800       ??$_Unchecked_n@V?$_Array_iterator@Vsegment_t@concurrent_vector_base_v3@internal@tbb@@$0CA@@std@@H@std@@YAPAVsegment_t@concurrent_vector_base_v3@internal@tbb@@V?$_Array_iterator@Vsegment_t@concurrent_vector_base_v3@internal@tbb@@$0CA@@0@H@Z 10007800 f i concurrent_vector.obj
 0001:00006850       ??$_Uninitialized_fill_n_unchecked@PAVsegment_t@concurrent_vector_base_v3@internal@tbb@@IV1234@@std@@YAPAVsegment_t@concurrent_vector_base_v3@internal@tbb@@QAV1234@IABV1234@U?$integral_constant@_N$0A@@0@@Z 10007850 f i concurrent_vector.obj
 0001:00006930       ??$__TBB_load_relaxed@H@internal@tbb@@YAHADH@Z 10007930 f i concurrent_vector.obj
 0001:00006950       ??$__TBB_store_relaxed@HH@internal@tbb@@YAXACHH@Z 10007950 f i concurrent_vector.obj
 0001:00006970       ??$addressof@Vsegment_t@concurrent_vector_base_v3@internal@tbb@@@std@@YAPAVsegment_t@concurrent_vector_base_v3@internal@tbb@@AAV1234@@Z 10007970 f i concurrent_vector.obj
 0001:00006980       ??$apply@Udestroy_body@helper@concurrent_vector_base_v3@internal@tbb@@@helper@concurrent_vector_base_v3@internal@tbb@@QAEIABUdestroy_body@0123@@Z 10007980 f i concurrent_vector.obj
 0001:00006a80       ??$apply@Uinit_body@helper@concurrent_vector_base_v3@internal@tbb@@@helper@concurrent_vector_base_v3@internal@tbb@@QAEIABUinit_body@0123@@Z 10007a80 f i concurrent_vector.obj
 0001:00006b80       ??$apply@Usafe_init_body@helper@concurrent_vector_base_v3@internal@tbb@@@helper@concurrent_vector_base_v3@internal@tbb@@QAEIABUsafe_init_body@0123@@Z 10007b80 f i concurrent_vector.obj
 0001:00006c80       ??$compare_and_swap@$0A@@?$atomic_impl@PAVsegment_t@concurrent_vector_base_v3@internal@tbb@@@internal@tbb@@QAEPAVsegment_t@concurrent_vector_base_v3@12@PAV3412@0@Z 10007c80 f i concurrent_vector.obj
 0001:00006cd0       ??$copy@PAVsegment_t@concurrent_vector_base_v3@internal@tbb@@PAV1234@@std@@YAPAVsegment_t@concurrent_vector_base_v3@internal@tbb@@PAV1234@00@Z 10007cd0 f i concurrent_vector.obj
 0001:00006d20       ??$copy@PAVsegment_t@concurrent_vector_base_v3@internal@tbb@@V1234@$0CA@@std@@YAPAVsegment_t@concurrent_vector_base_v3@internal@tbb@@PAV1234@0AAY0CA@V1234@@Z 10007d20 f i concurrent_vector.obj
 0001:00006da0       ??$fetch_and_add@$00@?$atomic_impl_with_arithmetic@IID@internal@tbb@@QAEII@Z 10007da0 f i concurrent_vector.obj
 0001:00006dd0       ??$fetch_and_increment@$00@?$atomic_impl_with_arithmetic@IID@internal@tbb@@QAEIXZ 10007dd0 f i concurrent_vector.obj
 0001:00006e00       ??$fill_n@PAVsegment_t@concurrent_vector_base_v3@internal@tbb@@IV1234@@std@@YAPAVsegment_t@concurrent_vector_base_v3@internal@tbb@@PAV1234@IABV1234@@Z 10007e00 f i concurrent_vector.obj
 0001:00006e50       ??$forward@ABVsegment_t@concurrent_vector_base_v3@internal@tbb@@@std@@YAABVsegment_t@concurrent_vector_base_v3@internal@tbb@@ABV1234@@Z 10007e50 f i concurrent_vector.obj
 0001:00006e60       ??$load@$00@?$atomic_impl@I@internal@tbb@@QBEIXZ 10007e60 f i concurrent_vector.obj
 0001:00006ea0       ??$load@$00@?$atomic_impl@PAVsegment_t@concurrent_vector_base_v3@internal@tbb@@@internal@tbb@@QBEPAVsegment_t@concurrent_vector_base_v3@12@XZ 10007ea0 f i concurrent_vector.obj
 0001:00006ee0       ??$load@$00@?$atomic_impl@PAX@internal@tbb@@QBEPAXXZ 10007ee0 f i concurrent_vector.obj
 0001:00006f20       ??$load@$00@segment_t@concurrent_vector_base_v3@internal@tbb@@QBE?AVsegment_value_t@123@XZ 10007f20 f i concurrent_vector.obj
 0001:00006f60       ??$load@$02@?$atomic_impl@I@internal@tbb@@QBEIXZ 10007f60 f i concurrent_vector.obj
 0001:00006fa0       ??$load@$02@?$atomic_impl@PAVsegment_t@concurrent_vector_base_v3@internal@tbb@@@internal@tbb@@QBEPAVsegment_t@concurrent_vector_base_v3@12@XZ 10007fa0 f i concurrent_vector.obj
 0001:00006fe0       ??$load@$02@?$atomic_impl@PAX@internal@tbb@@QBEPAXXZ 10007fe0 f i concurrent_vector.obj
 0001:00007020       ??$load@$02@segment_t@concurrent_vector_base_v3@internal@tbb@@QBE?AVsegment_value_t@123@XZ 10008020 f i concurrent_vector.obj
 0001:00007060       ??$load@$02I@tbb@@YAIABU?$atomic@I@0@@Z 10008060 f i concurrent_vector.obj
 0001:00007080       ??$load@$02PAVsegment_t@concurrent_vector_base_v3@internal@tbb@@@tbb@@YAPAVsegment_t@concurrent_vector_base_v3@internal@0@ABU?$atomic@PAVsegment_t@concurrent_vector_base_v3@internal@tbb@@@0@@Z 10008080 f i concurrent_vector.obj
 0001:000070a0       ??$load@$02PAX@tbb@@YAPAXABU?$atomic@PAX@0@@Z 100080a0 f i concurrent_vector.obj
 0001:000070c0       ??$load@H@?$atomic_load_store_traits@$00@internal@tbb@@SAHADH@Z 100080c0 f i concurrent_vector.obj
 0001:000070e0       ??$load@H@?$atomic_load_store_traits@$02@internal@tbb@@SAHADH@Z 100080e0 f i concurrent_vector.obj
 0001:00007100       ??$pointer@D@segment_value_t@concurrent_vector_base_v3@internal@tbb@@QBEPADXZ 10008100 f i concurrent_vector.obj
 0001:00007120       ??$pointer@X@segment_value_t@concurrent_vector_base_v3@internal@tbb@@QBEPAXXZ 10008120 f i concurrent_vector.obj
 0001:00007140       ??$publish_segment@PAX@helper@concurrent_vector_base_v3@internal@tbb@@SAXAAVsegment_t@123@PAX@Z 10008140 f i concurrent_vector.obj
 0001:00007180       ??$publish_segment@Usegment_allocation_failed@concurrent_vector_base_v3@internal@tbb@@@helper@concurrent_vector_base_v3@internal@tbb@@SAXAAVsegment_t@123@Usegment_allocation_failed@123@@Z 10008180 f i concurrent_vector.obj
 0001:000071c0       ??$publish_segment@Usegment_not_used@concurrent_vector_base_v3@internal@tbb@@@helper@concurrent_vector_base_v3@internal@tbb@@SAXAAVsegment_t@123@Usegment_not_used@123@@Z 100081c0 f i concurrent_vector.obj
 0001:00007200       ??$spin_wait_while@Usegment_not_used_predicate@helper@concurrent_vector_base_v3@internal@tbb@@@internal@tbb@@YAXUsegment_not_used_predicate@helper@concurrent_vector_base_v3@01@@Z 10008200 f i concurrent_vector.obj
 0001:00007280       ??$spin_wait_while_eq@U?$atomic@PAVsegment_t@concurrent_vector_base_v3@internal@tbb@@@tbb@@PAVsegment_t@concurrent_vector_base_v3@internal@2@@internal@tbb@@YAXADU?$atomic@PAVsegment_t@concurrent_vector_base_v3@internal@tbb@@@1@PAVsegment_t@concurrent_vector_base_v3@01@@Z 10008280 f i concurrent_vector.obj
 0001:00007300       ??$store@$01@?$atomic_impl@I@internal@tbb@@QAEXI@Z 10008300 f i concurrent_vector.obj
 0001:00007340       ??$store@$01@?$atomic_impl@PAX@internal@tbb@@QAEXPAX@Z 10008340 f i concurrent_vector.obj
 0001:00007380       ??$store@$01@segment_t@concurrent_vector_base_v3@internal@tbb@@QAEXPAX@Z 10008380 f i concurrent_vector.obj
 0001:00007430       ??$store@$01@segment_t@concurrent_vector_base_v3@internal@tbb@@QAEXUsegment_allocation_failed@123@@Z 10008430 f i concurrent_vector.obj
 0001:000074b0       ??$store@$01@segment_t@concurrent_vector_base_v3@internal@tbb@@QAEXUsegment_not_used@123@@Z 100084b0 f i concurrent_vector.obj
 0001:000074e0       ??$store@$02@?$atomic_impl@I@internal@tbb@@QAEXI@Z 100084e0 f i concurrent_vector.obj
 0001:00007520       ??$store@$02@?$atomic_impl@PAVsegment_t@concurrent_vector_base_v3@internal@tbb@@@internal@tbb@@QAEXPAVsegment_t@concurrent_vector_base_v3@12@@Z 10008520 f i concurrent_vector.obj
 0001:00007560       ??$store@$02@?$atomic_impl@PAX@internal@tbb@@QAEXPAX@Z 10008560 f i concurrent_vector.obj
 0001:000075a0       ??$store@$02@segment_t@concurrent_vector_base_v3@internal@tbb@@QAEXPAX@Z 100085a0 f i concurrent_vector.obj
 0001:00007650       ??$store@$02@segment_t@concurrent_vector_base_v3@internal@tbb@@QAEXUsegment_not_used@123@@Z 10008650 f i concurrent_vector.obj
 0001:00007680       ??$store@$02I@tbb@@YAXAAU?$atomic@I@0@I@Z 10008680 f i concurrent_vector.obj
 0001:000076a0       ??$store@$02PAVsegment_t@concurrent_vector_base_v3@internal@tbb@@@tbb@@YAXAAU?$atomic@PAVsegment_t@concurrent_vector_base_v3@internal@tbb@@@0@PAVsegment_t@concurrent_vector_base_v3@internal@0@@Z 100086a0 f i concurrent_vector.obj
 0001:000076c0       ??$store@$02PAX@tbb@@YAXAAU?$atomic@PAX@0@PAX@Z 100086c0 f i concurrent_vector.obj
 0001:000076e0       ??$store@H@?$atomic_load_store_traits@$01@internal@tbb@@SAXACHH@Z 100086e0 f i concurrent_vector.obj
 0001:00007700       ??$store@H@?$atomic_load_store_traits@$02@internal@tbb@@SAXACHH@Z 10008700 f i concurrent_vector.obj
 0001:00007720       ??$swap@$02I@internal@tbb@@YAXAAU?$atomic@I@1@0@Z 10008720 f i concurrent_vector.obj
 0001:00007780       ??$swap@$02PAVsegment_t@concurrent_vector_base_v3@internal@tbb@@@internal@tbb@@YAXAAU?$atomic@PAVsegment_t@concurrent_vector_base_v3@internal@tbb@@@1@0@Z 10008780 f i concurrent_vector.obj
 0001:000077e0       ??$swap@$02PAX@internal@tbb@@YAXAAU?$atomic@PAX@1@0@Z 100087e0 f i concurrent_vector.obj
 0001:00007840       ??$to_bits@PAVsegment_t@concurrent_vector_base_v3@internal@tbb@@@?$atomic_impl@PAVsegment_t@concurrent_vector_base_v3@internal@tbb@@@internal@tbb@@CAHPAVsegment_t@concurrent_vector_base_v3@12@@Z 10008840 f i concurrent_vector.obj
 0001:00007870       ??$to_bits@PAX@?$atomic_impl@PAX@internal@tbb@@CAHPAX@Z 10008870 f i concurrent_vector.obj
 0001:000078a0       ??$to_bits_ref@$$CBI@?$atomic_impl@I@internal@tbb@@CAAAHABI@Z 100088a0 f i concurrent_vector.obj
 0001:000078d0       ??$to_bits_ref@PAVsegment_t@concurrent_vector_base_v3@internal@tbb@@@?$atomic_impl@PAVsegment_t@concurrent_vector_base_v3@internal@tbb@@@internal@tbb@@CAAAHAAPAVsegment_t@concurrent_vector_base_v3@12@@Z 100088d0 f i concurrent_vector.obj
 0001:00007900       ??$to_bits_ref@PAX@?$atomic_impl@PAX@internal@tbb@@CAAAHAAPAX@Z 10008900 f i concurrent_vector.obj
 0001:00007930       ??$to_bits_ref@QAVsegment_t@concurrent_vector_base_v3@internal@tbb@@@?$atomic_impl@PAVsegment_t@concurrent_vector_base_v3@internal@tbb@@@internal@tbb@@CAAAHABQAVsegment_t@concurrent_vector_base_v3@12@@Z 10008930 f i concurrent_vector.obj
 0001:00007960       ??$to_bits_ref@QAX@?$atomic_impl@PAX@internal@tbb@@CAAAHABQAX@Z 10008960 f i concurrent_vector.obj
 0001:00007990       ??$to_bits_ref@SAVsegment_t@concurrent_vector_base_v3@internal@tbb@@@?$atomic_impl@PAVsegment_t@concurrent_vector_base_v3@internal@tbb@@@internal@tbb@@CAAAHADSAVsegment_t@concurrent_vector_base_v3@12@@Z 10008990 f i concurrent_vector.obj
 0001:000079c0       ??$to_value@PAVsegment_t@concurrent_vector_base_v3@internal@tbb@@@?$atomic_impl@PAVsegment_t@concurrent_vector_base_v3@internal@tbb@@@internal@tbb@@CAPAVsegment_t@concurrent_vector_base_v3@12@H@Z 100089c0 f i concurrent_vector.obj
 0001:00007a30       ??$to_value@PAX@?$atomic_impl@PAX@internal@tbb@@CAPAXH@Z 10008a30 f i concurrent_vector.obj
 0001:00007aa0       ??$uninitialized_fill_n@PAVsegment_t@concurrent_vector_base_v3@internal@tbb@@IV1234@@std@@YAPAVsegment_t@concurrent_vector_base_v3@internal@tbb@@PAV1234@IABV1234@@Z 10008aa0 f i concurrent_vector.obj
 0001:00007b40       ??0?$_Array_const_iterator@Vsegment_t@concurrent_vector_base_v3@internal@tbb@@$0CA@@std@@QAE@PBVsegment_t@concurrent_vector_base_v3@internal@tbb@@I@Z 10008b40 f i concurrent_vector.obj
 0001:00007b80       ??0?$_Array_iterator@Vsegment_t@concurrent_vector_base_v3@internal@tbb@@$0CA@@std@@QAE@PAVsegment_t@concurrent_vector_base_v3@internal@tbb@@I@Z 10008b80 f i concurrent_vector.obj
 0001:00007bc0       ??0?$_Uninitialized_backout@PAVsegment_t@concurrent_vector_base_v3@internal@tbb@@@std@@QAE@PAVsegment_t@concurrent_vector_base_v3@internal@tbb@@@Z 10008bc0 f i concurrent_vector.obj
 0001:00007bf0       ??0?$converter@PAVsegment_t@concurrent_vector_base_v3@internal@tbb@@@?$atomic_impl@PAVsegment_t@concurrent_vector_base_v3@internal@tbb@@@internal@tbb@@QAE@PAVsegment_t@concurrent_vector_base_v3@23@@Z 10008bf0 f i concurrent_vector.obj
 0001:00007c10       ??0?$converter@PAVsegment_t@concurrent_vector_base_v3@internal@tbb@@@?$atomic_impl@PAVsegment_t@concurrent_vector_base_v3@internal@tbb@@@internal@tbb@@QAE@XZ 10008c10 f i concurrent_vector.obj
 0001:00007c30       ??0?$converter@PAX@?$atomic_impl@PAX@internal@tbb@@QAE@PAX@Z 10008c30 f i concurrent_vector.obj
 0001:00007c50       ??0?$converter@PAX@?$atomic_impl@PAX@internal@tbb@@QAE@XZ 10008c50 f i concurrent_vector.obj
 0001:00007c70       ??0?$ptr_converter@PAPAVsegment_t@concurrent_vector_base_v3@internal@tbb@@@?$atomic_impl@PAVsegment_t@concurrent_vector_base_v3@internal@tbb@@@internal@tbb@@QAE@PAPAVsegment_t@concurrent_vector_base_v3@23@@Z 10008c70 f i concurrent_vector.obj
 0001:00007c90       ??0?$ptr_converter@PAPAX@?$atomic_impl@PAX@internal@tbb@@QAE@PAPAX@Z 10008c90 f i concurrent_vector.obj
 0001:00007cb0       ??0?$ptr_converter@PBI@?$atomic_impl@I@internal@tbb@@QAE@PBI@Z 10008cb0 f i concurrent_vector.obj
 0001:00007cd0       ??0?$ptr_converter@PBQAVsegment_t@concurrent_vector_base_v3@internal@tbb@@@?$atomic_impl@PAVsegment_t@concurrent_vector_base_v3@internal@tbb@@@internal@tbb@@QAE@PBQAVsegment_t@concurrent_vector_base_v3@23@@Z 10008cd0 f i concurrent_vector.obj
 0001:00007cf0       ??0?$ptr_converter@PBQAX@?$atomic_impl@PAX@internal@tbb@@QAE@PBQAX@Z 10008cf0 f i concurrent_vector.obj
 0001:00007d10       ??0?$ptr_converter@PDSAVsegment_t@concurrent_vector_base_v3@internal@tbb@@@?$atomic_impl@PAVsegment_t@concurrent_vector_base_v3@internal@tbb@@@internal@tbb@@QAE@PDSAVsegment_t@concurrent_vector_base_v3@23@@Z 10008d10 f i concurrent_vector.obj
 0001:00007d30       ??0_Iterator_base12_compatible@std@@QAE@XZ 10008d30 f i concurrent_vector.obj
 0001:00007d60       ??0destroy_body@helper@concurrent_vector_base_v3@internal@tbb@@QAE@P6AXPAXI@Z@Z 10008d60 f i concurrent_vector.obj
 0001:00007d80       ??0helper@concurrent_vector_base_v3@internal@tbb@@QAE@PAVsegment_t@123@IIIII@Z 10008d80 f i concurrent_vector.obj
 0001:00007de0       ??0init_body@helper@concurrent_vector_base_v3@internal@tbb@@QAE@P6AXPAXPBXI@Z1@Z 10008de0 f i concurrent_vector.obj
 0001:00007e10       ??0safe_init_body@helper@concurrent_vector_base_v3@internal@tbb@@QAE@P6AXPAXPBXI@Z1@Z 10008e10 f i concurrent_vector.obj
 0001:00007e40       ??0segment_not_used_predicate@helper@concurrent_vector_base_v3@internal@tbb@@QAE@AAVsegment_t@234@@Z 10008e40 f i concurrent_vector.obj
 0001:00007ea0       ??0segment_t@concurrent_vector_base_v3@internal@tbb@@QAE@ABV0123@@Z 10008ea0 f i concurrent_vector.obj
 0001:00007ee0       ??0segment_t@concurrent_vector_base_v3@internal@tbb@@QAE@XZ 10008ee0 f i concurrent_vector.obj
 0001:00007f20       ??0segment_value_t@concurrent_vector_base_v3@internal@tbb@@AAE@PAX@Z 10008f20 f i concurrent_vector.obj
 0001:00007f40       ??1?$_Uninitialized_backout@PAVsegment_t@concurrent_vector_base_v3@internal@tbb@@@std@@QAE@XZ 10008f40 f i concurrent_vector.obj
 0001:00007fa0       ??1helper@concurrent_vector_base_v3@internal@tbb@@QAE@XZ 10008fa0 f i concurrent_vector.obj
 0001:00008090       ??1segment_t@concurrent_vector_base_v3@internal@tbb@@QAE@XZ 10009090 f i concurrent_vector.obj
 0001:00008130       ??4?$atomic@PAVsegment_t@concurrent_vector_base_v3@internal@tbb@@@tbb@@QAEPAVsegment_t@concurrent_vector_base_v3@internal@1@PAV2341@@Z 10009130 f i concurrent_vector.obj
 0001:00008160       ??4segment_t@concurrent_vector_base_v3@internal@tbb@@QAEAAV0123@ABV0123@@Z 10009160 f i concurrent_vector.obj
 0001:000081a0       ??8internal@tbb@@YA_NABVsegment_value_t@concurrent_vector_base_v3@01@Usegment_allocated@301@@Z 100091a0 f i concurrent_vector.obj
 0001:000081d0       ??8internal@tbb@@YA_NABVsegment_value_t@concurrent_vector_base_v3@01@Usegment_allocation_failed@301@@Z 100091d0 f i concurrent_vector.obj
 0001:00008200       ??8internal@tbb@@YA_NABVsegment_value_t@concurrent_vector_base_v3@01@Usegment_not_used@301@@Z 10009200 f i concurrent_vector.obj
 0001:00008230       ??B?$atomic_impl@PAVsegment_t@concurrent_vector_base_v3@internal@tbb@@@internal@tbb@@QDEPAVsegment_t@concurrent_vector_base_v3@12@XZ 10009230 f i concurrent_vector.obj
 0001:00008270       ??H?$_Array_iterator@Vsegment_t@concurrent_vector_base_v3@internal@tbb@@$0CA@@std@@QBE?AV01@H@Z 10009270 f i concurrent_vector.obj
 0001:00008320       ??Rdestroy_body@helper@concurrent_vector_base_v3@internal@tbb@@QBEXAAVsegment_t@234@PAXI@Z 10009320 f i concurrent_vector.obj
 0001:00008390       ??Rinit_body@helper@concurrent_vector_base_v3@internal@tbb@@QBEXAAVsegment_t@234@PAXI@Z 10009390 f i concurrent_vector.obj
 0001:000083e0       ??Rsafe_init_body@helper@concurrent_vector_base_v3@internal@tbb@@QBEXAAVsegment_t@234@PAXI@Z 100093e0 f i concurrent_vector.obj
 0001:00008450       ??Rsegment_not_used_predicate@helper@concurrent_vector_base_v3@internal@tbb@@QBE_NXZ 10009450 f i concurrent_vector.obj
 0001:000084a0       ??Y?$_Array_const_iterator@Vsegment_t@concurrent_vector_base_v3@internal@tbb@@$0CA@@std@@QAEAAV01@H@Z 100094a0 f i concurrent_vector.obj
 0001:00008520       ??Y?$_Array_iterator@Vsegment_t@concurrent_vector_base_v3@internal@tbb@@$0CA@@std@@QAEAAV01@H@Z 10009520 f i concurrent_vector.obj
 0001:00008550       ??_Gsegment_t@concurrent_vector_base_v3@internal@tbb@@QAEPAXI@Z 10009550 f i concurrent_vector.obj
 0001:000085a0       ?_Release@?$_Uninitialized_backout@PAVsegment_t@concurrent_vector_base_v3@internal@tbb@@@std@@QAEPAVsegment_t@concurrent_vector_base_v3@internal@tbb@@XZ 100095a0 f i concurrent_vector.obj
 0001:000085d0       ?acquire_segment@helper@concurrent_vector_base_v3@internal@tbb@@SAAAVsegment_t@234@AAV234@II_N@Z 100095d0 f i concurrent_vector.obj
 0001:000086f0       ?allocate_segment@helper@concurrent_vector_base_v3@internal@tbb@@SAPAXAAV234@I@Z 100096f0 f i concurrent_vector.obj
 0001:00008740       ?assign_first_segment_if_necessary@helper@concurrent_vector_base_v3@internal@tbb@@SAXAAV234@I@Z 10009740 f i concurrent_vector.obj
 0001:00008770       ?compare_and_swap@?$atomic_impl@PAVsegment_t@concurrent_vector_base_v3@internal@tbb@@@internal@tbb@@QAEPAVsegment_t@concurrent_vector_base_v3@23@PAV4523@0@Z 10009770 f i concurrent_vector.obj
 0001:000087c0       ?enforce_segment_allocated@internal@tbb@@YAXABVsegment_value_t@concurrent_vector_base_v3@12@W4exception_id@12@@Z 100097c0 f i concurrent_vector.obj
 0001:00008800       ?extend_table_if_necessary@helper@concurrent_vector_base_v3@internal@tbb@@SAXAAV234@II@Z 10009800 f i concurrent_vector.obj
 0001:00008840       ?fetch_and_add@?$atomic_traits@$03$00@internal@tbb@@SAHPCXH@Z 10009840 f i concurrent_vector.obj
 0001:00008860       ?find_segment_end@helper@concurrent_vector_base_v3@internal@tbb@@SAIABV234@@Z 10009860 f i concurrent_vector.obj
 0001:00008900       ?first_segment@helper@concurrent_vector_base_v3@internal@tbb@@QAEXXZ 10009900 f i concurrent_vector.obj
 0001:00008a20       ?get_segment_value@helper@concurrent_vector_base_v3@internal@tbb@@QAE?AVsegment_value_t@234@I_N@Z 10009a20 f i concurrent_vector.obj
 0001:00008af0       ?incompact_predicate@helper@concurrent_vector_base_v3@internal@tbb@@SA_NI@Z 10009af0 f i concurrent_vector.obj
 0001:00008b40       ?load@?$machine_load_store_relaxed@H$03@internal@tbb@@SAHADH@Z 10009b40 f i concurrent_vector.obj
 0001:00008b50       ?next_segment@helper@concurrent_vector_base_v3@internal@tbb@@QAEXXZ 10009b50 f i concurrent_vector.obj
 0001:00008bd0       ?segment_base@concurrent_vector_base_v3@internal@tbb@@KAII@Z 10009bd0 f i concurrent_vector.obj
 0001:00008bf0       ?segment_index_of@concurrent_vector_base_v3@internal@tbb@@KAII@Z 10009bf0 f i concurrent_vector.obj
 0001:00008c10       ?segment_size@concurrent_vector_base_v3@internal@tbb@@KAII@Z 10009c10 f i concurrent_vector.obj
 0001:00008c20       ?store@?$machine_load_store_relaxed@H$03@internal@tbb@@SAXACHH@Z 10009c20 f i concurrent_vector.obj
 0001:00008c30       ?store_with_release@?$atomic_impl@PAVsegment_t@concurrent_vector_base_v3@internal@tbb@@@internal@tbb@@IAEPAVsegment_t@concurrent_vector_base_v3@23@PAV4523@@Z 10009c30 f i concurrent_vector.obj
 0001:00008c80       ?swap@internal@tbb@@YAXAAVsegment_t@concurrent_vector_base_v3@12@0@Z 10009c80 f i concurrent_vector.obj
 0001:00008cd0       ?swap@segment_t@concurrent_vector_base_v3@internal@tbb@@QAEXAAV1234@@Z 10009cd0 f i concurrent_vector.obj
 0001:00008d00       ?dynamic_link@internal@tbb@@YA_NPBDQBUdynamic_link_descriptor@12@IPAPAUHINSTANCE__@@H@Z 10009d00 f   dynamic_link.obj
 0001:00008dc0       ?dynamic_unlink@internal@tbb@@YAXPAUHINSTANCE__@@@Z 10009dc0 f   dynamic_link.obj
 0001:00008df0       ?dynamic_unlink_all@internal@tbb@@YAXXZ 10009df0 f   dynamic_link.obj
 0001:00008fb0       ?init_atomic_incrementer@internal@tbb@@YAXAAU?$atomic@I@2@@Z 10009fb0 f   dynamic_link.obj
 0001:00009240       ?init_dynamic_link_data@internal@tbb@@YAXXZ 1000a240 f   dynamic_link.obj
 0001:00009380       ?dynamic_load@internal@tbb@@YAPAUHINSTANCE__@@PBDQBUdynamic_link_descriptor@12@I@Z 1000a380 f   dynamic_link.obj
 0001:00009520       ??$atomic_do_once@P6AXXZ@internal@tbb@@YAXABQ6AXXZAAU?$atomic@W4do_once_state@internal@tbb@@@1@@Z 1000a520 f i dynamic_link.obj
 0001:00009580       ??$compare_and_swap@$0A@@?$atomic_impl@W4do_once_state@internal@tbb@@@internal@tbb@@QAE?AW4do_once_state@12@W4312@0@Z 1000a580 f i dynamic_link.obj
 0001:000095d0       ??$spin_wait_while_eq@U?$atomic@W4do_once_state@internal@tbb@@@tbb@@W4do_once_state@internal@2@@internal@tbb@@YAXADU?$atomic@W4do_once_state@internal@tbb@@@1@W4do_once_state@01@@Z 1000a5d0 f i dynamic_link.obj
 0001:00009650       ??$suppress_unused_warning@PBD@internal@tbb@@YAXABQBD@Z 1000a650 f i dynamic_link.obj
 0001:00009660       ??$suppress_unused_warning@PBDQBUdynamic_link_descriptor@internal@tbb@@I@internal@tbb@@YAXABQBDABQBUdynamic_link_descriptor@01@ABI@Z 1000a660 f i dynamic_link.obj
 0001:00009670       ??$to_bits@W4do_once_state@internal@tbb@@@?$atomic_impl@W4do_once_state@internal@tbb@@@internal@tbb@@CAHW4do_once_state@12@@Z 1000a670 f i dynamic_link.obj
 0001:000096a0       ??$to_bits_ref@$$CDW4do_once_state@internal@tbb@@@?$atomic_impl@W4do_once_state@internal@tbb@@@internal@tbb@@CAAAHADW4do_once_state@12@@Z 1000a6a0 f i dynamic_link.obj
 0001:000096d0       ??$to_bits_ref@W4do_once_state@internal@tbb@@@?$atomic_impl@W4do_once_state@internal@tbb@@@internal@tbb@@CAAAHAAW4do_once_state@12@@Z 1000a6d0 f i dynamic_link.obj
 0001:00009700       ??$to_value@W4do_once_state@internal@tbb@@@?$atomic_impl@W4do_once_state@internal@tbb@@@internal@tbb@@CA?AW4do_once_state@12@H@Z 1000a700 f i dynamic_link.obj
 0001:00009770       ??0?$converter@W4do_once_state@internal@tbb@@@?$atomic_impl@W4do_once_state@internal@tbb@@@internal@tbb@@QAE@W4do_once_state@23@@Z 1000a770 f i dynamic_link.obj
 0001:00009790       ??0?$converter@W4do_once_state@internal@tbb@@@?$atomic_impl@W4do_once_state@internal@tbb@@@internal@tbb@@QAE@XZ 1000a790 f i dynamic_link.obj
 0001:000097b0       ??0?$ptr_converter@PAW4do_once_state@internal@tbb@@@?$atomic_impl@W4do_once_state@internal@tbb@@@internal@tbb@@QAE@PAW4do_once_state@23@@Z 1000a7b0 f i dynamic_link.obj
 0001:000097d0       ??0?$ptr_converter@PDW4do_once_state@internal@tbb@@@?$atomic_impl@W4do_once_state@internal@tbb@@@internal@tbb@@QAE@PDW4do_once_state@23@@Z 1000a7d0 f i dynamic_link.obj
 0001:000097f0       ??0static_init_dl_data_t@internal@tbb@@QAE@XZ 1000a7f0 f i dynamic_link.obj
 0001:00009820       ??4?$atomic@W4do_once_state@internal@tbb@@@tbb@@QAE?AW4do_once_state@internal@1@W4231@@Z 1000a820 f i dynamic_link.obj
 0001:00009850       ??B?$atomic_impl@W4do_once_state@internal@tbb@@@internal@tbb@@QDE?AW4do_once_state@12@XZ 1000a850 f i dynamic_link.obj
 0001:00009890       ?add@handles_t@internal@tbb@@QAEXABQAUHINSTANCE__@@@Z 1000a890 f i dynamic_link.obj
 0001:00009900       ?compare_and_swap@?$atomic_impl@W4do_once_state@internal@tbb@@@internal@tbb@@QAE?AW4do_once_state@23@W4423@0@Z 1000a900 f i dynamic_link.obj
 0001:00009930       ?free@handles_t@internal@tbb@@QAEXXZ 1000a930 f i dynamic_link.obj
 0001:000099a0       ?init@handles_t@internal@tbb@@QAEXXZ 1000a9a0 f i dynamic_link.obj
 0001:000099d0       ?run_initializer@internal@tbb@@YAXP6AXXZAAU?$atomic@W4do_once_state@internal@tbb@@@2@@Z 1000a9d0 f i dynamic_link.obj
 0001:00009a00       ?store_with_release@?$atomic_impl@W4do_once_state@internal@tbb@@@internal@tbb@@IAE?AW4do_once_state@23@W4423@@Z 1000aa00 f i dynamic_link.obj
 0001:00009a50       ?strrchr@@YAPADQADH@Z      1000aa50 f i dynamic_link.obj
 0001:00009a70       ___itt_set_error_handler   1000aa70 f   itt_notify.obj
 0001:00009aa0       ___itt_fini_ittlib         1000aaa0 f   itt_notify.obj
 0001:0000dbb0       ___itt_init_ittlib         1000ebb0 f   itt_notify.obj
 0001:0000df70       ?__TBB_load_ittnotify@internal@tbb@@YAHXZ 1000ef70 f   itt_notify.obj
 0001:0000df90       ?__itt_interlocked_increment@@YAJPCJ@Z 1000ef90 f i itt_notify.obj
 0001:0000dfb0       ?NFS_GetLineSize@internal@tbb@@YAIXZ 1000efb0 f   cache_aligned_allocator.obj
 0001:0000dfc0       ?NFS_Allocate@internal@tbb@@YAPAXIIPAX@Z 1000efc0 f   cache_aligned_allocator.obj
 0001:0000e0f0       ?NFS_Free@internal@tbb@@YAXPAX@Z 1000f0f0 f   cache_aligned_allocator.obj
 0001:0000e120       ?deallocate_via_handler_v3@internal@tbb@@YAXPAX@Z 1000f120 f   cache_aligned_allocator.obj
 0001:0000e150       ?allocate_via_handler_v3@internal@tbb@@YAPAXI@Z 1000f150 f   cache_aligned_allocator.obj
 0001:0000e1a0       ?is_malloc_used_v3@internal@tbb@@YA_NXZ 1000f1a0 f   cache_aligned_allocator.obj
 0001:0000e580       ?initialize_handler_pointers@internal@tbb@@YAXXZ 1000f580 f   cache_aligned_allocator.obj
 0001:0000e640       ?initialize_cache_aligned_allocator@internal@tbb@@YAXXZ 1000f640 f   cache_aligned_allocator.obj
 0001:0000e680       ??$is_aligned@X@internal@tbb@@YA_NPAXI@Z 1000f680 f i cache_aligned_allocator.obj
 0001:0000e6c0       ?set_end_of_input@filter@tbb@@IAEXXZ 1000f6c0 f   pipeline.obj
 0001:0000e780       ??1filter@tbb@@UAE@XZ      1000f780 f   pipeline.obj
 0001:0000e860       ?has_more_work@filter@tbb@@AAE_NXZ 1000f860 f   pipeline.obj
 0001:0000e900       ?try_process_item@thread_bound_filter@tbb@@QAE?AW4result_type@12@XZ 1000f900 f   pipeline.obj
 0001:0000e930       ?process_item@thread_bound_filter@tbb@@QAE?AW4result_type@12@XZ 1000f930 f   pipeline.obj
 0001:0000e960       ?internal_process_item@thread_bound_filter@tbb@@AAE?AW4result_type@12@_N@Z 1000f960 f   pipeline.obj
 0001:0000ec60       ??0pipeline@tbb@@QAE@XZ    1000fc60 f   pipeline.obj
 0001:0000ecd0       ??1pipeline@tbb@@UAE@XZ    1000fcd0 f   pipeline.obj
 0001:0000ed30       ?add_filter@pipeline@tbb@@QAEXAAVfilter@2@@Z 1000fd30 f   pipeline.obj
 0001:0000f070       ?run@pipeline@tbb@@QAEXI@Z 10010070 f   pipeline.obj
 0001:0000f180       ?run@pipeline@tbb@@QAEXIAAVtask_group_context@2@@Z 10010180 f   pipeline.obj
 0001:0000f380       ?clear@pipeline@tbb@@QAEXXZ 10010380 f   pipeline.obj
 0001:0000f480       ?remove_filter@pipeline@tbb@@AAEXAAVfilter@2@@Z 10010480 f   pipeline.obj
 0001:0000f650       ?inject_token@pipeline@tbb@@AAEXAAVtask@2@@Z 10010650 f   pipeline.obj
 0001:0000f690       ?clear_filters@pipeline@tbb@@AAEXXZ 10010690 f   pipeline.obj
 0001:0000f710       ?grow@input_buffer@internal@tbb@@AAEXK@Z 10010710 f   pipeline.obj
 0001:0000f850       ?execute@stage_task@internal@tbb@@UAEPAVtask@3@XZ 10010850 f   pipeline.obj
 0001:0000fe20       ??$fetch_and_add@$0A@@?$atomic_impl_with_arithmetic@KKD@internal@tbb@@QAEKK@Z 10010e20 f i pipeline.obj
 0001:0000fe50       ??$note_done@Vstage_task@internal@tbb@@@input_buffer@internal@tbb@@QAEXKAAVstage_task@12@@Z 10010e50 f i pipeline.obj
 0001:0000ffb0       ??$poison_pointer@Utask_info@internal@tbb@@@internal@tbb@@YAXAAPAUtask_info@01@@Z 10010fb0 f i pipeline.obj
 0001:0000ffc0       ??$to_bits@K@?$atomic_impl@K@internal@tbb@@CAHK@Z 10010fc0 f i pipeline.obj
 0001:0000fff0       ??$to_bits_ref@$$CDK@?$atomic_impl@K@internal@tbb@@CAAAHADK@Z 10010ff0 f i pipeline.obj
 0001:00010020       ??$to_bits_ref@K@?$atomic_impl@K@internal@tbb@@CAAAHAAK@Z 10011020 f i pipeline.obj
 0001:00010050       ??$to_value@K@?$atomic_impl@K@internal@tbb@@CAKH@Z 10011050 f i pipeline.obj
 0001:000100c0       ??0?$cache_aligned_allocator@Utask_info@internal@tbb@@@tbb@@QAE@XZ 100110c0 f i pipeline.obj
 0001:000100e0       ??0?$converter@K@?$atomic_impl@K@internal@tbb@@QAE@K@Z 100110e0 f i pipeline.obj
 0001:00010100       ??0?$converter@K@?$atomic_impl@K@internal@tbb@@QAE@XZ 10011100 f i pipeline.obj
 0001:00010120       ??0?$ptr_converter@PAK@?$atomic_impl@K@internal@tbb@@QAE@PAK@Z 10011120 f i pipeline.obj
 0001:00010140       ??0?$ptr_converter@PDK@?$atomic_impl@K@internal@tbb@@QAE@PDK@Z 10011140 f i pipeline.obj
 0001:00010160       ??0allocate_additional_child_of_proxy@internal@tbb@@QAE@AAVtask@2@@Z 10011160 f i pipeline.obj
 0001:00010190       ??0allocate_root_with_context_proxy@internal@tbb@@QAE@AAVtask_group_context@2@@Z 10011190 f i pipeline.obj
 0001:000101b0       ??0input_buffer@internal@tbb@@QAE@_N0@Z 100111b0 f i pipeline.obj
 0001:00010270       ??0pipeline_cleaner@internal@tbb@@QAE@AAVpipeline@2@@Z 10011270 f i pipeline.obj
 0001:000102b0       ??0pipeline_root_task@internal@tbb@@QAE@AAVpipeline@2@@Z 100112b0 f i pipeline.obj
 0001:000103e0       ??0semaphore@internal@tbb@@QAE@I@Z 100113e0 f i pipeline.obj
 0001:00010420       ??0stage_task@internal@tbb@@QAE@AAVpipeline@2@@Z 10011420 f i pipeline.obj
 0001:000104c0       ??0stage_task@internal@tbb@@QAE@AAVpipeline@2@PAVfilter@2@ABUtask_info@12@@Z 100114c0 f i pipeline.obj
 0001:00010530       ??0task@tbb@@IAE@XZ        10011530 f i pipeline.obj
 0001:00010580       ??0task_base@internal@interface5@tbb@@QAE@XZ 10011580 f i pipeline.obj
 0001:000105b0       ??0task_group_context@tbb@@QAE@W4kind_type@01@I@Z 100115b0 f i pipeline.obj
 0001:00010610       ??1input_buffer@internal@tbb@@QAE@XZ 10011610 f i pipeline.obj
 0001:000106d0       ??1pipeline_cleaner@internal@tbb@@QAE@XZ 100116d0 f i pipeline.obj
 0001:00010740       ??1pipeline_root_task@internal@tbb@@UAE@XZ 10011740 f i pipeline.obj
 0001:00010770       ??1semaphore@internal@tbb@@QAE@XZ 10011770 f i pipeline.obj
 0001:000107b0       ??1stage_task@internal@tbb@@UAE@XZ 100117b0 f i pipeline.obj
 0001:00010890       ??1task@tbb@@UAE@XZ        10011890 f i pipeline.obj
 0001:000108b0       ??2@YAPAXIABVallocate_additional_child_of_proxy@internal@tbb@@@Z 100118b0 f i pipeline.obj
 0001:000108d0       ??2@YAPAXIABVallocate_child_proxy@internal@tbb@@@Z 100118d0 f i pipeline.obj
 0001:000108f0       ??2@YAPAXIABVallocate_root_with_context_proxy@internal@tbb@@@Z 100118f0 f i pipeline.obj
 0001:00010910       ??3@YAXPAXABVallocate_additional_child_of_proxy@internal@tbb@@@Z 10011910 f i pipeline.obj
 0001:00010960       ??3@YAXPAXABVallocate_child_proxy@internal@tbb@@@Z 10011960 f i pipeline.obj
 0001:000109b0       ??3@YAXPAXABVallocate_root_with_context_proxy@internal@tbb@@@Z 100119b0 f i pipeline.obj
 0001:00010a00       ??4?$atomic@K@tbb@@QAEKK@Z 10011a00 f i pipeline.obj
 0001:00010a30       ??B?$atomic_impl@K@internal@tbb@@QDEKXZ 10011a30 f i pipeline.obj
 0001:00010a70       ??E?$atomic_impl_with_arithmetic@KKD@internal@tbb@@QAEKH@Z 10011a70 f i pipeline.obj
 0001:00010aa0       ??E?$atomic_impl_with_arithmetic@KKD@internal@tbb@@QAEKXZ 10011aa0 f i pipeline.obj
 0001:00010ad0       ??F?$atomic_impl_with_arithmetic@KKD@internal@tbb@@QAEKH@Z 10011ad0 f i pipeline.obj
 0001:00010b00       ??F?$atomic_impl_with_arithmetic@KKD@internal@tbb@@QAEKXZ 10011b00 f i pipeline.obj
 0001:00010b30       ??_Gfilter@tbb@@UAEPAXI@Z  10011b30 f i pipeline.obj
 0001:00010b30       ??_Efilter@tbb@@UAEPAXI@Z  10011b30 f i pipeline.obj
 0001:00010b70       ??_Ginput_buffer@internal@tbb@@QAEPAXI@Z 10011b70 f i pipeline.obj
 0001:00010bb0       ??_Epipeline@tbb@@UAEPAXI@Z 10011bb0 f i pipeline.obj
 0001:00010bb0       ??_Gpipeline@tbb@@UAEPAXI@Z 10011bb0 f i pipeline.obj
 0001:00010bf0       ??_Gpipeline_root_task@internal@tbb@@UAEPAXI@Z 10011bf0 f i pipeline.obj
 0001:00010bf0       ??_Epipeline_root_task@internal@tbb@@UAEPAXI@Z 10011bf0 f i pipeline.obj
 0001:00010c30       ??_Gsemaphore@internal@tbb@@QAEPAXI@Z 10011c30 f i pipeline.obj
 0001:00010c70       ??_Estage_task@internal@tbb@@UAEPAXI@Z 10011c70 f i pipeline.obj
 0001:00010c70       ??_Gstage_task@internal@tbb@@UAEPAXI@Z 10011c70 f i pipeline.obj
 0001:00010cb0       ??_Gtask@tbb@@UAEPAXI@Z    10011cb0 f i pipeline.obj
 0001:00010cb0       ??_Etask@tbb@@UAEPAXI@Z    10011cb0 f i pipeline.obj
 0001:00010cf0       ?P@semaphore@internal@tbb@@QAEXXZ 10011cf0 f i pipeline.obj
 0001:00010d30       ?V@semaphore@internal@tbb@@QAEXXZ 10011d30 f i pipeline.obj
 0001:00010d70       ?allocate@?$cache_aligned_allocator@Utask_info@internal@tbb@@@tbb@@QAEPAUtask_info@internal@2@IPBX@Z 10011d70 f i pipeline.obj
 0001:00010da0       ?allocate_additional_child_of@task_base@internal@interface5@tbb@@SA?AVallocate_additional_child_of_proxy@24@AAVtask@4@@Z 10011da0 f i pipeline.obj
 0001:00010dc0       ?allocate_child@task@tbb@@QAEAAVallocate_child_proxy@internal@2@XZ 10011dc0 f i pipeline.obj
 0001:00010de0       ?allocate_root@task@tbb@@SA?AVallocate_root_with_context_proxy@internal@2@AAVtask_group_context@2@@Z 10011de0 f i pipeline.obj
 0001:00010e00       ?clear@input_buffer@internal@tbb@@QAEXPAVfilter@3@@Z 10011e00 f i pipeline.obj
 0001:00010eb0       ?create@?$basic_tls@H@internal@tbb@@QAEHXZ 10011eb0 f i pipeline.obj
 0001:00010f00       ?create_my_tls@input_buffer@internal@tbb@@QAEXXZ 10011f00 f i pipeline.obj
 0001:00010f60       ?create_sema@input_buffer@internal@tbb@@AAEXI@Z 10011f60 f i pipeline.obj
 0001:00011020       ?deallocate@?$cache_aligned_allocator@Utask_info@internal@tbb@@@tbb@@QAEXPAUtask_info@internal@2@I@Z 10012020 f i pipeline.obj
 0001:00011050       ?destroy@?$basic_tls@H@internal@tbb@@QAEHXZ 10012050 f i pipeline.obj
 0001:00011090       ?destroy_my_tls@input_buffer@internal@tbb@@QAEXXZ 10012090 f i pipeline.obj
 0001:000110e0       ?execute@pipeline_root_task@internal@tbb@@EAEPAVtask@3@XZ 100120e0 f i pipeline.obj
 0001:000113e0       ?fetch_and_add@?$atomic_impl_with_arithmetic@KKD@internal@tbb@@QAEKK@Z 100123e0 f i pipeline.obj
 0001:00011410       ?finalize@filter@tbb@@UAEXPAX@Z 10012410 f i pipeline.obj
 0001:00011430       ?free_sema@input_buffer@internal@tbb@@AAEXXZ 10012430 f i pipeline.obj
 0001:000114b0       ?get@?$basic_tls@H@internal@tbb@@QAEHXZ 100124b0 f i pipeline.obj
 0001:000114f0       ?has_item@input_buffer@internal@tbb@@QAE_NXZ 100124f0 f i pipeline.obj
 0001:00011590       ?init_semaphore@semaphore@internal@tbb@@AAEXI@Z 10012590 f i pipeline.obj
 0001:000115d0       ?inlineCreateSemaphoreEx@@YGPAXPAU_SECURITY_ATTRIBUTES@@JJPB_WKK@Z 100125d0 f i pipeline.obj
 0001:00011600       ?is_bound@filter@tbb@@QBE_NXZ 10012600 f i pipeline.obj
 0001:00011640       ?is_cancelled@task@tbb@@QBE_NXZ 10012640 f i pipeline.obj
 0001:00011670       ?is_ordered@filter@tbb@@QBE_NXZ 10012670 f i pipeline.obj
 0001:000116b0       ?is_serial@filter@tbb@@QBE_NXZ 100126b0 f i pipeline.obj
 0001:000116d0       ?my_tls_end_of_input@input_buffer@internal@tbb@@QAE_NXZ 100126d0 f i pipeline.obj
 0001:00011720       ?not_in_pipeline@filter@tbb@@CAPAV12@XZ 10012720 f i pipeline.obj
 0001:00011730       ?object_may_be_null@filter@tbb@@QAE_NXZ 10012730 f i pipeline.obj
 0001:00011770       ?parent@task@tbb@@QBEPAV12@XZ 10012770 f i pipeline.obj
 0001:000117a0       ?prefix@task@tbb@@ABEAAVtask_prefix@internal@2@PAUversion_tag_v3@42@@Z 100127a0 f i pipeline.obj
 0001:000117c0       ?put_token@input_buffer@internal@tbb@@QAE_NAAUtask_info@23@_N@Z 100127c0 f i pipeline.obj
 0001:00011a00       ?recycle_as_continuation@task@tbb@@QAEXXZ 10012a00 f i pipeline.obj
 0001:00011a60       ?reset@stage_task@internal@tbb@@QAEXXZ 10012a60 f i pipeline.obj
 0001:00011aa0       ?reset@task_info@internal@tbb@@QAEXXZ 10012aa0 f i pipeline.obj
 0001:00011ae0       ?return_item@input_buffer@internal@tbb@@QAE_NAAUtask_info@23@_N@Z 10012ae0 f i pipeline.obj
 0001:00011c30       ?sema_P@input_buffer@internal@tbb@@AAEXXZ 10012c30 f i pipeline.obj
 0001:00011c80       ?sema_V@input_buffer@internal@tbb@@AAEXXZ 10012c80 f i pipeline.obj
 0001:00011cd0       ?set@?$basic_tls@H@internal@tbb@@QAEXH@Z 10012cd0 f i pipeline.obj
 0001:00011d10       ?set_my_tls_end_of_input@input_buffer@internal@tbb@@QAEXXZ 10012d10 f i pipeline.obj
 0001:00011d40       ?set_ref_count@task@tbb@@QAEXH@Z 10012d40 f i pipeline.obj
 0001:00011d70       ?spawn@task_base@internal@interface5@tbb@@SAXAAVtask@4@@Z 10012d70 f i pipeline.obj
 0001:00011dd0       ?spawn_root_and_wait@task@tbb@@SAXAAV12@@Z 10012dd0 f i pipeline.obj
 0001:00011e30       ?spawn_stage_task@stage_task@internal@tbb@@QAEXABUtask_info@23@@Z 10012e30 f i pipeline.obj
 0001:00011f10       ?store_with_release@?$atomic_impl@K@internal@tbb@@IAEKK@Z 10012f10 f i pipeline.obj
 0001:00011fb0       ?acquire@scoped_lock@queuing_mutex@tbb@@QAEXAAV23@@Z 10012fb0 f   queuing_mutex.obj
 0001:000120c0       ?try_acquire@scoped_lock@queuing_mutex@tbb@@QAE_NAAV23@@Z 100130c0 f   queuing_mutex.obj
 0001:00012170       ?release@scoped_lock@queuing_mutex@tbb@@QAEXXZ 10013170 f   queuing_mutex.obj
 0001:00012250       ?internal_construct@queuing_mutex@tbb@@QAEXXZ 10013250 f   queuing_mutex.obj
 0001:000122a0       ??$__TBB_load_with_acquire@I@internal@tbb@@YAIADI@Z 100132a0 f i queuing_mutex.obj
 0001:000122c0       ??$__TBB_store_with_release@IH@internal@tbb@@YAXACIH@Z 100132c0 f i queuing_mutex.obj
 0001:000122e0       ??$compare_and_swap@$01@?$atomic_impl@PAVscoped_lock@queuing_mutex@tbb@@@internal@tbb@@QAEPAVscoped_lock@queuing_mutex@2@PAV342@0@Z 100132e0 f i queuing_mutex.obj
 0001:00012330       ??$fetch_and_store@$01@?$atomic_impl@PAVscoped_lock@queuing_mutex@tbb@@@internal@tbb@@QAEPAVscoped_lock@queuing_mutex@2@PAV342@@Z 10013330 f i queuing_mutex.obj
 0001:00012370       ??$poison_pointer@Vscoped_lock@queuing_mutex@tbb@@@internal@tbb@@YAXAAPAVscoped_lock@queuing_mutex@1@@Z 10013370 f i queuing_mutex.obj
 0001:00012380       ??$spin_wait_while_eq@IK@internal@tbb@@YAXADIK@Z 10013380 f i queuing_mutex.obj
 0001:00012400       ??$spin_wait_while_eq@PAVscoped_lock@queuing_mutex@tbb@@PAV123@@internal@tbb@@YAXADSAVscoped_lock@queuing_mutex@1@PAV231@@Z 10013400 f i queuing_mutex.obj
 0001:00012480       ??$to_bits@PAVscoped_lock@queuing_mutex@tbb@@@?$atomic_impl@PAVscoped_lock@queuing_mutex@tbb@@@internal@tbb@@CAHPAVscoped_lock@queuing_mutex@2@@Z 10013480 f i queuing_mutex.obj
 0001:000124b0       ??$to_value@PAVscoped_lock@queuing_mutex@tbb@@@?$atomic_impl@PAVscoped_lock@queuing_mutex@tbb@@@internal@tbb@@CAPAVscoped_lock@queuing_mutex@2@H@Z 100134b0 f i queuing_mutex.obj
 0001:00012520       ??0?$converter@PAVscoped_lock@queuing_mutex@tbb@@@?$atomic_impl@PAVscoped_lock@queuing_mutex@tbb@@@internal@tbb@@QAE@PAVscoped_lock@queuing_mutex@3@@Z 10013520 f i queuing_mutex.obj
 0001:00012540       ??0?$converter@PAVscoped_lock@queuing_mutex@tbb@@@?$atomic_impl@PAVscoped_lock@queuing_mutex@tbb@@@internal@tbb@@QAE@XZ 10013540 f i queuing_mutex.obj
 0001:00012560       ?compare_and_swap@?$atomic_traits@$03$01@internal@tbb@@SAHPCXHH@Z 10013560 f i queuing_mutex.obj
 0001:00012580       ?fetch_and_store@?$atomic_traits@$03$01@internal@tbb@@SAHPCXH@Z 10013580 f i queuing_mutex.obj
 0001:000125a0       ?initialize@scoped_lock@queuing_mutex@tbb@@AAEXXZ 100135a0 f i queuing_mutex.obj
 0001:000125e0       ?load_with_acquire@?$machine_load_store@I$03@internal@tbb@@SAIADI@Z 100135e0 f i queuing_mutex.obj
 0001:00012600       ?store_with_release@?$machine_load_store@I$03@internal@tbb@@SAXACII@Z 10013600 f i queuing_mutex.obj
 0001:00012690       ?acquire@scoped_lock@queuing_rw_mutex@tbb@@QAEXAAV23@_N@Z 10013690 f   queuing_rw_mutex.obj
 0001:00012a80       ?try_acquire@scoped_lock@queuing_rw_mutex@tbb@@QAE_NAAV23@_N@Z 10013a80 f   queuing_rw_mutex.obj
 0001:00012ba0       ?release@scoped_lock@queuing_rw_mutex@tbb@@QAEXXZ 10013ba0 f   queuing_rw_mutex.obj
 0001:00013070       ?upgrade_to_writer@scoped_lock@queuing_rw_mutex@tbb@@QAE_NXZ 10014070 f   queuing_rw_mutex.obj
 0001:00013670       ?downgrade_to_reader@scoped_lock@queuing_rw_mutex@tbb@@QAE_NXZ 10014670 f   queuing_rw_mutex.obj
 0001:000137f0       ?internal_construct@queuing_rw_mutex@tbb@@QAEXXZ 100147f0 f   queuing_rw_mutex.obj
 0001:00013840       ??$__TBB_load_full_fence@H@internal@tbb@@YAHADH@Z 10014840 f i queuing_rw_mutex.obj
 0001:00013860       ??$__TBB_load_relaxed@PAVscoped_lock@queuing_rw_mutex@tbb@@@internal@tbb@@YAPAVscoped_lock@queuing_rw_mutex@1@ADSAV231@@Z 10014860 f i queuing_rw_mutex.obj
 0001:00013880       ??$__TBB_load_with_acquire@E@internal@tbb@@YAEADE@Z 10014880 f i queuing_rw_mutex.obj
 0001:000138a0       ??$__TBB_load_with_acquire@PAVscoped_lock@queuing_rw_mutex@tbb@@@internal@tbb@@YAPAVscoped_lock@queuing_rw_mutex@1@ADSAV231@@Z 100148a0 f i queuing_rw_mutex.obj
 0001:000138c0       ??$__TBB_store_relaxed@EH@internal@tbb@@YAXACEH@Z 100148c0 f i queuing_rw_mutex.obj
 0001:000138e0       ??$__TBB_store_relaxed@PAVscoped_lock@queuing_rw_mutex@tbb@@PAV123@@internal@tbb@@YAXACRAVscoped_lock@queuing_rw_mutex@1@PAV231@@Z 100148e0 f i queuing_rw_mutex.obj
 0001:00013900       ??$__TBB_store_with_release@EE@internal@tbb@@YAXACEE@Z 10014900 f i queuing_rw_mutex.obj
 0001:00013920       ??$__TBB_store_with_release@EH@internal@tbb@@YAXACEH@Z 10014920 f i queuing_rw_mutex.obj
 0001:00013940       ??$__TBB_store_with_release@PAVscoped_lock@queuing_rw_mutex@tbb@@PAV123@@internal@tbb@@YAXACRAVscoped_lock@queuing_rw_mutex@1@PAV231@@Z 10014940 f i queuing_rw_mutex.obj
 0001:00013960       ??$as_atomic@E@internal@tbb@@YAAAU?$atomic@E@1@AAE@Z 10014960 f i queuing_rw_mutex.obj
 0001:00013970       ??$compare_and_swap@$00@?$atomic_impl@E@internal@tbb@@QAEEEE@Z 10014970 f i queuing_rw_mutex.obj
 0001:000139d0       ??$compare_and_swap@$01@?$atomic_impl@E@internal@tbb@@QAEEEE@Z 100149d0 f i queuing_rw_mutex.obj
 0001:00013a30       ??$compare_and_swap@$01@?$atomic_impl@PAVscoped_lock@queuing_rw_mutex@tbb@@@internal@tbb@@QAEPAVscoped_lock@queuing_rw_mutex@2@PAV342@0@Z 10014a30 f i queuing_rw_mutex.obj
 0001:00013a80       ??$compare_and_swap@$01@?$tricky_atomic_pointer@Vscoped_lock@queuing_rw_mutex@tbb@@@tbb@@SAPAVscoped_lock@queuing_rw_mutex@1@PCRAV231@PAV231@1@Z 10014a80 f i queuing_rw_mutex.obj
 0001:00013aa0       ??$fetch_and_add@$00@?$tricky_atomic_pointer@Vscoped_lock@queuing_rw_mutex@tbb@@@tbb@@SAPAVscoped_lock@queuing_rw_mutex@1@PCRAV231@H@Z 10014aa0 f i queuing_rw_mutex.obj
 0001:00013ac0       ??$fetch_and_store@$01@?$atomic_impl@PAVscoped_lock@queuing_rw_mutex@tbb@@@internal@tbb@@QAEPAVscoped_lock@queuing_rw_mutex@2@PAV342@@Z 10014ac0 f i queuing_rw_mutex.obj
 0001:00013b00       ??$fetch_and_store@$01@?$tricky_atomic_pointer@Vscoped_lock@queuing_rw_mutex@tbb@@@tbb@@SAPAVscoped_lock@queuing_rw_mutex@1@PCRAV231@PAV231@@Z 10014b00 f i queuing_rw_mutex.obj
 0001:00013b20       ??$load@$02@?$atomic_impl@PAVscoped_lock@queuing_rw_mutex@tbb@@@internal@tbb@@QBEPAVscoped_lock@queuing_rw_mutex@2@XZ 10014b20 f i queuing_rw_mutex.obj
 0001:00013b60       ??$load@$02PAVscoped_lock@queuing_rw_mutex@tbb@@@tbb@@YAPAVscoped_lock@queuing_rw_mutex@0@ABU?$atomic@PAVscoped_lock@queuing_rw_mutex@tbb@@@0@@Z 10014b60 f i queuing_rw_mutex.obj
 0001:00013b80       ??$load@$0A@@?$atomic_impl@PAVscoped_lock@queuing_rw_mutex@tbb@@@internal@tbb@@QBEPAVscoped_lock@queuing_rw_mutex@2@XZ 10014b80 f i queuing_rw_mutex.obj
 0001:00013bc0       ??$load@H@?$atomic_load_store_traits@$0A@@internal@tbb@@SAHADH@Z 10014bc0 f i queuing_rw_mutex.obj
 0001:00013be0       ??$poison_pointer@Vscoped_lock@queuing_rw_mutex@tbb@@@internal@tbb@@YAXAAPAVscoped_lock@queuing_rw_mutex@1@@Z 10014be0 f i queuing_rw_mutex.obj
 0001:00013bf0       ??$spin_wait_until_eq@EE@internal@tbb@@YAXADEE@Z 10014bf0 f i queuing_rw_mutex.obj
 0001:00013c70       ??$spin_wait_until_eq@EH@internal@tbb@@YAXADEH@Z 10014c70 f i queuing_rw_mutex.obj
 0001:00013cf0       ??$spin_wait_while_eq@EH@internal@tbb@@YAXADEH@Z 10014cf0 f i queuing_rw_mutex.obj
 0001:00013d70       ??$spin_wait_while_eq@PAVscoped_lock@queuing_rw_mutex@tbb@@PAV123@@internal@tbb@@YAXADSAVscoped_lock@queuing_rw_mutex@1@PAV231@@Z 10014d70 f i queuing_rw_mutex.obj
 0001:00013df0       ??$spin_wait_while_eq@PAVscoped_lock@queuing_rw_mutex@tbb@@PAX@internal@tbb@@YAXADSAVscoped_lock@queuing_rw_mutex@1@PAX@Z 10014df0 f i queuing_rw_mutex.obj
 0001:00013e70       ??$to_bits@E@?$atomic_impl@E@internal@tbb@@CACE@Z 10014e70 f i queuing_rw_mutex.obj
 0001:00013ea0       ??$to_bits@PAVscoped_lock@queuing_rw_mutex@tbb@@@?$atomic_impl@PAVscoped_lock@queuing_rw_mutex@tbb@@@internal@tbb@@CAHPAVscoped_lock@queuing_rw_mutex@2@@Z 10014ea0 f i queuing_rw_mutex.obj
 0001:00013ed0       ??$to_bits_ref@$$CDE@?$atomic_impl@E@internal@tbb@@CAAACADE@Z 10014ed0 f i queuing_rw_mutex.obj
 0001:00013f00       ??$to_bits_ref@E@?$atomic_impl@E@internal@tbb@@CAAACAAE@Z 10014f00 f i queuing_rw_mutex.obj
 0001:00013f30       ??$to_bits_ref@QAVscoped_lock@queuing_rw_mutex@tbb@@@?$atomic_impl@PAVscoped_lock@queuing_rw_mutex@tbb@@@internal@tbb@@CAAAHABQAVscoped_lock@queuing_rw_mutex@2@@Z 10014f30 f i queuing_rw_mutex.obj
 0001:00013f60       ??$to_value@E@?$atomic_impl@E@internal@tbb@@CAEC@Z 10014f60 f i queuing_rw_mutex.obj
 0001:00013fd0       ??$to_value@PAVscoped_lock@queuing_rw_mutex@tbb@@@?$atomic_impl@PAVscoped_lock@queuing_rw_mutex@tbb@@@internal@tbb@@CAPAVscoped_lock@queuing_rw_mutex@2@H@Z 10014fd0 f i queuing_rw_mutex.obj
 0001:00014040       ??0?$converter@E@?$atomic_impl@E@internal@tbb@@QAE@E@Z 10015040 f i queuing_rw_mutex.obj
 0001:00014060       ??0?$converter@E@?$atomic_impl@E@internal@tbb@@QAE@XZ 10015060 f i queuing_rw_mutex.obj
 0001:00014080       ??0?$converter@PAVscoped_lock@queuing_rw_mutex@tbb@@@?$atomic_impl@PAVscoped_lock@queuing_rw_mutex@tbb@@@internal@tbb@@QAE@PAVscoped_lock@queuing_rw_mutex@3@@Z 10015080 f i queuing_rw_mutex.obj
 0001:000140a0       ??0?$converter@PAVscoped_lock@queuing_rw_mutex@tbb@@@?$atomic_impl@PAVscoped_lock@queuing_rw_mutex@tbb@@@internal@tbb@@QAE@XZ 100150a0 f i queuing_rw_mutex.obj
 0001:000140c0       ??0?$ptr_converter@PAE@?$atomic_impl@E@internal@tbb@@QAE@PAE@Z 100150c0 f i queuing_rw_mutex.obj
 0001:000140e0       ??0?$ptr_converter@PBQAVscoped_lock@queuing_rw_mutex@tbb@@@?$atomic_impl@PAVscoped_lock@queuing_rw_mutex@tbb@@@internal@tbb@@QAE@PBQAVscoped_lock@queuing_rw_mutex@3@@Z 100150e0 f i queuing_rw_mutex.obj
 0001:00014100       ??0?$ptr_converter@PDE@?$atomic_impl@E@internal@tbb@@QAE@PDE@Z 10015100 f i queuing_rw_mutex.obj
 0001:00014120       ??0?$tricky_atomic_pointer@Vscoped_lock@queuing_rw_mutex@tbb@@@tbb@@QAE@AAPAVscoped_lock@queuing_rw_mutex@1@@Z 10015120 f i queuing_rw_mutex.obj
 0001:00014160       ??4?$atomic@E@tbb@@QAEEE@Z 10015160 f i queuing_rw_mutex.obj
 0001:00014190       ??B?$atomic_impl@E@internal@tbb@@QDEEXZ 10015190 f i queuing_rw_mutex.obj
 0001:000141d0       ??I?$tricky_atomic_pointer@Vscoped_lock@queuing_rw_mutex@tbb@@@tbb@@QBEPAVscoped_lock@queuing_rw_mutex@1@H@Z 100151d0 f i queuing_rw_mutex.obj
 0001:000141f0       ??U?$tricky_atomic_pointer@Vscoped_lock@queuing_rw_mutex@tbb@@@tbb@@QBEPAVscoped_lock@queuing_rw_mutex@1@H@Z 100151f0 f i queuing_rw_mutex.obj
 0001:00014210       ?acquire_internal_lock@scoped_lock@queuing_rw_mutex@tbb@@AAEXXZ 10015210 f i queuing_rw_mutex.obj
 0001:00014250       ?compare_and_swap@?$atomic_traits@$00$00@internal@tbb@@SACPCXCC@Z 10015250 f i queuing_rw_mutex.obj
 0001:00014280       ?compare_and_swap@?$atomic_traits@$00$01@internal@tbb@@SACPCXCC@Z 10015280 f i queuing_rw_mutex.obj
 0001:000142b0       ?get_flag@tbb@@YAIPAVscoped_lock@queuing_rw_mutex@1@@Z 100152b0 f i queuing_rw_mutex.obj
 0001:000142c0       ?initialize@scoped_lock@queuing_rw_mutex@tbb@@AAEXXZ 100152c0 f i queuing_rw_mutex.obj
 0001:00014320       ?load@?$machine_load_store_relaxed@PAVscoped_lock@queuing_rw_mutex@tbb@@$03@internal@tbb@@SAPAVscoped_lock@queuing_rw_mutex@3@ADSAV453@@Z 10015320 f i queuing_rw_mutex.obj
 0001:00014330       ?load@?$machine_load_store_seq_cst@H$03@internal@tbb@@SAHADH@Z 10015330 f i queuing_rw_mutex.obj
 0001:00014350       ?load_with_acquire@?$machine_load_store@E$00@internal@tbb@@SAEADE@Z 10015350 f i queuing_rw_mutex.obj
[...]
 0002:0001856b       $N00058                    1005d56b     tbb_debug.exp
 0002:000185a3       $N00059                    1005d5a3     tbb_debug.exp
 0002:000185c8       $N00060                    1005d5c8     tbb_debug.exp
 0002:000185f5       $N00061                    1005d5f5     tbb_debug.exp
 0002:00018623       $N00062                    1005d623     tbb_debug.exp
 0002:00018650       $N00063                    1005d650     tbb_debug.exp
 0002:0001868e       $N00064                    1005d68e     tbb_debug.exp
 0002:000186c4       $N00065                    1005d6c4     tbb_debug.exp
 0002:00018704       $N00066                    1005d704     tbb_debug.exp
 0002:0001873f       $N00067                    1005d73f     tbb_debug.exp
 0002:00018777       $N00068                    1005d777     tbb_debug.exp
 0002:000187ad       $N00069                    1005d7ad     tbb_debug.exp
 0002:0001880d       $N00070                    1005d80d     tbb_debug.exp
 0002:00018846       $N00071                    1005d846     tbb_debug.exp
 0002:0001887d       $N00072                    1005d87d     tbb_debug.exp
 0002:000188dd       $N00073                    1005d8dd     tbb_debug.exp
 0002:00018938       $N00074                    1005d938     tbb_debug.exp
 0002:00018996       $N00075                    1005d996     tbb_debug.exp
 0002:000189d7       $N00076                    1005d9d7     tbb_debug.exp
 0002:00018a17       $N00077                    1005da17     tbb_debug.exp
 0002:00018a56       $N00078                    1005da56     tbb_debug.exp
 0002:00018a98       $N00079                    1005da98     tbb_debug.exp
 0002:00018ae0       $N00080                    1005dae0     tbb_debug.exp
 0002:00018b29       $N00081                    1005db29     tbb_debug.exp
 0002:00018b83       $N00082                    1005db83     tbb_debug.exp
 0002:00018be0       $N00083                    1005dbe0     tbb_debug.exp
 0002:00018c3d       $N00084                    1005dc3d     tbb_debug.exp
 0002:00018cbb       $N00085                    1005dcbb     tbb_debug.exp
 0002:00018cf8       $N00086                    1005dcf8     tbb_debug.exp
 0002:00018d1e       $N00087                    1005dd1e     tbb_debug.exp
 0002:00018d4c       $N00088                    1005dd4c     tbb_debug.exp
 0002:00018d7d       $N00089                    1005dd7d     tbb_debug.exp
 0002:00018dbb       $N00090                    1005ddbb     tbb_debug.exp
 0002:00018deb       $N00091                    1005ddeb     tbb_debug.exp
 0002:00018e3c       $N00092                    1005de3c     tbb_debug.exp
 0002:00018e92       $N00093                    1005de92     tbb_debug.exp
 0002:00018ebd       $N00094                    1005debd     tbb_debug.exp
 0002:00018eee       $N00095                    1005deee     tbb_debug.exp
 0002:00018f33       $N00096                    1005df33     tbb_debug.exp
 0002:00018f83       $N00097                    1005df83     tbb_debug.exp
 0002:00018fd6       $N00098                    1005dfd6     tbb_debug.exp
 0002:0001900d       $N00099                    1005e00d     tbb_debug.exp
 0002:00019053       $N00100                    1005e053     tbb_debug.exp
 0002:00019082       $N00101                    1005e082     tbb_debug.exp
 0002:000190ba       $N00102                    1005e0ba     tbb_debug.exp
 0002:000190de       $N00103                    1005e0de     tbb_debug.exp
 0002:0001911a       $N00104                    1005e11a     tbb_debug.exp
 0002:00019148       $N00105                    1005e148     tbb_debug.exp
 0002:00019190       $N00106                    1005e190     tbb_debug.exp
 0002:000191dd       $N00107                    1005e1dd     tbb_debug.exp
 0002:00019237       $N00108                    1005e237     tbb_debug.exp
 0002:0001926a       $N00109                    1005e26a     tbb_debug.exp
 0002:0001929b       $N00110                    1005e29b     tbb_debug.exp
 0002:000192f5       $N00111                    1005e2f5     tbb_debug.exp
 0002:00019334       $N00112                    1005e334     tbb_debug.exp
 0002:00019381       $N00113                    1005e381     tbb_debug.exp
 0002:000193d8       $N00114                    1005e3d8     tbb_debug.exp
 0002:0001941d       $N00115                    1005e41d     tbb_debug.exp
 0002:00019467       $N00116                    1005e467     tbb_debug.exp
 0002:000194b8       $N00117                    1005e4b8     tbb_debug.exp
 0002:000194fd       $N00118                    1005e4fd     tbb_debug.exp
 0002:00019550       $N00119                    1005e550     tbb_debug.exp
 0002:000195aa       $N00120                    1005e5aa     tbb_debug.exp
 0002:00019610       $N00121                    1005e610     tbb_debug.exp
 0002:00019655       $N00122                    1005e655     tbb_debug.exp
 0002:000196b2       $N00123                    1005e6b2     tbb_debug.exp
 0002:000196e9       $N00124                    1005e6e9     tbb_debug.exp
 0002:00019743       $N00125                    1005e743     tbb_debug.exp
 0002:0001977f       $N00126                    1005e77f     tbb_debug.exp
 0002:000197be       $N00127                    1005e7be     tbb_debug.exp
 0002:00019806       $N00128                    1005e806     tbb_debug.exp
 0002:00019851       $N00129                    1005e851     tbb_debug.exp
 0002:0001988e       $N00130                    1005e88e     tbb_debug.exp
 0002:000198ce       $N00131                    1005e8ce     tbb_debug.exp
 0002:00019914       $N00132                    1005e914     tbb_debug.exp
 0002:0001995d       $N00133                    1005e95d     tbb_debug.exp
 0002:000199a7       $N00134                    1005e9a7     tbb_debug.exp
 0002:000199f4       $N00135                    1005e9f4     tbb_debug.exp
 0002:00019a39       $N00136                    1005ea39     tbb_debug.exp
 0002:00019a8b       $N00137                    1005ea8b     tbb_debug.exp
 0002:00019abb       $N00138                    1005eabb     tbb_debug.exp
 0002:00019af5       $N00139                    1005eaf5     tbb_debug.exp
 0002:00019b2a       $N00140                    1005eb2a     tbb_debug.exp
 0002:00019b81       $N00141                    1005eb81     tbb_debug.exp
 0002:00019bb9       $N00142                    1005ebb9     tbb_debug.exp
 0002:00019bef       $N00143                    1005ebef     tbb_debug.exp
 0002:00019c27       $N00144                    1005ec27     tbb_debug.exp
 0002:00019c5d       $N00145                    1005ec5d     tbb_debug.exp
 0002:00019c9e       $N00146                    1005ec9e     tbb_debug.exp
 0002:00019ce2       $N00147                    1005ece2     tbb_debug.exp
 0002:00019d3b       $N00148                    1005ed3b     tbb_debug.exp
 0002:00019d7f       $N00149                    1005ed7f     tbb_debug.exp
 0002:00019dc6       $N00150                    1005edc6     tbb_debug.exp
 0002:00019df0       $N00151                    1005edf0     tbb_debug.exp
 0002:00019e2a       $N00152                    1005ee2a     tbb_debug.exp
 0002:00019e67       $N00153                    1005ee67     tbb_debug.exp
 0002:00019ea4       $N00154                    1005eea4     tbb_debug.exp
 0002:00019ee9       $N00155                    1005eee9     tbb_debug.exp
 0002:00019f2d       $N00156                    1005ef2d     tbb_debug.exp
 0002:00019f75       $N00157                    1005ef75     tbb_debug.exp
 0002:00019fbf       $N00158                    1005efbf     tbb_debug.exp
 0002:00019ffa       $N00159                    1005effa     tbb_debug.exp
 0002:0001a03f       $N00160                    1005f03f     tbb_debug.exp
 0002:0001a07f       $N00161                    1005f07f     tbb_debug.exp
 0002:0001a0bc       $N00162                    1005f0bc     tbb_debug.exp
 0002:0001a0f7       $N00163                    1005f0f7     tbb_debug.exp
 0002:0001a134       $N00164                    1005f134     tbb_debug.exp
 0002:0001a16f       $N00165                    1005f16f     tbb_debug.exp
 0002:0001a1d2       $N00166                    1005f1d2     tbb_debug.exp
 0002:0001a204       $N00167                    1005f204     tbb_debug.exp
 0002:0001a234       $N00168                    1005f234     tbb_debug.exp
 0002:0001a28c       $N00169                    1005f28c     tbb_debug.exp
 0002:0001a2cb       $N00170                    1005f2cb     tbb_debug.exp
 0002:0001a309       $N00171                    1005f309     tbb_debug.exp
 0002:0001a331       $N00172                    1005f331     tbb_debug.exp
 0002:0001a35f       $N00173                    1005f35f     tbb_debug.exp
 0002:0001a3aa       $N00174                    1005f3aa     tbb_debug.exp
 0002:0001a3d8       $N00175                    1005f3d8     tbb_debug.exp
 0002:0001a413       $N00176                    1005f413     tbb_debug.exp
 0002:0001a444       $N00177                    1005f444     tbb_debug.exp
 0002:0001a47f       $N00178                    1005f47f     tbb_debug.exp
 0002:0001a4a8       $N00179                    1005f4a8     tbb_debug.exp
 0002:0001a4d8       $N00180                    1005f4d8     tbb_debug.exp
 0002:0001a50d       $N00181                    1005f50d     tbb_debug.exp
 0002:0001a537       $N00182                    1005f537     tbb_debug.exp
 0002:0001a57a       $N00183                    1005f57a     tbb_debug.exp
 0002:0001a5ac       $N00184                    1005f5ac     tbb_debug.exp
 0002:0001a5d3       $N00185                    1005f5d3     tbb_debug.exp
 0002:0001a5f4       $N00186                    1005f5f4     tbb_debug.exp
 0002:0001a62f       $N00187                    1005f62f     tbb_debug.exp
 0002:0001a668       $N00188                    1005f668     tbb_debug.exp
 0002:0001a6a8       $N00189                    1005f6a8     tbb_debug.exp
 0002:0001a6e3       $N00190                    1005f6e3     tbb_debug.exp
 0002:0001a712       $N00191                    1005f712     tbb_debug.exp
 0002:0001a744       $N00192                    1005f744     tbb_debug.exp
 0002:0001a76a       $N00193                    1005f76a     tbb_debug.exp
 0002:0001a7a5       $N00194                    1005f7a5     tbb_debug.exp
 0002:0001a7c0       $N00195                    1005f7c0     tbb_debug.exp
 0002:0001a7f3       $N00196                    1005f7f3     tbb_debug.exp
 0002:0001a81b       $N00197                    1005f81b     tbb_debug.exp
 0002:0001a836       $N00198                    1005f836     tbb_debug.exp
 0002:0001a85e       $N00199                    1005f85e     tbb_debug.exp
 0002:0001a895       $N00200                    1005f895     tbb_debug.exp
 0002:0001a8ba       $N00201                    1005f8ba     tbb_debug.exp
 0002:0001a8f6       $N00202                    1005f8f6     tbb_debug.exp
 0002:0001a92e       $N00203                    1005f92e     tbb_debug.exp
 0002:0001a959       $N00204                    1005f959     tbb_debug.exp
 0002:0001a995       $N00205                    1005f995     tbb_debug.exp
 0002:0001a9d5       $N00206                    1005f9d5     tbb_debug.exp
 0002:0001a9fa       $N00207                    1005f9fa     tbb_debug.exp
 0002:0001aa31       $N00208                    1005fa31     tbb_debug.exp
 0002:0001aa6b       $N00209                    1005fa6b     tbb_debug.exp
 0002:0001aaa5       $N00210                    1005faa5     tbb_debug.exp
 0002:0001aae4       $N00211                    1005fae4     tbb_debug.exp
 0002:0001ab19       $N00212                    1005fb19     tbb_debug.exp
 0002:0001ab53       $N00213                    1005fb53     tbb_debug.exp
 0002:0001ab97       $N00214                    1005fb97     tbb_debug.exp
 0002:0001abc9       $N00215                    1005fbc9     tbb_debug.exp
 0002:0001ac06       $N00216                    1005fc06     tbb_debug.exp
 0002:0001ac29       $N00217                    1005fc29     tbb_debug.exp
 0002:0001ac50       $N00218                    1005fc50     tbb_debug.exp
 0002:0001ac72       $N00219                    1005fc72     tbb_debug.exp
 0002:0001aca2       $N00220                    1005fca2     tbb_debug.exp
 0002:0001acc3       $N00221                    1005fcc3     tbb_debug.exp
 0002:0001ace2       $N00222                    1005fce2     tbb_debug.exp
 0002:0001ad00       $N00223                    1005fd00     tbb_debug.exp
 0002:0001ad16       $N00224                    1005fd16     tbb_debug.exp
 0002:0001ad2e       $N00225                    1005fd2e     tbb_debug.exp
 0002:0001ad48       $N00226                    1005fd48     tbb_debug.exp
 0002:0001ad68       $N00227                    1005fd68     tbb_debug.exp
 0002:0001ad7c       $N00228                    1005fd7c     tbb_debug.exp
 0002:0001ad91       $N00229                    1005fd91     tbb_debug.exp
 0002:0001adaf       $N00230                    1005fdaf     tbb_debug.exp
 0002:0001adc9       $N00231                    1005fdc9     tbb_debug.exp
 0002:0001b33e       .idata$6                   1006033e     kernel32:KERNEL32.dll
 0002:0001b4ac       .idata$6                   100604ac     msvcprtd:MSVCP140D.dll
 0002:0001b602       .idata$6                   10060602     vcruntimed:VCRUNTIME140D.dll
 0002:0001b8a4       .idata$6                   100608a4     ucrtd:ucrtbased.dll
 0003:00000000       ?dummy@?1??make_invalid@micro_queue@internal@tbb@@QAEXI@Z@4Upage@concurrent_queue_base_v3@34@A 10061000     concurrent_queue.obj
 0003:000002b0       ?api_list@@3PAU___itt_api_info@@A 100612b0     itt_notify.obj
 0003:00000f54       ?ittnotify_lib_name@@3PBDB 10061f54     itt_notify.obj
 0003:00000f58       ?__itt_fini_ittlib_ptr@@3P6AXXZA 10061f58     itt_notify.obj
 0003:00000f60       ?group_list@@3PAU___itt_group_list@@A 10061f60     itt_notify.obj
 0003:00000fe0       ?group_alias@@3PAU___itt_group_alias@@A 10061fe0     itt_notify.obj
 0003:00001000       ?env_value@?1??__itt_get_env_var@@YAPBDPBD@Z@4PADA 10062000     itt_notify.obj
 0003:00001004       ?MallocHandler@internal@tbb@@3P6APAXI@ZA 10062004     cache_aligned_allocator.obj
 0003:00001008       ?FreeHandler@internal@tbb@@3P6AXPAX@ZA 10062008     cache_aligned_allocator.obj
 0003:0000100c       ?padded_allocate_handler@internal@tbb@@3P6APAXII@ZA 1006200c     cache_aligned_allocator.obj
 0003:00001010       ?padded_free_handler@internal@tbb@@3P6AXPAX@ZA 10062010     cache_aligned_allocator.obj
 0003:00001014       ?NFS_LineSize@internal@tbb@@3IA 10062014     cache_aligned_allocator.obj
 0003:00001018       ?__TBB_init_condvar@internal@tbb@@3P6GXPAU_RTL_CONDITION_VARIABLE@@@ZA 10062018     condition_variable.obj
 0003:0000101c       ?__TBB_condvar_wait@internal@tbb@@3P6GHPAU_RTL_CONDITION_VARIABLE@@PAU_RTL_CRITICAL_SECTION@@K@ZA 1006201c     condition_variable.obj
 0003:00001020       ?__TBB_condvar_notify_one@internal@tbb@@3P6GXPAU_RTL_CONDITION_VARIABLE@@@ZA 10062020     condition_variable.obj
 0003:00001024       ?__TBB_condvar_notify_all@internal@tbb@@3P6GXPAU_RTL_CONDITION_VARIABLE@@@ZA 10062024     condition_variable.obj
 0003:00001028       ?__TBB_destroy_condvar@internal@tbb@@3P6GXPAU_RTL_CONDITION_VARIABLE@@@ZA 10062028     condition_variable.obj
 0003:0000102c       ?SyncType_RML@internal@rml@@3PB_WB 1006202c     private_server.obj
 0003:00001030       ?SyncObj_ThreadMonitor@internal@rml@@3PB_WB 10062030     private_server.obj
 0003:0000103c       ?controls@internal@tbb@@3PAPAVcontrol_storage@12@A 1006203c     tbb_main.obj
 0003:000019c0       ?static_invalid_page@internal@tbb@@3PAXA 100629c0     concurrent_queue.obj
 0003:000019f0       ?static_init_dl_data@internal@tbb@@3Ustatic_init_dl_data_t@12@A 100629f0     dynamic_link.obj
 0003:000019f8       ?ap_data@internal@tbb@@3Uap_data_t@12@A 100629f8     dynamic_link.obj
 0003:00001b08       ?env_buff@?1??__itt_get_env_var@@YAPBDPBD@Z@4PADA 10062b08     itt_notify.obj
 0003:00002b00       ?current_thread@?1??__itt_fini_ittlib@@9@4KC 10063b00     itt_notify.obj
 0003:00002b04       ?current_thread@?1??__itt_init_ittlib@@9@4KC 10063b04     itt_notify.obj
 0003:00002b08       ?initialization_state@internal@tbb@@3U?$atomic@W4do_once_state@internal@tbb@@@2@A 10063b08     cache_aligned_allocator.obj
 0003:00002b0c       ?condvar_api_state@internal@tbb@@3U?$atomic@W4do_once_state@internal@tbb@@@2@A 10063b0c     condition_variable.obj
 0003:00002b18       ?assertion_handler@tbb@@3P6AXPBDH00@ZA 10063b18     tbb_misc.obj
 0003:00002b1c       ?PrintVersionFlag@internal@tbb@@3_NA 10063b1c     tbb_misc.obj
 0003:00002b1d       ?already_failed@?6??assertion_failure@tbb@@YAXPBDH00@Z@4_NA 10063b1d     tbb_misc.obj
 0003:00002b20       ?cache@?1??__TBB_machine_store8_slow_perf_warning@@9@4PAU?$atomic@PAX@tbb@@A 10063b20     tbb_misc.obj
 0003:00002b30       ?k@?1??__TBB_machine_store8_slow_perf_warning@@9@4U?$atomic@I@tbb@@A 10063b30     tbb_misc.obj
 0003:00002b3c       ?TBB_GetActiveProcessorCount@internal@tbb@@3P6GKG@ZA 10063b3c     tbb_misc_ex.obj
 0003:00002e40       ?TBB_GetActiveProcessorGroupCount@internal@tbb@@3P6GGXZA 10063e40     tbb_misc_ex.obj
 0003:00002e44       ?TBB_SetThreadGroupAffinity@internal@tbb@@3P6GHPAXPBUTBB_GROUP_AFFINITY@12@PAU312@@ZA 10063e44     tbb_misc_ex.obj
 0003:00002e48       ?TBB_GetThreadGroupAffinity@internal@tbb@@3P6GHPAXPAUTBB_GROUP_AFFINITY@12@@ZA 10063e48     tbb_misc_ex.obj
 0003:00002e4c       ?hardware_concurrency_info@internal@tbb@@3U?$atomic@W4do_once_state@internal@tbb@@@2@A 10063e4c     tbb_misc_ex.obj
 0003:00002e50       ?watch_stack_handler@internal@tbb@@3P6AHPAU__cilk_tbb_unwatch_thunk@@U__cilk_tbb_stack_op_thunk@@@ZA 10063e50     governor.obj
 0003:00002e54       ?cilkrts_load_state@internal@tbb@@3U?$atomic@W4do_once_state@internal@tbb@@@2@A 10063e54     governor.obj
 0003:00002e60       ?the_dummy_context@internal@tbb@@3Vtask_group_context@2@A 10063e60     scheduler.obj
 0003:00002fe0       ?the_check_observer_proxy_count@internal@tbb@@3Ucheck_observer_proxy_count@12@A 10063fe0     observer_proxy.obj
 0003:00002fe4       ?observer_proxy_count@internal@tbb@@3U?$atomic@H@2@A 10063fe4     observer_proxy.obj
 0003:00003018       ?stack_size_ctl@internal@tbb@@3Vstack_size_control@12@A 10064018     tbb_main.obj
 0003:00003099       ?ITT_Present@internal@tbb@@3_NA 10064099     tbb_main.obj
 0003:0000309a       ?ITT_InitializationDone@internal@tbb@@3_NA 1006409a     tbb_main.obj
 0003:0000309c       ?allowed_parallelism_ctl@internal@tbb@@3Vallowed_parallelism_control@12@A 1006409c     tbb_main.obj
 0003:0000311c       ?init@?1??_RTC_InitBase@@9@4_NA 1006411c     MSVCRTD:_init_.obj
 0003:00003120       _GS_ExceptionRecord        10064120     MSVCRTD:gs_report.obj
 0003:00003170       _GS_ContextRecord          10064170     MSVCRTD:gs_report.obj
 0003:00003450       ?module_local_atexit_table@@3U_onexit_table_t@@A 10064450     MSVCRTD:utility.obj
 0003:0000345c       ?module_local_at_quick_exit_table@@3U_onexit_table_t@@A 1006445c     MSVCRTD:utility.obj
 0003:00003468       ?module_local_atexit_table_initialized@@3_NA 10064468     MSVCRTD:utility.obj
 0003:00003469       ?is_initialized_as_dll@@3_NA 10064469     MSVCRTD:utility.obj
 0003:0000346c       ?__proc_attached@@3HA      1006446c     MSVCRTD:dll_dllmain.obj
 0003:00003470       ?_RTC_ErrorReportFunc@@3P6AHHPBDH00ZZA 10064470     MSVCRTD:_userapi_.obj
 0003:00003474       ?_RTC_ErrorReportFuncW@@3P6AHHPB_WH00ZZA 10064474     MSVCRTD:_userapi_.obj
 0003:00003490       ?mspdb@@3PAUHINSTANCE__@@A 10064490     MSVCRTD:_pdblkup_.obj
 0003:00003494       ?alreadyTried@?1??GetPdbDll@@YAPAUHINSTANCE__@@XZ@4_NA 10064494     MSVCRTD:_pdblkup_.obj
 0003:00003495       ?PDBOK@?1??_RTC_GetSrcLine@@YAHPAEPA_WKPAH1K@Z@4_NA 10064495     MSVCRTD:_pdblkup_.obj
 0004:000000a0       $R000000                   100650a0     tbb_resource.res
 0004:00000480       $R0003E0                   10065480     tbb_resource.res
