 tbb

 Timestamp is 5b3cd3a8 (Wed Jul  4 23:03:20 2018)

 Preferred load address is 10000000

 Start         Length     Name                   Class
 0001:00000000 00000030H .text$di                CODE
 0001:00000030 0001ea00H .text$mn                CODE
 0001:0001ea30 00000bb0H .text$x                 CODE
 0001:0001f5e0 0000000aH .text$yd                CODE
 0002:00000000 000001a8H .idata$5                DATA
 0002:000001a8 00000004H .00cfg                  DATA
 0002:000001ac 00000004H .CRT$XCA                DATA
 0002:000001b0 00000008H .CRT$XCU                DATA
 0002:000001b8 00000004H .CRT$XCZ                DATA
 0002:000001bc 00000004H .CRT$XIA                DATA
 0002:000001c0 00000004H .CRT$XIZ                DATA
 0002:000001c4 00000004H .CRT$XPA                DATA
 0002:000001c8 00000004H .CRT$XPZ                DATA
 0002:000001cc 00000004H .CRT$XTA                DATA
 0002:000001d0 00000010H .CRT$XTZ                DATA
 0002:000001d4 00000000H .gfids$y                DATA
 0002:000001e0 000024b0H .rdata                  DATA
 0002:00002690 000010b0H .rdata$r                DATA
 0002:00003740 0000010cH .rdata$sxdata           DATA
 0002:0000384c 000002ecH .rdata$zzzdbg           DATA
 0002:00003b38 00000004H .rtc$IAA                DATA
 0002:00003b3c 00000004H .rtc$IZZ                DATA
 0002:00003b40 00000004H .rtc$TAA                DATA
 0002:00003b44 00000004H .rtc$TZZ                DATA
 0002:00003b48 00001118H .xdata$x                DATA
 0002:00004c60 00003d40H .edata                  DATA
 0002:000089a0 000000b4H .idata$2                DATA
 0002:00008a54 00000014H .idata$3                DATA
 0002:00008a68 000001a8H .idata$4                DATA
 0002:00008c10 0000087cH .idata$6                DATA
 0003:00000000 00001210H .data                   DATA
 0003:00001210 00000928H .data$r                 DATA
 0003:00001b38 00001898H .bss                    DATA
 0004:00000000 000000a0H .rsrc$01                DATA
 0004:000000a0 00000560H .rsrc$02                DATA

  Address         Publics by Value              Rva+Base       Lib:Object

 0000:00000000       ___enclave_config          00000000     <absolute>
 0000:00000000       ___guard_fids_count        00000000     <absolute>
 0000:00000000       ___guard_longjmp_count     00000000     <absolute>
 0000:00000000       ___hybrid_code_map         00000000     <absolute>
 0000:00000000       ___guard_longjmp_table     00000000     <absolute>
 0000:00000000       ___guard_iat_table         00000000     <absolute>
 0000:00000000       ___guard_iat_count         00000000     <absolute>
 0000:00000000       ___hybrid_auxiliary_iat    00000000     <absolute>
 0000:00000000       ___dynamic_value_reloc_table 00000000     <absolute>
 0000:00000000       ___guard_fids_table        00000000     <absolute>
 0000:00000000       ___hybrid_code_map_count   00000000     <absolute>
 0000:00000043       ___safe_se_handler_count   00000043     <absolute>
 0000:00000100       ___guard_flags             00000100     <absolute>
 0000:00000000       ___ImageBase               10000000     <linker-defined>
 0001:00000030       ?internal_grow_predicate@hash_map_segment_base@internal@tbb@@QBE_NXZ 10001030 f   concurrent_hash_map.obj
 0001:00000050       @_guard_check_icall_nop@4  10001050 f i MSVCRT:guard_support.obj
 0001:00000050       ?__empty_global_delete@@YAXPAXI@Z 10001050 f i concurrent_hash_map.obj
 0001:00000050       ?apply_active@stack_size_control@internal@tbb@@EBEXXZ 10001050 f i tbb_main.obj
 0001:00000050       ?__global_delete@@YAXPAXI@Z 10001050 f i * CIL library *:* CIL module *
 0001:00000050       ?internal_destroy@reader_writer_lock@interface5@tbb@@AAEXXZ 10001050 f i reader_writer_lock.obj
 0001:00000060       ??0scoped_lock@spin_mutex@tbb@@QAE@AAV12@@Z 10001060 f i concurrent_queue.obj
 0001:000000d0       ??1scoped_lock@spin_mutex@tbb@@QAE@XZ 100010d0 f i concurrent_queue.obj
 0001:000000e0       ??1binary_semaphore@internal@tbb@@QAE@XZ 100010e0 f i concurrent_queue.obj
 0001:000000f0       ??1thread_context@concurrent_monitor@internal@tbb@@QAE@XZ 100010f0 f i concurrent_queue.obj
 0001:00000120       ??1micro_queue_pop_finalizer@internal@tbb@@QAE@XZ 10001120 f i concurrent_queue.obj
 0001:000001a0       ?choose@concurrent_queue_rep@internal@tbb@@QAEAAUmicro_queue@23@I@Z 100011a0 f i concurrent_queue.obj
 0001:000001c0       ?push@micro_queue@internal@tbb@@QAEXPBXIAAVconcurrent_queue_base_v3@23@W4copy_specifics@423@@Z 100011c0 f   concurrent_queue.obj
 0001:000003b0       ?abort_push@micro_queue@internal@tbb@@QAEXIAAVconcurrent_queue_base_v3@23@@Z 100013b0 f   concurrent_queue.obj
 0001:000003d0       ?pop@micro_queue@internal@tbb@@QAE_NPAXIAAVconcurrent_queue_base_v3@23@@Z 100013d0 f   concurrent_queue.obj
 0001:00000520       ?assign@micro_queue@internal@tbb@@QAEAAU123@ABU123@AAVconcurrent_queue_base_v3@23@W4copy_specifics@423@@Z 10001520 f   concurrent_queue.obj
 0001:00000650       ?make_copy@micro_queue@internal@tbb@@QAEPAUpage@concurrent_queue_base_v3@23@AAV523@PBU4523@IIAAIW4copy_specifics@523@@Z 10001650 f   concurrent_queue.obj
 0001:000006c0       ?make_invalid@micro_queue@internal@tbb@@QAEXI@Z 100016c0 f   concurrent_queue.obj
 0001:00000720       ??0concurrent_queue_base_v3@internal@tbb@@IAE@I@Z 10001720 f   concurrent_queue.obj
 0001:00000830       ??_Gconcurrent_queue_base_v3@internal@tbb@@MAEPAXI@Z 10001830 f i concurrent_queue.obj
 0001:00000830       ??_Econcurrent_queue_base_v3@internal@tbb@@MAEPAXI@Z 10001830 f i * CIL library *:* CIL module *
 0001:000008a0       ??1concurrent_queue_base_v3@internal@tbb@@MAE@XZ 100018a0 f   concurrent_queue.obj
 0001:000008f0       ?internal_push@concurrent_queue_base_v3@internal@tbb@@IAEXPBX@Z 100018f0 f   concurrent_queue.obj
 0001:00000910       ?internal_push_move@concurrent_queue_base_v8@internal@tbb@@IAEXPBX@Z 10001910 f   concurrent_queue.obj
 0001:00000930       ?internal_insert_item@concurrent_queue_base_v3@internal@tbb@@IAEXPBXW4copy_specifics@123@@Z 10001930 f   concurrent_queue.obj
 0001:00000d20       ?internal_pop@concurrent_queue_base_v3@internal@tbb@@IAEXPAX@Z 10001d20 f   concurrent_queue.obj
 0001:00001120       ?internal_abort@concurrent_queue_base_v3@internal@tbb@@IAEXXZ 10002120 f   concurrent_queue.obj
 0001:000012a0       ?internal_pop_if_present@concurrent_queue_base_v3@internal@tbb@@IAE_NPAX@Z 100022a0 f   concurrent_queue.obj
 0001:000013c0       ?internal_push_if_not_full@concurrent_queue_base_v3@internal@tbb@@IAE_NPBX@Z 100023c0 f   concurrent_queue.obj
 0001:000013e0       ?internal_push_move_if_not_full@concurrent_queue_base_v8@internal@tbb@@IAE_NPBX@Z 100023e0 f   concurrent_queue.obj
 0001:00001400       ?internal_insert_if_not_full@concurrent_queue_base_v3@internal@tbb@@IAE_NPBXW4copy_specifics@123@@Z 10002400 f   concurrent_queue.obj
 0001:00001520       ?internal_size@concurrent_queue_base_v3@internal@tbb@@IBEHXZ 10002520 f   concurrent_queue.obj
 0001:00001540       ?internal_empty@concurrent_queue_base_v3@internal@tbb@@IBE_NXZ 10002540 f   concurrent_queue.obj
 0001:00001580       ?internal_set_capacity@concurrent_queue_base_v3@internal@tbb@@IAEXHI@Z 10002580 f   concurrent_queue.obj
 0001:00001580       ?internal_set_capacity@concurrent_queue_base@internal@tbb@@IAEXHI@Z 10002580 f   concurrent_queue_v2.obj
 0001:000015a0       ?internal_finish_clear@concurrent_queue_base_v3@internal@tbb@@IAEXXZ 100025a0 f   concurrent_queue.obj
 0001:000015f0       ?internal_throw_exception@concurrent_queue_base_v3@internal@tbb@@IBEXXZ 100025f0 f   concurrent_queue.obj
 0001:00001600       ?internal_assign@concurrent_queue_base_v3@internal@tbb@@IAEXABV123@W4copy_specifics@123@@Z 10002600 f   concurrent_queue.obj
 0001:00001690       ?assign@concurrent_queue_base_v3@internal@tbb@@IAEXABV123@@Z 10002690 f   concurrent_queue.obj
 0001:000016b0       ?move_content@concurrent_queue_base_v8@internal@tbb@@IAEXAAV123@@Z 100026b0 f   concurrent_queue.obj
 0001:000016d0       ?initialize@concurrent_queue_iterator_base_v3@internal@tbb@@AAEXABVconcurrent_queue_base_v3@23@I@Z 100026d0 f   concurrent_queue.obj
 0001:00001790       ??0concurrent_queue_iterator_base_v3@internal@tbb@@IAE@ABVconcurrent_queue_base_v3@12@@Z 10002790 f   concurrent_queue.obj
 0001:000017b0       ??0concurrent_queue_iterator_base_v3@internal@tbb@@IAE@ABVconcurrent_queue_base_v3@12@I@Z 100027b0 f   concurrent_queue.obj
 0001:000017d0       ?assign@concurrent_queue_iterator_base_v3@internal@tbb@@IAEXABV123@@Z 100027d0 f   concurrent_queue.obj
 0001:00001850       ?advance@concurrent_queue_iterator_base_v3@internal@tbb@@IAEXXZ 10002850 f   concurrent_queue.obj
 0001:000018e0       ??1concurrent_queue_iterator_base_v3@internal@tbb@@IAE@XZ 100028e0 f   concurrent_queue.obj
 0001:00001930       ??F?$atomic_impl_with_arithmetic@IID@internal@tbb@@QAEIH@Z 10002930 f i concurrent_queue.obj
 0001:00001940       ??E?$atomic_impl_with_arithmetic@IID@internal@tbb@@QAEIXZ 10002940 f i concurrent_queue.obj
 0001:00001950       ??Y?$atomic_impl_with_arithmetic@IID@internal@tbb@@QAEII@Z 10002950 f i concurrent_queue.obj
 0001:00001970       ??$spin_wait_until_eq@U?$atomic@I@tbb@@I@internal@tbb@@YAXADU?$atomic@I@1@I@Z 10002970 f i concurrent_queue.obj
 0001:000019c0       ??$spin_wait_while_eq@U?$atomic@I@tbb@@I@internal@tbb@@YAXADU?$atomic@I@1@I@Z 100029c0 f i concurrent_queue.obj
 0001:00001a10       ?segment_base@concurrent_vector_base_v3@internal@tbb@@KAII@Z 10002a10 f i concurrent_vector.obj
 0001:00001a20       ?acquire_segment@helper@concurrent_vector_base_v3@internal@tbb@@SAAAVsegment_t@234@AAV234@II_N@Z 10002a20 f i concurrent_vector.obj
 0001:00001ab0       ??0helper@concurrent_vector_base_v3@internal@tbb@@QAE@PAVsegment_t@123@IIIII@Z 10002ab0 f i concurrent_vector.obj
 0001:00001af0       ?get_segment_value@helper@concurrent_vector_base_v3@internal@tbb@@QAE?AVsegment_value_t@234@I_N@Z 10002af0 f i concurrent_vector.obj
 0001:00001b70       ??1helper@concurrent_vector_base_v3@internal@tbb@@QAE@XZ 10002b70 f i concurrent_vector.obj
 0001:00001bb0       ??0destroy_body@helper@concurrent_vector_base_v3@internal@tbb@@QAE@P6AXPAXI@Z@Z 10002bb0 f i concurrent_vector.obj
 0001:00001bc0       ?extend_segment_table@helper@concurrent_vector_base_v3@internal@tbb@@SAXAAV234@I@Z 10002bc0 f   concurrent_vector.obj
 0001:00001d30       ?enable_segment@helper@concurrent_vector_base_v3@internal@tbb@@SAIAAV234@II_N@Z 10002d30 f   concurrent_vector.obj
 0001:00001f40       ?cleanup@helper@concurrent_vector_base_v3@internal@tbb@@QAEXXZ 10002f40 f   concurrent_vector.obj
 0001:00002160       ??1concurrent_vector_base_v3@internal@tbb@@IAE@XZ 10003160 f   concurrent_vector.obj
 0001:000021b0       ?internal_capacity@concurrent_vector_base_v3@internal@tbb@@IBEIXZ 100031b0 f   concurrent_vector.obj
 0001:000021f0       ?internal_throw_exception@concurrent_vector_base_v3@internal@tbb@@IBEXI@Z 100031f0 f   concurrent_vector.obj
 0001:00002230       ?internal_reserve@concurrent_vector_base_v3@internal@tbb@@IAEXIII@Z 10003230 f   concurrent_vector.obj
 0001:000022f0       ?internal_copy@concurrent_vector_base_v3@internal@tbb@@IAEXABV123@IP6AXPAXPBXI@Z@Z 100032f0 f   concurrent_vector.obj
 0001:000023e0       ?internal_assign@concurrent_vector_base_v3@internal@tbb@@IAEXABV123@IP6AXPAXI@ZP6AX1PBXI@Z4@Z 100033e0 f   concurrent_vector.obj
 0001:000025c0       ?internal_push_back@concurrent_vector_base_v3@internal@tbb@@IAEPAXIAAI@Z 100035c0 f   concurrent_vector.obj
 0001:00002640       ?internal_grow_to_at_least@concurrent_vector_base_v3@internal@tbb@@IAEXIIP6AXPAXPBXI@Z1@Z 10003640 f   concurrent_vector.obj
 0001:00002650       ?internal_grow_to_at_least_with_result@concurrent_vector_base_v3@internal@tbb@@IAEIIIP6AXPAXPBXI@Z1@Z 10003650 f   concurrent_vector.obj
 0001:00002790       ?internal_grow_by@concurrent_vector_base_v3@internal@tbb@@IAEIIIP6AXPAXPBXI@Z1@Z 10003790 f   concurrent_vector.obj
 0001:000027c0       ?internal_grow@concurrent_vector_base_v3@internal@tbb@@IAEXIIIP6AXPAXPBXI@Z1@Z 100037c0 f   concurrent_vector.obj
 0001:000029f0       ?internal_resize@concurrent_vector_base_v3@internal@tbb@@IAEXIIIPBXP6AXPAXI@ZP6AX10I@Z@Z 100039f0 f   concurrent_vector.obj
 0001:00002bc0       ?internal_clear@concurrent_vector_base_v3@internal@tbb@@IAEIP6AXPAXI@Z@Z 10003bc0 f   concurrent_vector.obj
 0001:00002ca0       ?internal_compact@concurrent_vector_base_v3@internal@tbb@@IAEPAXIPAXP6AX0I@ZP6AX0PBXI@Z@Z 10003ca0 f   concurrent_vector.obj
 0001:00003030       ?internal_swap@concurrent_vector_base_v3@internal@tbb@@IAEXAAV123@@Z 10004030 f   concurrent_vector.obj
 0001:000030e0       ??$apply@Usafe_init_body@helper@concurrent_vector_base_v3@internal@tbb@@@helper@concurrent_vector_base_v3@internal@tbb@@QAEIABUsafe_init_body@0123@@Z 100040e0 f i concurrent_vector.obj
 0001:000031e0       ??$apply@Udestroy_body@helper@concurrent_vector_base_v3@internal@tbb@@@helper@concurrent_vector_base_v3@internal@tbb@@QAEIABUdestroy_body@0123@@Z 100041e0 f i concurrent_vector.obj
 0001:000033c0       ?dynamic_link@internal@tbb@@YA_NPBDQBUdynamic_link_descriptor@12@IPAPAUHINSTANCE__@@H@Z 100043c0 f   dynamic_link.obj
 0001:00003580       ??$atomic_do_once@P6AXXZ@internal@tbb@@YAXABQ6AXXZAAU?$atomic@W4do_once_state@internal@tbb@@@1@@Z 10004580 f i dynamic_link.obj
 0001:0000a8e0       ___itt_fini_ittlib         1000b8e0 f   itt_notify.obj
 0001:0000a960       ___itt_init_ittlib         1000b960 f   itt_notify.obj
 0001:0000ac80       ?initialize_handler_pointers@internal@tbb@@YAXXZ 1000bc80 f   cache_aligned_allocator.obj
 0001:0000adb0       ?NFS_GetLineSize@internal@tbb@@YAIXZ 1000bdb0 f   cache_aligned_allocator.obj
 0001:0000adc0       ?NFS_Allocate@internal@tbb@@YAPAXIIPAX@Z 1000bdc0 f   cache_aligned_allocator.obj
 0001:0000ae20       ?NFS_Free@internal@tbb@@YAXPAX@Z 1000be20 f   cache_aligned_allocator.obj
 0001:0000ae80       ?allocate_via_handler_v3@internal@tbb@@YAPAXI@Z 1000be80 f   cache_aligned_allocator.obj
 0001:0000ae80       ?allocate_closure_v3@internal@tbb@@YAPAXI@Z 1000be80 f   tbb_thread.obj
 0001:0000aeb0       ?deallocate_via_handler_v3@internal@tbb@@YAXPAX@Z 1000beb0 f   cache_aligned_allocator.obj
 0001:0000aeb0       ?free_closure_v3@internal@tbb@@YAXPAX@Z 1000beb0 f   tbb_thread.obj
 0001:0000aed0       ?is_malloc_used_v3@internal@tbb@@YA_NXZ 1000bed0 f   cache_aligned_allocator.obj
 0001:0000af00       ??0task_group_context@tbb@@QAE@W4kind_type@01@I@Z 1000bf00 f i pipeline.obj
 0001:0000af80       ??_Gempty_task@tbb@@UAEPAXI@Z 1000bf80 f i arena.obj
 0001:0000af80       ??_Etask@tbb@@UAEPAXI@Z    1000bf80 f i * CIL library *:* CIL module *
 0001:0000af80       ??_Gtask@tbb@@UAEPAXI@Z    1000bf80 f i pipeline.obj
 0001:0000af80       ??_Eempty_task@tbb@@UAEPAXI@Z 1000bf80 f i * CIL library *:* CIL module *
 0001:0000afb0       ?note_affinity@task@tbb@@UAEXG@Z 1000bfb0 f i task.obj
 0001:0000afb0       ?register_master@private_server@rml@internal@tbb@@UAEXAAPAX@Z 1000bfb0 f i private_server.obj
 0001:0000afb0       ?unregister_master@private_server@rml@internal@tbb@@UAEXPAX@Z 1000bfb0 f i private_server.obj
 0001:0000afb0       ?finalize@filter@tbb@@UAEXPAX@Z 1000bfb0 f i pipeline.obj
 0001:0000afb0       ?inject_token@pipeline@tbb@@AAEXAAVtask@2@@Z 1000bfb0 f i pipeline.obj
 0001:0000afb0       ?destroy_condvar_noop@internal@tbb@@YGXPAU_RTL_CONDITION_VARIABLE@@@Z 1000bfb0 f i condition_variable.obj
 0001:0000afb0       ?independent_thread_number_changed@private_server@rml@internal@tbb@@UAEXH@Z 1000bfb0 f i private_server.obj
 0001:0000afc0       ??_Gfilter@tbb@@UAEPAXI@Z  1000bfc0 f i pipeline.obj
 0001:0000afc0       ??_Efilter@tbb@@UAEPAXI@Z  1000bfc0 f i * CIL library *:* CIL module *
 0001:0000b060       ??0input_buffer@internal@tbb@@QAE@_N0@Z 1000c060 f i pipeline.obj
 0001:0000b0e0       ?put_token@input_buffer@internal@tbb@@QAE_NAAUtask_info@23@_N@Z 1000c0e0 f i pipeline.obj
 0001:0000b210       ?return_item@input_buffer@internal@tbb@@QAE_NAAUtask_info@23@_N@Z 1000c210 f i pipeline.obj
 0001:0000b2c0       ?grow@input_buffer@internal@tbb@@AAEXK@Z 1000c2c0 f   pipeline.obj
 0001:0000b3d0       ??0stage_task@internal@tbb@@QAE@AAVpipeline@2@@Z 1000c3d0 f i pipeline.obj
 0001:0000b410       ?spawn_stage_task@stage_task@internal@tbb@@QAEXABUtask_info@23@@Z 1000c410 f i pipeline.obj
 0001:0000b550       ??_Estage_task@internal@tbb@@UAEPAXI@Z 1000c550 f i * CIL library *:* CIL module *
 0001:0000b550       ??_Gstage_task@internal@tbb@@UAEPAXI@Z 1000c550 f i pipeline.obj
 0001:0000b5e0       ?execute@stage_task@internal@tbb@@UAEPAVtask@3@XZ 1000c5e0 f   pipeline.obj
 0001:0000bba0       ?execute@pipeline_root_task@internal@tbb@@EAEPAVtask@3@XZ 1000cba0 f i pipeline.obj
 0001:0000bf50       ??_Gpipeline_root_task@internal@tbb@@UAEPAXI@Z 1000cf50 f i pipeline.obj
 0001:0000bf50       ??_Epipeline_root_task@internal@tbb@@UAEPAXI@Z 1000cf50 f i * CIL library *:* CIL module *
 0001:0000bf80       ??1pipeline_cleaner@internal@tbb@@QAE@XZ 1000cf80 f i pipeline.obj
 0001:0000c050       ??0pipeline@tbb@@QAE@XZ    1000d050 f   pipeline.obj
 0001:0000c090       ??_Epipeline@tbb@@UAEPAXI@Z 1000d090 f i * CIL library *:* CIL module *
 0001:0000c090       ??_Gpipeline@tbb@@UAEPAXI@Z 1000d090 f i pipeline.obj
 0001:0000c1a0       ??1pipeline@tbb@@UAE@XZ    1000d1a0 f   pipeline.obj
 0001:0000c2a0       ?clear@pipeline@tbb@@QAEXXZ 1000d2a0 f   pipeline.obj
 0001:0000c3a0       ??_Ginput_buffer@internal@tbb@@QAEPAXI@Z 1000d3a0 f i pipeline.obj
 0001:0000c430       ?add_filter@pipeline@tbb@@QAEXAAVfilter@2@@Z 1000d430 f   pipeline.obj
 0001:0000c5f0       ?run@pipeline@tbb@@QAEXIAAVtask_group_context@2@@Z 1000d5f0 f   pipeline.obj
 0001:0000c790       ?run@pipeline@tbb@@QAEXI@Z 1000d790 f   pipeline.obj
 0001:0000c820       ??1filter@tbb@@UAE@XZ      1000d820 f   pipeline.obj
 0001:0000c8a0       ?set_end_of_input@filter@tbb@@IAEXXZ 1000d8a0 f   pipeline.obj
 0001:0000c8c0       ?process_item@thread_bound_filter@tbb@@QAE?AW4result_type@12@XZ 1000d8c0 f   pipeline.obj
 0001:0000c8d0       ?try_process_item@thread_bound_filter@tbb@@QAE?AW4result_type@12@XZ 1000d8d0 f   pipeline.obj
 0001:0000c8e0       ?internal_process_item@thread_bound_filter@tbb@@AAE?AW4result_type@12@_N@Z 1000d8e0 f   pipeline.obj
 0001:0000cac0       ?acquire@scoped_lock@queuing_mutex@tbb@@QAEXAAV23@@Z 1000dac0 f   queuing_mutex.obj
 0001:0000cb40       ?try_acquire@scoped_lock@queuing_mutex@tbb@@QAE_NAAV23@@Z 1000db40 f   queuing_mutex.obj
 0001:0000cb90       ?release@scoped_lock@queuing_mutex@tbb@@QAEXXZ 1000db90 f   queuing_mutex.obj
 0001:0000cc10       ?internal_construct@queuing_mutex@tbb@@QAEXXZ 1000dc10 f   queuing_mutex.obj
 0001:0000cc30       ?acquire@scoped_lock@queuing_rw_mutex@tbb@@QAEXAAV23@_N@Z 1000dc30 f   queuing_rw_mutex.obj
 0001:0000cdd0       ?try_acquire@scoped_lock@queuing_rw_mutex@tbb@@QAE_NAAV23@_N@Z 1000ddd0 f   queuing_rw_mutex.obj
 0001:0000ce30       ?release@scoped_lock@queuing_rw_mutex@tbb@@QAEXXZ 1000de30 f   queuing_rw_mutex.obj
 0001:0000d180       ?downgrade_to_reader@scoped_lock@queuing_rw_mutex@tbb@@QAE_NXZ 1000e180 f   queuing_rw_mutex.obj
 0001:0000d220       ?upgrade_to_writer@scoped_lock@queuing_rw_mutex@tbb@@QAE_NXZ 1000e220 f   queuing_rw_mutex.obj
 0001:0000d580       ?internal_construct@queuing_rw_mutex@tbb@@QAEXXZ 1000e580 f   queuing_rw_mutex.obj
 0001:0000d5a0       ??1scoped_lock_read@reader_writer_lock@interface5@tbb@@QAE@XZ 1000e5a0 f i reader_writer_lock.obj
 0001:0000d600       ?fetch_and_or@interface5@tbb@@YAIAAU?$atomic@I@2@I@Z 1000e600 f i reader_writer_lock.obj
 0001:0000d670       ?internal_construct@reader_writer_lock@interface5@tbb@@AAEXXZ 1000e670 f   reader_writer_lock.obj
 0001:0000d6a0       ?lock@reader_writer_lock@interface5@tbb@@QAEXXZ 1000e6a0 f   reader_writer_lock.obj
 0001:0000d720       ?try_lock@reader_writer_lock@interface5@tbb@@QAE_NXZ 1000e720 f   reader_writer_lock.obj
 0001:0000d790       ?start_write@reader_writer_lock@interface5@tbb@@AAE_NPAVscoped_lock@123@@Z 1000e790 f   reader_writer_lock.obj
 0001:0000d900       ??_Gscoped_lock@reader_writer_lock@interface5@tbb@@QAEPAXI@Z 1000e900 f i reader_writer_lock.obj
 0001:0000d970       ?set_next_writer@reader_writer_lock@interface5@tbb@@AAEXPAVscoped_lock@123@@Z 1000e970 f   reader_writer_lock.obj
 0001:0000da40       ?lock_read@reader_writer_lock@interface5@tbb@@QAEXXZ 1000ea40 f   reader_writer_lock.obj
 0001:0000db00       ?try_lock_read@reader_writer_lock@interface5@tbb@@QAE_NXZ 1000eb00 f   reader_writer_lock.obj
 0001:0000db40       ?start_read@reader_writer_lock@interface5@tbb@@AAEXPAVscoped_lock_read@123@@Z 1000eb40 f   reader_writer_lock.obj
 0001:0000dbe0       ?unlock@reader_writer_lock@interface5@tbb@@QAEXXZ 1000ebe0 f   reader_writer_lock.obj
 0001:0000dc90       ?end_write@reader_writer_lock@interface5@tbb@@AAEXPAVscoped_lock@123@@Z 1000ec90 f   reader_writer_lock.obj
 0001:0000ddb0       ?internal_construct@scoped_lock@reader_writer_lock@interface5@tbb@@AAEXAAV234@@Z 1000edb0 f   reader_writer_lock.obj
 0001:0000de00       ?internal_construct@scoped_lock_read@reader_writer_lock@interface5@tbb@@AAEXAAV234@@Z 1000ee00 f   reader_writer_lock.obj
 0001:0000de50       ?internal_destroy@scoped_lock@reader_writer_lock@interface5@tbb@@AAEXXZ 1000ee50 f   reader_writer_lock.obj
 0001:0000de70       ?internal_destroy@scoped_lock_read@reader_writer_lock@interface5@tbb@@AAEXXZ 1000ee70 f   reader_writer_lock.obj
 0001:0000dea0       ??$spin_wait_while_eq@U?$atomic@W4status_t@reader_writer_lock@interface5@tbb@@@tbb@@W4status_t@reader_writer_lock@interface5@2@@internal@tbb@@YAXADU?$atomic@W4status_t@reader_writer_lock@interface5@tbb@@@1@W4status_t@reader_writer_lock@interface5@1@@Z 1000eea0 f i reader_writer_lock.obj
 0001:0000dee0       ?internal_acquire_writer@spin_rw_mutex_v3@tbb@@AAE_NXZ 1000eee0 f   spin_rw_mutex.obj
 0001:0000df80       ?internal_release_writer@spin_rw_mutex_v3@tbb@@AAEXXZ 1000ef80 f   spin_rw_mutex.obj
 0001:0000dfa0       ?internal_acquire_reader@spin_rw_mutex_v3@tbb@@AAEXXZ 1000efa0 f   spin_rw_mutex.obj
 0001:0000e010       ?internal_upgrade@spin_rw_mutex_v3@tbb@@AAE_NXZ 1000f010 f   spin_rw_mutex.obj
 0001:0000e0f0       ?internal_downgrade@spin_rw_mutex_v3@tbb@@AAEXXZ 1000f0f0 f   spin_rw_mutex.obj
 0001:0000e110       ?internal_release_reader@spin_rw_mutex_v3@tbb@@AAEXXZ 1000f110 f   spin_rw_mutex.obj
 0001:0000e130       ?internal_try_acquire_writer@spin_rw_mutex_v3@tbb@@AAE_NXZ 1000f130 f   spin_rw_mutex.obj
 0001:0000e190       ?internal_try_acquire_reader@spin_rw_mutex_v3@tbb@@AAE_NXZ 1000f190 f   spin_rw_mutex.obj
 0001:0000e1c0       ?internal_construct@spin_rw_mutex_v3@tbb@@AAEXXZ 1000f1c0 f   spin_rw_mutex.obj
 0001:0000e1e0       ?acquire@scoped_lock@spin_rw_mutex_v3@tbb@@QAEXAAV23@_N@Z 1000f1e0 f i x86_rtm_rw_mutex.obj
 0001:0000e270       ?internal_release@x86_rtm_rw_mutex@internal@interface8@tbb@@AAEXAAVscoped_lock@1234@@Z 1000f270 f   x86_rtm_rw_mutex.obj
 0001:0000e2e0       ?internal_acquire_writer@x86_rtm_rw_mutex@internal@interface8@tbb@@AAEXAAVscoped_lock@1234@_N@Z 1000f2e0 f   x86_rtm_rw_mutex.obj
 0001:0000e3a0       ?internal_acquire_reader@x86_rtm_rw_mutex@internal@interface8@tbb@@AAEXAAVscoped_lock@1234@_N@Z 1000f3a0 f   x86_rtm_rw_mutex.obj
 0001:0000e460       ?internal_upgrade@x86_rtm_rw_mutex@internal@interface8@tbb@@AAE_NAAVscoped_lock@1234@@Z 1000f460 f   x86_rtm_rw_mutex.obj
 0001:0000e5a0       ?internal_downgrade@x86_rtm_rw_mutex@internal@interface8@tbb@@AAE_NAAVscoped_lock@1234@@Z 1000f5a0 f   x86_rtm_rw_mutex.obj
 0001:0000e5f0       ?internal_try_acquire_writer@x86_rtm_rw_mutex@internal@interface8@tbb@@AAE_NAAVscoped_lock@1234@@Z 1000f5f0 f   x86_rtm_rw_mutex.obj
 0001:0000e6b0       ?internal_construct@x86_rtm_rw_mutex@internal@interface8@tbb@@AAEXXZ 1000f6b0 f   x86_rtm_rw_mutex.obj
 0001:0000e6d0       ?internal_acquire@scoped_lock@spin_mutex@tbb@@AAEXAAV23@@Z 1000f6d0 f   spin_mutex.obj
 0001:0000e750       ?internal_release@scoped_lock@spin_mutex@tbb@@AAEXXZ 1000f750 f   spin_mutex.obj
 0001:0000e770       ?internal_try_acquire@scoped_lock@spin_mutex@tbb@@AAE_NAAV23@@Z 1000f770 f   spin_mutex.obj
 0001:0000e7b0       ?internal_construct@spin_mutex@tbb@@QAEXXZ 1000f7b0 f   spin_mutex.obj
 0001:0000e7d0       ?internal_construct@critical_section_v4@internal@tbb@@QAEXXZ 1000f7d0 f   critical_section.obj
 0001:0000e7f0       ?internal_acquire@scoped_lock@mutex@tbb@@AAEXAAV23@@Z 1000f7f0 f   mutex.obj
 0001:0000e840       ?internal_release@scoped_lock@mutex@tbb@@AAEXXZ 1000f840 f   mutex.obj
 0001:0000e870       ?internal_try_acquire@scoped_lock@mutex@tbb@@AAE_NAAV23@@Z 1000f870 f   mutex.obj
 0001:0000e8a0       ?internal_construct@mutex@tbb@@AAEXXZ 1000f8a0 f   mutex.obj
 0001:0000e8e0       ?internal_destroy@recursive_mutex@tbb@@AAEXXZ 1000f8e0 f   recursive_mutex.obj
 0001:0000e8e0       ?internal_destroy@mutex@tbb@@AAEXXZ 1000f8e0 f   mutex.obj
 0001:0000e900       ?internal_acquire@scoped_lock@recursive_mutex@tbb@@AAEXAAV23@@Z 1000f900 f   recursive_mutex.obj
 0001:0000e930       ?internal_release@scoped_lock@recursive_mutex@tbb@@AAEXXZ 1000f930 f   recursive_mutex.obj
 0001:0000e950       ?internal_try_acquire@scoped_lock@recursive_mutex@tbb@@AAE_NAAV23@@Z 1000f950 f   recursive_mutex.obj
 0001:0000e980       ?internal_construct@recursive_mutex@tbb@@AAEXXZ 1000f980 f   recursive_mutex.obj
 0001:0000e9c0       ?init_condvar_using_event@internal@tbb@@YGXPAUcondition_variable_using_event@1interface5@2@@Z 1000f9c0 f   condition_variable.obj
 0001:0000ea00       ?sleep_condition_variable_cs_using_event@internal@tbb@@YGHPAUcondition_variable_using_event@1interface5@2@PAU_RTL_CRITICAL_SECTION@@K@Z 1000fa00 f   condition_variable.obj
 0001:0000ead0       ?wake_condition_variable_using_event@internal@tbb@@YGXPAUcondition_variable_using_event@1interface5@2@@Z 1000fad0 f   condition_variable.obj
 0001:0000eb10       ?wake_all_condition_variable_using_event@internal@tbb@@YGXPAUcondition_variable_using_event@1interface5@2@@Z 1000fb10 f   condition_variable.obj
 0001:0000eb50       ?destroy_condvar_using_event@internal@tbb@@YGXPAUcondition_variable_using_event@1interface5@2@@Z 1000fb50 f   condition_variable.obj
 0001:0000ebd0       ?init_condvar_module@internal@tbb@@YAXXZ 1000fbd0 f   condition_variable.obj
 0001:0000ec00       ?internal_initialize_condition_variable@internal@interface5@tbb@@YAXAATcondvar_impl_t@123@@Z 1000fc00 f   condition_variable.obj
 0001:0000ec30       ?internal_destroy_condition_variable@internal@interface5@tbb@@YAXAATcondvar_impl_t@123@@Z 1000fc30 f   condition_variable.obj
 0001:0000ec40       ?internal_condition_variable_notify_one@internal@interface5@tbb@@YAXAATcondvar_impl_t@123@@Z 1000fc40 f   condition_variable.obj
 0001:0000ec50       ?internal_condition_variable_notify_all@internal@interface5@tbb@@YAXAATcondvar_impl_t@123@@Z 1000fc50 f   condition_variable.obj
 0001:0000ec60       ?internal_condition_variable_wait@internal@interface5@tbb@@YA_NAATcondvar_impl_t@123@PAVmutex@3@PBVinterval_t@tick_count@3@@Z 1000fc60 f   condition_variable.obj
 0001:0000ece0       ?join@tbb_thread_v3@internal@tbb@@QAEXXZ 1000fce0 f   tbb_thread.obj
 0001:0000ed60       ?detach@tbb_thread_v3@internal@tbb@@QAEXXZ 1000fd60 f   tbb_thread.obj
 0001:0000eda0       ?internal_start@tbb_thread_v3@internal@tbb@@AAEXP6GIPAX@Z0@Z 1000fda0 f   tbb_thread.obj
 0001:0000edf0       ?hardware_concurrency@tbb_thread_v3@internal@tbb@@SAIXZ 1000fdf0 f   tbb_thread.obj
 0001:0000ee60       ?thread_get_id_v3@internal@tbb@@YA?AVid@tbb_thread_v3@12@XZ 1000fe60 f   tbb_thread.obj
 0001:0000ee80       ?move_v3@internal@tbb@@YAXAAVtbb_thread_v3@12@0@Z 1000fe80 f   tbb_thread.obj
 0001:0000eed0       ?thread_yield_v3@internal@tbb@@YAXXZ 1000fed0 f   tbb_thread.obj
 0001:0000eed0       ?yield@private_server@rml@internal@tbb@@UAEXXZ 1000fed0 f   private_server.obj
 0001:0000eee0       ?thread_sleep_v3@internal@tbb@@YAXABVinterval_t@tick_count@2@@Z 1000fee0 f   tbb_thread.obj
 0001:0000eff0       ?init@thread_context@concurrent_monitor@internal@tbb@@AAEXXZ 1000fff0 f   concurrent_monitor.obj
 0001:0000f010       ??1concurrent_monitor@internal@tbb@@QAE@XZ 10010010 f   concurrent_monitor.obj
 0001:0000f0d0       ?prepare_wait@concurrent_monitor@internal@tbb@@QAEXAAVthread_context@123@I@Z 100100d0 f   concurrent_monitor.obj
 0001:0000f150       ?cancel_wait@concurrent_monitor@internal@tbb@@QAEXAAVthread_context@123@@Z 10010150 f   concurrent_monitor.obj
 0001:0000f1b0       ___local_stdio_printf_options 100101b0 f i private_server.obj
 0001:0000f1c0       __vfprintf_l               100101c0 f i private_server.obj
 0001:0000f1f0       _fprintf                   100101f0 f i private_server.obj
 0001:0000f210       ?launch@thread_monitor@internal@rml@@SAPAXP6GIPAX@Z0IPBI@Z 10010210 f i private_server.obj
 0001:0000f370       __is_c_termination_complete 10010370 f i MSVCRT:ucrt_stubs.obj
 0001:0000f370       ?version@market@internal@tbb@@EBEIXZ 10010370 f i market.obj
 0001:0000f370       ?execute@empty_task@tbb@@EAEPAVtask@2@XZ 10010370 f i arena.obj
 0001:0000f370       ?version@private_server@rml@internal@tbb@@UBEIXZ 10010370 f i private_server.obj
 0001:0000f370       ___scrt_stub_for_is_c_termination_complete 10010370 f i MSVCRT:ucrt_stubs.obj
 0001:0000f380       ?request_close_connection@private_server@rml@internal@tbb@@UAEX_N@Z 10010380 f i private_server.obj
 0001:0000f490       ?default_concurrency@private_server@rml@internal@tbb@@UBEIXZ 10010490 f i private_server.obj
 0001:0000f4d0       ?thread_routine@private_worker@rml@internal@tbb@@CGIPAX@Z 100104d0 f   private_server.obj
 0001:0000f520       ?run@private_worker@rml@internal@tbb@@AAEXXZ 10010520 f   private_server.obj
 0001:0000f6b0       ??0private_server@rml@internal@tbb@@QAE@AAVtbb_client@123@@Z 100106b0 f   private_server.obj
 0001:0000f830       ??_Eprivate_server@rml@internal@tbb@@EAEPAXI@Z 10010830 f i * CIL library *:* CIL module *
 0001:0000f830       ??_Gprivate_server@rml@internal@tbb@@EAEPAXI@Z 10010830 f i private_server.obj
 0001:0000f8c0       ?wake_some@private_server@rml@internal@tbb@@AAEXH@Z 100108c0 f   private_server.obj
 0001:0000fa00       ?adjust_job_count_estimate@private_server@rml@internal@tbb@@UAEXH@Z 10010a00 f   private_server.obj
 0001:0000fa20       ??0exception@std@@QAE@ABV01@@Z 10010a20 f i tbb_misc.obj
 0001:0000fa50       ?what@exception@std@@UBEPBDXZ 10010a50 f i tbb_misc.obj
 0001:0000fa60       ??_Gmissing_wait@tbb@@UAEPAXI@Z 10010a60 f i tbb_misc.obj
 0001:0000fa60       ??_Emissing_wait@tbb@@UAEPAXI@Z 10010a60 f i * CIL library *:* CIL module *
 0001:0000fa60       ??_Gimproper_lock@tbb@@UAEPAXI@Z 10010a60 f i tbb_misc.obj
 0001:0000fa60       ??_Ebad_last_alloc@tbb@@UAEPAXI@Z 10010a60 f i * CIL library *:* CIL module *
 0001:0000fa60       ??_Eout_of_range@std@@UAEPAXI@Z 10010a60 f i * CIL library *:* CIL module *
 0001:0000fa60       ??_Guser_abort@tbb@@UAEPAXI@Z 10010a60 f i tbb_misc.obj
 0001:0000fa60       ??_Eruntime_error@std@@UAEPAXI@Z 10010a60 f i * CIL library *:* CIL module *
 0001:0000fa60       ??_Gbad_last_alloc@tbb@@UAEPAXI@Z 10010a60 f i tbb_misc.obj
 0001:0000fa60       ??_Elogic_error@std@@UAEPAXI@Z 10010a60 f i * CIL library *:* CIL module *
 0001:0000fa60       ??_Elength_error@std@@UAEPAXI@Z 10010a60 f i * CIL library *:* CIL module *
 0001:0000fa60       ??_Euser_abort@tbb@@UAEPAXI@Z 10010a60 f i * CIL library *:* CIL module *
 0001:0000fa60       ??_Gout_of_range@std@@UAEPAXI@Z 10010a60 f i tbb_misc.obj
 0001:0000fa60       ??_Ebad_alloc@std@@UAEPAXI@Z 10010a60 f i * CIL library *:* CIL module *
 0001:0000fa60       ??_Grange_error@std@@UAEPAXI@Z 10010a60 f i tbb_misc.obj
 0001:0000fa60       ??_Erange_error@std@@UAEPAXI@Z 10010a60 f i * CIL library *:* CIL module *
 0001:0000fa60       ??_Ginvalid_argument@std@@UAEPAXI@Z 10010a60 f i tbb_misc.obj
 0001:0000fa60       ??_Ginvalid_multiple_scheduling@tbb@@UAEPAXI@Z 10010a60 f i tbb_misc.obj
 0001:0000fa60       ??_Gruntime_error@std@@UAEPAXI@Z 10010a60 f i tbb_misc.obj
 0001:0000fa60       ??_Gexception@std@@UAEPAXI@Z 10010a60 f i tbb_misc.obj
 0001:0000fa60       ??_Eimproper_lock@tbb@@UAEPAXI@Z 10010a60 f i * CIL library *:* CIL module *
 0001:0000fa60       ??_Einvalid_multiple_scheduling@tbb@@UAEPAXI@Z 10010a60 f i * CIL library *:* CIL module *
 0001:0000fa60       ??_Gbad_alloc@std@@UAEPAXI@Z 10010a60 f i tbb_misc.obj
 0001:0000fa60       ??_Eexception@std@@UAEPAXI@Z 10010a60 f i * CIL library *:* CIL module *
 0001:0000fa60       ??_Glength_error@std@@UAEPAXI@Z 10010a60 f i tbb_misc.obj
 0001:0000fa60       ??_Einvalid_argument@std@@UAEPAXI@Z 10010a60 f i * CIL library *:* CIL module *
 0001:0000fa60       ??_Glogic_error@std@@UAEPAXI@Z 10010a60 f i tbb_misc.obj
 0001:0000faa0       ??0bad_alloc@std@@QAE@XZ   10010aa0 f i tbb_misc.obj
 0001:0000fac0       ??1improper_lock@tbb@@UAE@XZ 10010ac0 f i tbb_misc.obj
 0001:0000fac0       ??1range_error@std@@UAE@XZ 10010ac0 f i tbb_misc.obj
 0001:0000fac0       ??1bad_last_alloc@tbb@@UAE@XZ 10010ac0 f i tbb_misc.obj
 0001:0000fac0       ??1user_abort@tbb@@UAE@XZ  10010ac0 f i tbb_misc.obj
 0001:0000fac0       ??1runtime_error@std@@UAE@XZ 10010ac0 f i tbb_misc.obj
 0001:0000fac0       ??1length_error@std@@UAE@XZ 10010ac0 f i tbb_misc.obj
 0001:0000fac0       ??1invalid_multiple_scheduling@tbb@@UAE@XZ 10010ac0 f i tbb_misc.obj
 0001:0000fac0       ??1missing_wait@tbb@@UAE@XZ 10010ac0 f i tbb_misc.obj
 0001:0000fac0       ??1bad_alloc@std@@UAE@XZ   10010ac0 f i tbb_misc.obj
 0001:0000fac0       ??1invalid_argument@std@@UAE@XZ 10010ac0 f i tbb_misc.obj
 0001:0000fac0       ??1out_of_range@std@@UAE@XZ 10010ac0 f i tbb_misc.obj
 0001:0000fae0       _vsnprintf                 10010ae0 f i tbb_misc.obj
 0001:0000fb20       __snprintf                 10010b20 f i tbb_misc.obj
 0001:0000fb60       ?set_assertion_handler@tbb@@YAP6AXPBDH00@ZP6AX0H00@Z@Z 10010b60 f   tbb_misc.obj
 0001:0000fb80       ?assertion_failure@tbb@@YAXPBDH00@Z 10010b80 f   tbb_misc.obj
 0001:0000fc10       ?runtime_warning@internal@tbb@@YAXPBDZZ 10010c10 f   tbb_misc.obj
 0001:0000fc80       ??0invalid_argument@std@@QAE@PBD@Z 10010c80 f i tbb_misc.obj
 0001:0000fcc0       ??0length_error@std@@QAE@PBD@Z 10010cc0 f i tbb_misc.obj
 0001:0000fd00       ??0out_of_range@std@@QAE@PBD@Z 10010d00 f i tbb_misc.obj
 0001:0000fd40       ??0runtime_error@std@@QAE@PBD@Z 10010d40 f i tbb_misc.obj
 0001:0000fd80       ??0range_error@std@@QAE@PBD@Z 10010d80 f i tbb_misc.obj
 0001:0000fdc0       ??0runtime_error@std@@QAE@ABV01@@Z 10010dc0 f i tbb_misc.obj
 0001:0000fe00       ?what@bad_last_alloc@tbb@@UBEPBDXZ 10010e00 f   tbb_misc.obj
 0001:0000fe10       ?what@improper_lock@tbb@@UBEPBDXZ 10010e10 f   tbb_misc.obj
 0001:0000fe20       ?what@user_abort@tbb@@UBEPBDXZ 10010e20 f   tbb_misc.obj
 0001:0000fe30       ?what@invalid_multiple_scheduling@tbb@@UBEPBDXZ 10010e30 f   tbb_misc.obj
 0001:0000fe40       ?what@missing_wait@tbb@@UBEPBDXZ 10010e40 f   tbb_misc.obj
 0001:0000fe50       ?handle_perror@internal@tbb@@YAXHPBD@Z 10010e50 f   tbb_misc.obj
 0001:0000fec0       ?handle_win_error@internal@tbb@@YAXH@Z 10010ec0 f   tbb_misc.obj
 0001:0000ff20       ?throw_bad_last_alloc_exception_v4@internal@tbb@@YAXXZ 10010f20 f   tbb_misc.obj
 0001:0000ff50       ?throw_exception_v4@internal@tbb@@YAXW4exception_id@12@@Z 10010f50 f   tbb_misc.obj
 0001:00010190       ??0bad_last_alloc@tbb@@QAE@XZ 10011190 f i tbb_misc.obj
 0001:000101b0       ??0missing_wait@tbb@@QAE@XZ 100111b0 f i tbb_misc.obj
 0001:000101d0       ??0invalid_multiple_scheduling@tbb@@QAE@XZ 100111d0 f i tbb_misc.obj
 0001:000101f0       ??0improper_lock@tbb@@QAE@XZ 100111f0 f i tbb_misc.obj
 0001:00010210       ??0user_abort@tbb@@QAE@XZ  10011210 f i tbb_misc.obj
 0001:00010230       ??0bad_alloc@std@@QAE@ABV01@@Z 10011230 f i tbb_misc.obj
 0001:00010270       ??0bad_last_alloc@tbb@@QAE@ABV01@@Z 10011270 f i tbb_misc.obj
 0001:000102b0       ??0invalid_argument@std@@QAE@ABV01@@Z 100112b0 f i tbb_misc.obj
 0001:000102f0       ??0logic_error@std@@QAE@ABV01@@Z 100112f0 f i tbb_misc.obj
 0001:00010330       ??0out_of_range@std@@QAE@ABV01@@Z 10011330 f i tbb_misc.obj
 0001:00010370       ??0range_error@std@@QAE@ABV01@@Z 10011370 f i tbb_misc.obj
 0001:000103b0       ??0missing_wait@tbb@@QAE@ABV01@@Z 100113b0 f i tbb_misc.obj
 0001:000103f0       ??0invalid_multiple_scheduling@tbb@@QAE@ABV01@@Z 100113f0 f i tbb_misc.obj
 0001:00010430       ??0improper_lock@tbb@@QAE@ABV01@@Z 10011430 f i tbb_misc.obj
 0001:00010470       ??0length_error@std@@QAE@ABV01@@Z 10011470 f i tbb_misc.obj
 0001:000104b0       ??0user_abort@tbb@@QAE@ABV01@@Z 100114b0 f i tbb_misc.obj
 0001:000104f0       ?PrintExtraVersionInfo@internal@tbb@@YAXPBD0ZZ 100114f0 f   tbb_misc.obj
 0001:00010570       ?PrintRMLVersionInfo@internal@tbb@@YAXPAXPBD@Z 10011570 f   tbb_misc.obj
 0001:00010590       _TBB_runtime_interface_version 10011590 f   tbb_misc.obj
 0001:000105a0       ___TBB_machine_store8_slow 100115a0 f   tbb_misc.obj
 0001:000107c0       ?allocate@allocate_root_proxy@internal@tbb@@SAAAVtask@3@I@Z 100117c0 f   task.obj
 0001:000108a0       ?free@allocate_root_proxy@internal@tbb@@SAXAAVtask@3@@Z 100118a0 f   task.obj
 0001:00010980       ?allocate@allocate_root_with_context_proxy@internal@tbb@@QBEAAVtask@3@I@Z 10011980 f   task.obj
 0001:00010ae0       ?free@allocate_child_proxy@internal@tbb@@QBEXAAVtask@3@@Z 10011ae0 f   task.obj
 0001:00010ae0       ?free@allocate_root_with_context_proxy@internal@tbb@@QBEXAAVtask@3@@Z 10011ae0 f   task.obj
 0001:00010bd0       ?allocate@allocate_continuation_proxy@internal@tbb@@QBEAAVtask@3@I@Z 10011bd0 f   task.obj
 0001:00010cc0       ?free@allocate_continuation_proxy@internal@tbb@@QBEXAAVtask@3@@Z 10011cc0 f   task.obj
 0001:00010dc0       ?allocate@allocate_child_proxy@internal@tbb@@QBEAAVtask@3@I@Z 10011dc0 f   task.obj
 0001:00010ea0       ?allocate@allocate_additional_child_of_proxy@internal@tbb@@QBEAAVtask@3@I@Z 10011ea0 f   task.obj
 0001:00010f90       ?free@allocate_additional_child_of_proxy@internal@tbb@@QBEXAAVtask@3@@Z 10011f90 f   task.obj
 0001:000110b0       ?get_initial_auto_partitioner_divisor@internal@tbb@@YAIXZ 100120b0 f   task.obj
 0001:000110f0       ?resize@affinity_partitioner_base_v3@internal@tbb@@AAEXI@Z 100120f0 f   task.obj
 0001:00011190       ?internal_set_ref_count@task@tbb@@AAEXH@Z 10012190 f   task.obj
 0001:000111c0       ?internal_decrement_ref_count@task@tbb@@AAEHXZ 100121c0 f   task.obj
 0001:00011200       ?self@task@tbb@@SAAAV12@XZ 10012200 f   task.obj
 0001:000112d0       ___vcrt_initialize         100122d0 f   MSVCRT:ucrt_stubs.obj
 0001:000112d0       ___vcrt_uninitialize       100122d0 f   MSVCRT:ucrt_stubs.obj
 0001:000112d0       ___scrt_stub_for_acrt_thread_attach 100122d0 f   MSVCRT:ucrt_stubs.obj
 0001:000112d0       ?is_owned_by_current_thread@task@tbb@@QBE_NXZ 100122d0 f   task.obj
 0001:000112d0       ___acrt_thread_attach      100122d0 f   MSVCRT:ucrt_stubs.obj
 0001:000112d0       ___scrt_stub_for_acrt_uninitialize 100122d0 f   MSVCRT:ucrt_stubs.obj
 0001:000112d0       ___scrt_stub_for_acrt_thread_detach 100122d0 f   MSVCRT:ucrt_stubs.obj
 0001:000112d0       ___acrt_thread_detach      100122d0 f   MSVCRT:ucrt_stubs.obj
 0001:000112d0       ___vcrt_uninitialize_critical 100122d0 f   MSVCRT:ucrt_stubs.obj
 0001:000112d0       ___vcrt_thread_attach      100122d0 f   MSVCRT:ucrt_stubs.obj
 0001:000112d0       ___scrt_stub_for_acrt_initialize 100122d0 f   MSVCRT:ucrt_stubs.obj
 0001:000112d0       ___vcrt_thread_detach      100122d0 f   MSVCRT:ucrt_stubs.obj
 0001:000112d0       ___acrt_initialize         100122d0 f   MSVCRT:ucrt_stubs.obj
 0001:000112d0       ___scrt_stub_for_acrt_uninitialize_critical 100122d0 f   MSVCRT:ucrt_stubs.obj
 0001:000112d0       ___acrt_uninitialize_critical 100122d0 f   MSVCRT:ucrt_stubs.obj
 0001:000112d0       ___acrt_uninitialize       100122d0 f   MSVCRT:ucrt_stubs.obj
 0001:000112e0       ?destroy@task_base@internal@interface5@tbb@@SAXAAVtask@4@@Z 100122e0 f   task.obj
 0001:00011420       ?spawn_and_wait_for_all@task@tbb@@QAEXAAVtask_list@2@@Z 10012420 f   task.obj
 0001:00011490       ?change_group@task@tbb@@QAEXAAVtask_group_context@2@@Z 10012490 f   task.obj
 0001:000115d0       ??1exception_ptr@std@@QAE@XZ 100125d0 f i task_group_context.obj
 0001:00011610       ??0exception_ptr@std@@QAE@ABV01@@Z 10012610 f i task_group_context.obj
 0001:00011660       ?get_env@cpu_ctl_env@internal@tbb@@QAEXXZ 10012660 f i task_group_context.obj
 0001:00011680       ??0captured_exception@tbb@@QAE@ABV01@@Z 10012680 f i task_group_context.obj
 0001:000116d0       ?throw_self@captured_exception@tbb@@UAEXXZ 100126d0 f i task_group_context.obj
 0001:000116f0       ??_Ecaptured_exception@tbb@@UAEPAXI@Z 100126f0 f i * CIL library *:* CIL module *
 0001:000116f0       ??_Gcaptured_exception@tbb@@UAEPAXI@Z 100126f0 f i task_group_context.obj
 0001:000117a0       ??0tbb_exception@tbb@@QAE@ABV01@@Z 100127a0 f i task_group_context.obj
 0001:000117e0       ??_Gtbb_exception@tbb@@UAEPAXI@Z 100127e0 f i task_group_context.obj
 0001:000117e0       ??_Etbb_exception@tbb@@UAEPAXI@Z 100127e0 f i * CIL library *:* CIL module *
 0001:00011870       ??1captured_exception@tbb@@UAE@XZ 10012870 f   task_group_context.obj
 0001:000118b0       ?set@captured_exception@tbb@@QAEXPBD0@Z 100128b0 f   task_group_context.obj
 0001:00011960       ?clear@captured_exception@tbb@@QAEXXZ 10012960 f   task_group_context.obj
 0001:00011990       ?move@captured_exception@tbb@@UAEPAV12@XZ 10012990 f   task_group_context.obj
 0001:000119f0       ?destroy@captured_exception@tbb@@UAEXXZ 100129f0 f   task_group_context.obj
 0001:00011a40       ?allocate@captured_exception@tbb@@SAPAV12@PBD0@Z 10012a40 f   task_group_context.obj
 0001:00011a90       ?name@captured_exception@tbb@@UBEPBDXZ 10012a90 f   task_group_context.obj
 0001:00011aa0       ?what@captured_exception@tbb@@UBEPBDXZ 10012aa0 f   task_group_context.obj
 0001:00011ab0       ?allocate@tbb_exception_ptr@internal@tbb@@SAPAV123@XZ 10012ab0 f   task_group_context.obj
 0001:00011ab0       ?allocate@tbb_exception_ptr@internal@tbb@@SAPAV123@ABVtbb_exception@3@@Z 10012ab0 f   task_group_context.obj
 0001:00011b60       ?allocate@tbb_exception_ptr@internal@tbb@@SAPAV123@AAVcaptured_exception@3@@Z 10012b60 f   task_group_context.obj
 0001:00011c90       ??1task_group_context@tbb@@QAE@XZ 10012c90 f   task_group_context.obj
 0001:00011ef0       ?init@task_group_context@tbb@@IAEXXZ 10012ef0 f   task_group_context.obj
 0001:00011f50       ?register_with@task_group_context@tbb@@QAEXPAVgeneric_scheduler@internal@2@@Z 10012f50 f   task_group_context.obj
 0001:00012010       ?bind_to@task_group_context@tbb@@QAEXPAVgeneric_scheduler@internal@2@@Z 10013010 f   task_group_context.obj
 0001:00012100       ?cancel_group_execution@task_group_context@tbb@@QAE_NXZ 10013100 f   task_group_context.obj
 0001:00012200       ?is_group_execution_cancelled@task_group_context@tbb@@QBE_NXZ 10013200 f   task_group_context.obj
 0001:00012210       ?reset@task_group_context@tbb@@QAEXXZ 10013210 f   task_group_context.obj
 0001:00012290       ?capture_fp_settings@task_group_context@tbb@@QAEXXZ 10013290 f   task_group_context.obj
 0001:000122b0       ?register_pending_exception@task_group_context@tbb@@QAEXXZ 100132b0 f   task_group_context.obj
 0001:000123f0       ?set_priority@task_group_context@tbb@@QAEXW4priority_t@2@@Z 100133f0 f   task_group_context.obj
 0001:00012550       ?priority@task_group_context@tbb@@QBE?AW4priority_t@2@XZ 10013550 f   task_group_context.obj
 0001:00012560       ??$propagate_task_group_state@I@market@internal@tbb@@QAE_NPQtask_group_context@2@IAAV32@I@Z 10013560 f i task_group_context.obj
 0001:00012620       ??$propagate_task_group_state@I@generic_scheduler@internal@tbb@@QAEXPQtask_group_context@2@IAAV32@I@Z 10013620 f i task_group_context.obj
 0001:000126c0       ??$propagate_task_group_state@H@generic_scheduler@internal@tbb@@QAEXPQtask_group_context@2@HAAV32@H@Z 100136c0 f i task_group_context.obj
 0001:00012760       ?initialize_cilk_interop@internal@tbb@@YA_NXZ 10013760 f   governor.obj
 0001:00012780       ?sign_on@governor@internal@tbb@@SAXPAVgeneric_scheduler@23@@Z 10013780 f   governor.obj
 0001:000127e0       ?init_scheduler@governor@internal@tbb@@SAPAVgeneric_scheduler@23@HI_N@Z 100137e0 f   governor.obj
 0001:000129f0       ?auto_terminate@governor@internal@tbb@@CAXPAX@Z 100139f0 f   governor.obj
 0001:00012a70       ?stack_op_handler@governor@internal@tbb@@SAHW4__cilk_tbb_stack_op@@PAX@Z 10013a70 f   governor.obj
 0001:00012af0       ?initialize@task_scheduler_init@tbb@@QAEXH@Z 10013af0 f   governor.obj
 0001:00012b90       ?initialize@task_scheduler_init@tbb@@QAEXHI@Z 10013b90 f   governor.obj
 0001:00012ca0       ?internal_terminate@task_scheduler_init@tbb@@AAE_N_N@Z 10013ca0 f   governor.obj
 0001:00012d90       ?terminate@task_scheduler_init@tbb@@QAEXXZ 10013d90 f   governor.obj
 0001:00012da0       ?internal_blocking_terminate@task_scheduler_init@tbb@@AAE_N_N@Z 10013da0 f   governor.obj
 0001:00012dd0       ?default_num_threads@task_scheduler_init@tbb@@SAHXZ 10013dd0 f   governor.obj
 0001:00012e10       ??1scoped_lock@spin_rw_mutex_v3@tbb@@QAE@XZ 10013e10 f i market.obj
 0001:00012e30       ?max_job_count@market@internal@tbb@@EBEIXZ 10013e30 f i market.obj
 0001:00012e40       ?min_stack_size@market@internal@tbb@@EBEIXZ 10013e40 f i market.obj
 0001:00012e50       ?policy@market@internal@tbb@@EBE?AW4policy_type@client@rml@@XZ 10013e50 f i market.obj
 0001:00012e60       ?recall_by_mandatory_request@arena@internal@tbb@@QBE_NXZ 10013e60 f i market.obj
 0001:00012f00       ?global_market@market@internal@tbb@@CAAAV123@_NII@Z 10013f00 f   market.obj
 0001:00013300       ?release@market@internal@tbb@@QAE_N_N0@Z 10014300 f   market.obj
 0001:00013430       ?set_active_num_workers@market@internal@tbb@@SAXI@Z 10014430 f   market.obj
 0001:00013640       ?create_arena@market@internal@tbb@@SAPAVarena@23@HHI@Z 10014640 f   market.obj
 0001:00013760       ?try_destroy_arena@market@internal@tbb@@QAEXPAVarena@23@I@Z 10014760 f   market.obj
 0001:00013870       ?update_global_top_priority@market@internal@tbb@@AAEXH@Z 10014870 f i market.obj
 0001:000138a0       ?update_allotment@market@internal@tbb@@AAEXH@Z 100148a0 f   market.obj
 0001:000139e0       ?mandatory_concurrency_enable@market@internal@tbb@@QAE_NPAVarena@23@@Z 100149e0 f   market.obj
 0001:00013aa0       ?mandatory_concurrency_disable@market@internal@tbb@@QAEXPAVarena@23@@Z 10014aa0 f   market.obj
 0001:00013c20       ?adjust_demand@market@internal@tbb@@QAEXAAVarena@23@H@Z 10014c20 f   market.obj
 0001:00013ed0       ?process@market@internal@tbb@@EAEXAAVjob@rml@@@Z 10014ed0 f   market.obj
 0001:00013ff0       ?cleanup@market@internal@tbb@@EAEXAAVjob@rml@@@Z 10014ff0 f   market.obj
 0001:000140d0       ?acknowledge_close_connection@market@internal@tbb@@EAEXXZ 100150d0 f   market.obj
 0001:000140e0       ?create_one_job@market@internal@tbb@@EAEPAVjob@rml@@XZ 100150e0 f   market.obj
 0001:000141b0       ?update_arena_top_priority@market@internal@tbb@@AAEXAAVarena@23@H@Z 100151b0 f   market.obj
 0001:000142a0       ?lower_arena_priority@market@internal@tbb@@QAE_NAAVarena@23@HI@Z 100152a0 f   market.obj
 0001:00014390       ?update_arena_priority@market@internal@tbb@@QAE_NAAVarena@23@H@Z 10015390 f   market.obj
 0001:000144c0       ?_RethrowException@exception_ptr@std@@QBEXXZ 100154c0 f i arena.obj
 0001:000144d0       ?rethrow_exception@std@@YAXVexception_ptr@1@@Z 100154d0 f i arena.obj
 0001:00014510       ?set_env@cpu_ctl_env@internal@tbb@@QBEXXZ 10015510 f i arena.obj
 0001:00014530       ?throw_self@tbb_exception_ptr@internal@tbb@@QAEXXZ 10015530 f i arena.obj
 0001:00014550       ?occupy_free_slot_in_range@arena@internal@tbb@@QAEIAAVgeneric_scheduler@23@II@Z 10015550 f   arena.obj
 0001:00014630       ?process@arena@internal@tbb@@QAEXAAVgeneric_scheduler@23@@Z 10015630 f   arena.obj
 0001:000149b0       ??0arena@internal@tbb@@QAE@AAVmarket@12@II@Z 100159b0 f   arena.obj
 0001:00014c40       ??1?$padded@Uarena_base@internal@tbb@@$0IA@@internal@tbb@@QAE@XZ 10015c40 f i arena.obj
 0001:00014c60       ?free_arena@arena@internal@tbb@@QAEXXZ 10015c60 f   arena.obj
 0001:00014e40       ?may_have_tasks@arena@internal@tbb@@QAE_NPAVgeneric_scheduler@23@AA_N1@Z 10015e40 f i arena.obj
 0001:00014eb0       ?orphan_offloaded_tasks@arena@internal@tbb@@QAEXAAVgeneric_scheduler@23@@Z 10015eb0 f   arena.obj
 0001:00014f00       ?restore_priority_if_need@arena@internal@tbb@@AAEXXZ 10015f00 f   arena.obj
 0001:00014f70       ?is_out_of_work@arena@internal@tbb@@QAE_NXZ 10015f70 f   arena.obj
 0001:00015200       ?enqueue_task@arena@internal@tbb@@QAEXAAVtask@3@HAAVFastRandom@23@@Z 10016200 f   arena.obj
 0001:000152a0       ??0nested_arena_context@internal@tbb@@QAE@PAVgeneric_scheduler@12@PAVarena@12@I_N2@Z 100162a0 f i arena.obj
 0001:00015380       ??1nested_arena_context@internal@tbb@@QAE@XZ 10016380 f i arena.obj
 0001:00015510       ?nested_arena_entry@generic_scheduler@internal@tbb@@QAEXPAVarena@23@I@Z 10016510 f   arena.obj
 0001:00015760       ??0auto_empty_task@internal@tbb@@QAE@PAVgeneric_scheduler@12@PAVtask_group_context@2@@Z 10016760 f i arena.obj
 0001:00015800       ??1auto_empty_task@internal@tbb@@QAE@XZ 10016800 f i arena.obj
 0001:00015850       ?internal_initialize@task_arena_base@internal@interface7@tbb@@IAEXXZ 10016850 f   arena.obj
 0001:00015b90       ?internal_terminate@task_arena_base@internal@interface7@tbb@@IAEXXZ 10016b90 f   arena.obj
 0001:00015c10       ?internal_attach@task_arena_base@internal@interface7@tbb@@IAEXXZ 10016c10 f   arena.obj
 0001:00015c80       ?internal_enqueue@task_arena_base@internal@interface7@tbb@@IBEXAAVtask@4@H@Z 10016c80 f   arena.obj
 0001:00015cb0       ?execute@delegated_task@internal@interface7@tbb@@EAEPAVtask@4@XZ 10016cb0 f i arena.obj
 0001:00015d60       ??_Gdelegated_task@internal@interface7@tbb@@EAEPAXI@Z 10016d60 f i arena.obj
 0001:00015d60       ??_Edelegated_task@internal@interface7@tbb@@EAEPAXI@Z 10016d60 f i * CIL library *:* CIL module *
 0001:00015e50       ?internal_execute@task_arena_base@internal@interface7@tbb@@IBEXAAVdelegate_base@234@@Z 10016e50 f   arena.obj
 0001:00016470       ?execute@wait_task@internal@interface7@tbb@@EAEPAVtask@4@XZ 10017470 f i arena.obj
 0001:000164d0       ??_Ewait_task@internal@interface7@tbb@@UAEPAXI@Z 100174d0 f i * CIL library *:* CIL module *
 0001:000164d0       ??_E?$function_task@Vspawn_functor@graph@interface10@flow@tbb@@@internal@tbb@@UAEPAXI@Z 100174d0 f i * CIL library *:* CIL module *
 0001:000164d0       ??_Gwait_task@internal@interface7@tbb@@UAEPAXI@Z 100174d0 f i arena.obj
 0001:000164d0       ??_G?$function_task@Vspawn_functor@graph@interface10@flow@tbb@@@internal@tbb@@UAEPAXI@Z 100174d0 f i arena.obj
 0001:00016500       ?internal_wait@task_arena_base@internal@interface7@tbb@@IBEXXZ 10017500 f   arena.obj
 0001:000167e0       ?internal_current_slot@task_arena_base@internal@interface7@tbb@@KAHXZ 100177e0 f   arena.obj
 0001:00016800       ??1isolation_guard@internal@interface7@tbb@@QAE@XZ 10017800 f i arena.obj
 0001:00016810       ?isolate_within_arena@internal@interface7@tbb@@YAXAAVdelegate_base@123@H@Z 10017810 f   arena.obj
 0001:00016920       ?internal_max_concurrency@task_arena_base@internal@interface7@tbb@@KAHPBVtask_arena@34@@Z 10017920 f   arena.obj
 0001:00016990       ?restore_default@?$context_guard_helper@$0A@@internal@tbb@@QAEXXZ 10017990 f i arena.obj
 0001:000169c0       ?set_ctx@?$context_guard_helper@$00@internal@tbb@@QAEXPBVtask_group_context@3@@Z 100179c0 f i scheduler.obj
 0001:000169c0       ?set_ctx@?$context_guard_helper@$0A@@internal@tbb@@QAEXPBVtask_group_context@3@@Z 100179c0 f i arena.obj
 0001:000169f0       ??1?$context_guard_helper@$00@internal@tbb@@QAE@XZ 100179f0 f i scheduler.obj
 0001:000169f0       ??1?$context_guard_helper@$0A@@internal@tbb@@QAE@XZ 100179f0 f i arena.obj
 0001:00016a10       ?execute@?$function_task@Vspawn_functor@graph@interface10@flow@tbb@@@internal@tbb@@EAEPAVtask@3@XZ 10017a10 f i arena.obj
 0001:00016a30       ?push@?$task_stream@$02@internal@tbb@@QAEXPAVtask@3@HAAVFastRandom@23@@Z 10017a30 f i arena.obj
 0001:00016b90       ??1?$task_stream@$02@internal@tbb@@QAE@XZ 10017b90 f i arena.obj
 0001:00016c20       ??0?$padded@U?$queue_and_mutex@PAVtask@tbb@@Vspin_mutex@2@@internal@tbb@@$0IA@@internal@tbb@@QAE@XZ 10017c20 f i arena.obj
 0001:00016c90       ??1?$padded@U?$queue_and_mutex@PAVtask@tbb@@Vspin_mutex@2@@internal@tbb@@$0IA@@internal@tbb@@QAE@XZ 10017c90 f i arena.obj
 0001:00016d50       ?_Growmap@?$deque@PAVtask@tbb@@V?$tbb_allocator@PAVtask@tbb@@@2@@std@@IAEXI@Z 10017d50 f i arena.obj
 0001:00016f60       ?_Xlen@?$deque@PAVtask@tbb@@V?$tbb_allocator@PAVtask@tbb@@@2@@std@@IBEXXZ 10017f60 f i arena.obj
 0001:00016f70       ??$advertise_new_work@$01@arena@internal@tbb@@QAEXXZ 10017f70 f i arena.obj
 0001:00017030       ??$on_thread_leaving@$00@arena@internal@tbb@@QAEXXZ 10018030 f i arena.obj
 0001:000170a0       ??$occupy_free_slot@$0A@@arena@internal@tbb@@QAEIAAVgeneric_scheduler@12@@Z 100180a0 f i arena.obj
 0001:00017130       ?prolonged_pause@internal@tbb@@YAXXZ 10018130 f i scheduler.obj
 0001:000171a0       ?allocate_task_pool@arena_slot@internal@tbb@@QAEXI@Z 100181a0 f i scheduler.obj
 0001:00017210       ??1scheduler@internal@tbb@@UAE@XZ 10018210 f   scheduler.obj
 0001:00017220       ??0generic_scheduler@internal@tbb@@IAE@AAVmarket@12@@Z 10018220 f   scheduler.obj
 0001:000173c0       ??_E?$custom_scheduler@UDefaultSchedulerTraits@internal@tbb@@@internal@tbb@@UAEPAXI@Z 100183c0 f i * CIL library *:* CIL module *
 0001:000173c0       ??_G?$custom_scheduler@UDefaultSchedulerTraits@internal@tbb@@@internal@tbb@@UAEPAXI@Z 100183c0 f i scheduler.obj
 0001:000173c0       ??_E?$custom_scheduler@UIntelSchedulerTraits@internal@tbb@@@internal@tbb@@UAEPAXI@Z 100183c0 f i * CIL library *:* CIL module *
 0001:000173c0       ??_Egeneric_scheduler@internal@tbb@@UAEPAXI@Z 100183c0 f i * CIL library *:* CIL module *
 0001:000173c0       ??_Ggeneric_scheduler@internal@tbb@@UAEPAXI@Z 100183c0 f i scheduler.obj
 0001:000173c0       ??_G?$custom_scheduler@UIntelSchedulerTraits@internal@tbb@@@internal@tbb@@UAEPAXI@Z 100183c0 f i scheduler.obj
 0001:000173f0       ?free_scheduler@generic_scheduler@internal@tbb@@QAEXXZ 100183f0 f   scheduler.obj
 0001:00017570       ?allocate_task@generic_scheduler@internal@tbb@@QAEAAVtask@3@IPAV43@PAVtask_group_context@3@@Z 10018570 f   scheduler.obj
 0001:00017650       ?free_nonlocal_small_task@generic_scheduler@internal@tbb@@QAEXAAVtask@3@@Z 10018650 f   scheduler.obj
 0001:000176d0       ?prepare_task_pool@generic_scheduler@internal@tbb@@QAEII@Z 100186d0 f i scheduler.obj
 0001:000178c0       ?acquire_task_pool@generic_scheduler@internal@tbb@@QBEXXZ 100188c0 f i scheduler.obj
 0001:00017960       ?release_task_pool@generic_scheduler@internal@tbb@@QBEXXZ 10018960 f i scheduler.obj
 0001:00017990       ?prepare_for_spawning@generic_scheduler@internal@tbb@@QAEPAVtask@3@PAV43@@Z 10018990 f i scheduler.obj
 0001:00017a30       ?local_spawn@generic_scheduler@internal@tbb@@QAEXPAVtask@3@AAPAV43@@Z 10018a30 f   scheduler.obj
 0001:00017c20       ?spawn@generic_scheduler@internal@tbb@@UAEXAAVtask@3@AAPAV43@@Z 10018c20 f   scheduler.obj
 0001:00017c60       ?spawn_root_and_wait@generic_scheduler@internal@tbb@@UAEXAAVtask@3@AAPAV43@@Z 10018c60 f   scheduler.obj
 0001:00017d40       ?enqueue@generic_scheduler@internal@tbb@@UAEXAAVtask@3@PAX@Z 10018d40 f   scheduler.obj
 0001:00017d80       ??1auto_indicator@internal@tbb@@QAE@XZ 10018d80 f i scheduler.obj
 0001:00017d90       ?get_task_and_activate_task_pool@generic_scheduler@internal@tbb@@QAEPAVtask@3@IIH@Z 10018d90 f   scheduler.obj
 0001:00017ea0       ?winnow_task_pool@generic_scheduler@internal@tbb@@QAEPAVtask@3@H@Z 10018ea0 f   scheduler.obj
 0001:00017f80       ?reload_tasks@generic_scheduler@internal@tbb@@QAEPAVtask@3@AAPAV43@AAPAPAV43@HH@Z 10018f80 f   scheduler.obj
 0001:00018180       ?reload_tasks@generic_scheduler@internal@tbb@@QAEPAVtask@3@H@Z 10019180 f   scheduler.obj
 0001:00018290       ?get_task@generic_scheduler@internal@tbb@@QAEPAVtask@3@IHAA_N@Z 10019290 f i scheduler.obj
 0001:00018380       ?get_task@generic_scheduler@internal@tbb@@QAEPAVtask@3@H@Z 10019380 f i scheduler.obj
 0001:000185a0       ?steal_task@generic_scheduler@internal@tbb@@QAEPAVtask@3@AAUarena_slot@23@H@Z 100195a0 f   scheduler.obj
 0001:00018750       ?get_mailbox_task@generic_scheduler@internal@tbb@@QAEPAVtask@3@H@Z 10019750 f   scheduler.obj
 0001:00018890       ?create_master@generic_scheduler@internal@tbb@@SAPAV123@PAVarena@23@@Z 10019890 f   scheduler.obj
 0001:00018c20       ?cleanup_master@generic_scheduler@internal@tbb@@QAE_N_N@Z 10019c20 f   scheduler.obj
 0001:00018da0       ?copy_memory@?$fast_reverse_vector@PAVtask@tbb@@$0BA@@internal@tbb@@QBEXPAPAVtask@3@@Z 10019da0 f i scheduler.obj
 0001:00018e20       ?push_back@?$fast_reverse_vector@PAVtask@tbb@@$0BA@@internal@tbb@@QAEXABQAVtask@3@@Z 10019e20 f i scheduler.obj
 0001:00018ec0       ??1?$fast_reverse_vector@PAVtask@tbb@@$0BA@@internal@tbb@@QAE@XZ 10019ec0 f i scheduler.obj
 0001:00018f20       ?allocate_scheduler@?$custom_scheduler@UIntelSchedulerTraits@internal@tbb@@@internal@tbb@@SAPAVgeneric_scheduler@23@AAVmarket@23@@Z 10019f20 f i scheduler.obj
 0001:00018f90       ?wait_for_all@?$custom_scheduler@UIntelSchedulerTraits@internal@tbb@@@internal@tbb@@EAEXAAVtask@3@PAV43@@Z 10019f90 f i scheduler.obj
 0001:00018fd0       ?allocate_scheduler@?$custom_scheduler@UDefaultSchedulerTraits@internal@tbb@@@internal@tbb@@SAPAVgeneric_scheduler@23@AAVmarket@23@@Z 10019fd0 f i scheduler.obj
 0001:00019040       ?wait_for_all@?$custom_scheduler@UDefaultSchedulerTraits@internal@tbb@@@internal@tbb@@EAEXAAVtask@3@PAV43@@Z 1001a040 f i scheduler.obj
 0001:00019080       ?local_wait_for_all@?$custom_scheduler@UDefaultSchedulerTraits@internal@tbb@@@internal@tbb@@EAEXAAVtask@3@PAV43@@Z 1001a080 f i scheduler.obj
 0001:000197f0       ?receive_or_steal_task@?$custom_scheduler@UDefaultSchedulerTraits@internal@tbb@@@internal@tbb@@UAEPAVtask@3@AAHH@Z 1001a7f0 f i scheduler.obj
 0001:00019fd0       ?local_wait_for_all@?$custom_scheduler@UIntelSchedulerTraits@internal@tbb@@@internal@tbb@@EAEXAAVtask@3@PAV43@@Z 1001afd0 f i scheduler.obj
 0001:0001a660       ?receive_or_steal_task@?$custom_scheduler@UIntelSchedulerTraits@internal@tbb@@@internal@tbb@@UAEPAVtask@3@AAHH@Z 1001b660 f i scheduler.obj
 0001:0001ad90       ??$advertise_new_work@$0A@@arena@internal@tbb@@QAEXXZ 1001bd90 f i scheduler.obj
 0001:0001ae20       ?pop@?$task_stream@$02@internal@tbb@@QAEPAVtask@3@HAAI@Z 1001be20 f i scheduler.obj
 0001:0001af30       ?insert@observer_list@internal@tbb@@QAEXPAVobserver_proxy@23@@Z 1001bf30 f   observer_proxy.obj
 0001:0001af90       ?remove_ref@observer_list@internal@tbb@@QAEXPAVobserver_proxy@23@@Z 1001bf90 f   observer_proxy.obj
 0001:0001b030       ?do_notify_exit_observers@observer_list@internal@tbb@@AAEXPAVobserver_proxy@23@_N@Z 1001c030 f   observer_proxy.obj
 0001:0001b1b0       ?observe@task_scheduler_observer_v3@internal@tbb@@QAEX_N@Z 1001c1b0 f   observer_proxy.obj
 0001:0001b6f0       ?remove_ref@__TBB_InitOnce@internal@tbb@@SAXXZ 1001c6f0 f   tbb_main.obj
 0001:0001b790       ?DoOneTimeInitializations@internal@tbb@@YAXXZ 1001c790 f   tbb_main.obj
 0001:0001ba90       _DllMain@12                1001ca90 f   tbb_main.obj
 0001:0001bb90       ?itt_store_pointer_with_release_v3@internal@tbb@@YAXPAX0@Z 1001cb90 f   tbb_main.obj
 0001:0001bbc0       ?itt_load_pointer_with_acquire_v3@internal@tbb@@YAPAXPBX@Z 1001cbc0 f   tbb_main.obj
 0001:0001bbe0       ?call_itt_notify_v5@internal@tbb@@YAXHPAX@Z 1001cbe0 f   tbb_main.obj
 0001:0001bc30       ?itt_load_pointer_v3@internal@tbb@@YAPAXPBX@Z 1001cc30 f   tbb_main.obj
 0001:0001bc40       ?itt_set_sync_name_v3@internal@tbb@@YAXPAXPB_W@Z 1001cc40 f   tbb_main.obj
 0001:0001bc60       ?is_first_arg_preferred@control_storage@internal@tbb@@MBE_NII@Z 1001cc60 f i tbb_main.obj
 0001:0001bc70       ?active_value@control_storage@internal@tbb@@MBEIXZ 1001cc70 f i tbb_main.obj
 0001:0001bc80       ?default_value@allowed_parallelism_control@internal@tbb@@EBEIXZ 1001cc80 f i tbb_main.obj
 0001:0001bcd0       ?is_first_arg_preferred@allowed_parallelism_control@internal@tbb@@EBE_NII@Z 1001ccd0 f i tbb_main.obj
 0001:0001bce0       ?apply_active@allowed_parallelism_control@internal@tbb@@EBEXXZ 1001cce0 f i tbb_main.obj
 0001:0001bcf0       ?active_value@allowed_parallelism_control@internal@tbb@@EBEIXZ 1001ccf0 f i tbb_main.obj
 0001:0001bd50       ?default_value@stack_size_control@internal@tbb@@EBEIXZ 1001cd50 f i tbb_main.obj
 0001:0001bd60       ?internal_create@global_control@interface9@tbb@@AAEXXZ 1001cd60 f   tbb_main.obj
 0001:0001be70       ?internal_destroy@global_control@interface9@tbb@@AAEXXZ 1001ce70 f   tbb_main.obj
 0001:0001bfe0       ?active_value@global_control@interface9@tbb@@CAIH@Z 1001cfe0 f   tbb_main.obj
 0001:0001c070       ?internal_grow_to_at_least@concurrent_vector_base@internal@tbb@@IAEXIIP6AXPAXI@Z@Z 1001d070 f   concurrent_vector_v2.obj
 0001:0001c0b0       ?extend_segment_if_necessary@helper@concurrent_vector_base@internal@tbb@@SAXAAV234@I@Z 1001d0b0 f i concurrent_vector_v2.obj
 0001:0001c170       ?internal_capacity@concurrent_vector_base@internal@tbb@@IBEIXZ 1001d170 f   concurrent_vector_v2.obj
 0001:0001c1b0       ?internal_reserve@concurrent_vector_base@internal@tbb@@IAEXIII@Z 1001d1b0 f   concurrent_vector_v2.obj
 0001:0001c2a0       ?internal_copy@concurrent_vector_base@internal@tbb@@IAEXABV123@IP6AXPAXPBXI@Z@Z 1001d2a0 f   concurrent_vector_v2.obj
 0001:0001c390       ?internal_assign@concurrent_vector_base@internal@tbb@@IAEXABV123@IP6AXPAXI@ZP6AX1PBXI@Z4@Z 1001d390 f   concurrent_vector_v2.obj
 0001:0001c520       ?internal_push_back@concurrent_vector_base@internal@tbb@@IAEPAXIAAI@Z 1001d520 f   concurrent_vector_v2.obj
 0001:0001c610       ?internal_grow_by@concurrent_vector_base@internal@tbb@@IAEIIIP6AXPAXI@Z@Z 1001d610 f   concurrent_vector_v2.obj
 0001:0001c640       ?internal_grow@concurrent_vector_base@internal@tbb@@IAEXIIIP6AXPAXI@Z@Z 1001d640 f   concurrent_vector_v2.obj
 0001:0001c790       ?internal_clear@concurrent_vector_base@internal@tbb@@IAEXP6AXPAXI@Z_N@Z 1001d790 f   concurrent_vector_v2.obj
 0001:0001c860       ??1push_finalizer@micro_queue@internal@tbb@@QAE@XZ 1001d860 f i concurrent_queue_v2.obj
 0001:0001c870       ??1pop_finalizer@micro_queue@internal@tbb@@QAE@XZ 1001d870 f i concurrent_queue_v2.obj
 0001:0001c8d0       ?push@micro_queue@internal@tbb@@QAEXPBXIAAVconcurrent_queue_base@23@@Z 1001d8d0 f   concurrent_queue_v2.obj
 0001:0001c9c0       ?pop@micro_queue@internal@tbb@@QAE_NPAXIAAVconcurrent_queue_base@23@@Z 1001d9c0 f   concurrent_queue_v2.obj
 0001:0001cab0       ??0concurrent_queue_base@internal@tbb@@IAE@I@Z 1001dab0 f   concurrent_queue_v2.obj
 0001:0001cb60       ??_Gconcurrent_queue_base@internal@tbb@@MAEPAXI@Z 1001db60 f i concurrent_queue_v2.obj
 0001:0001cb60       ??_Econcurrent_queue_base@internal@tbb@@MAEPAXI@Z 1001db60 f i * CIL library *:* CIL module *
 0001:0001cc00       ??1concurrent_queue_base@internal@tbb@@MAE@XZ 1001dc00 f   concurrent_queue_v2.obj
 0001:0001cc80       ?internal_push@concurrent_queue_base@internal@tbb@@IAEXPBX@Z 1001dc80 f   concurrent_queue_v2.obj
 0001:0001cd10       ?internal_pop@concurrent_queue_base@internal@tbb@@IAEXPAX@Z 1001dd10 f   concurrent_queue_v2.obj
 0001:0001cd50       ?internal_pop_if_present@concurrent_queue_base@internal@tbb@@IAE_NPAX@Z 1001dd50 f   concurrent_queue_v2.obj
 0001:0001cdf0       ?internal_push_if_not_full@concurrent_queue_base@internal@tbb@@IAE_NPBX@Z 1001ddf0 f   concurrent_queue_v2.obj
 0001:0001cea0       ?internal_size@concurrent_queue_base@internal@tbb@@IBEHXZ 1001dea0 f   concurrent_queue_v2.obj
 0001:0001cec0       ??0concurrent_queue_iterator_base@internal@tbb@@IAE@ABVconcurrent_queue_base@12@@Z 1001dec0 f   concurrent_queue_v2.obj
 0001:0001cf60       ?assign@concurrent_queue_iterator_base@internal@tbb@@IAEXABV123@@Z 1001df60 f   concurrent_queue_v2.obj
 0001:0001cfc0       ?advance@concurrent_queue_iterator_base@internal@tbb@@IAEXXZ 1001dfc0 f   concurrent_queue_v2.obj
 0001:0001d040       ??1concurrent_queue_iterator_base@internal@tbb@@IAE@XZ 1001e040 f   concurrent_queue_v2.obj
 0001:0001d060       ?internal_itt_releasing@spin_rw_mutex@tbb@@CAXPAV12@@Z 1001e060 f   spin_rw_mutex_v2.obj
 0001:0001d080       ?internal_acquire_writer@spin_rw_mutex@tbb@@CA_NPAV12@@Z 1001e080 f   spin_rw_mutex_v2.obj
 0001:0001d120       ?internal_release_writer@spin_rw_mutex@tbb@@CAXPAV12@@Z 1001e120 f   spin_rw_mutex_v2.obj
 0001:0001d150       ?internal_acquire_reader@spin_rw_mutex@tbb@@CAXPAV12@@Z 1001e150 f   spin_rw_mutex_v2.obj
 0001:0001d1e0       ?internal_upgrade@spin_rw_mutex@tbb@@CA_NPAV12@@Z 1001e1e0 f   spin_rw_mutex_v2.obj
 0001:0001d350       ?internal_downgrade@spin_rw_mutex@tbb@@CAXPAV12@@Z 1001e350 f   spin_rw_mutex_v2.obj
 0001:0001d380       ?internal_release_reader@spin_rw_mutex@tbb@@CAXPAV12@@Z 1001e380 f   spin_rw_mutex_v2.obj
 0001:0001d3b0       ?internal_try_acquire_writer@spin_rw_mutex@tbb@@CA_NPAV12@@Z 1001e3b0 f   spin_rw_mutex_v2.obj
 0001:0001d410       ?internal_try_acquire_reader@spin_rw_mutex@tbb@@CA_NPAV12@@Z 1001e410 f   spin_rw_mutex_v2.obj
 0001:0001d470       ?destroy@task@tbb@@QAEXAAV12@@Z 1001e470 f   task_v2.obj
 0001:0001d490       ___TBB_machine_fetchadd1   1001e490     atomic_support.obj
 0001:0001d4a0       ___TBB_machine_fetchstore1 1001e4a0     atomic_support.obj
 0001:0001d4ac       ___TBB_machine_cmpswp1     1001e4ac     atomic_support.obj
 0001:0001d4c0       ___TBB_machine_fetchadd2   1001e4c0     atomic_support.obj
 0001:0001d4d0       ___TBB_machine_fetchstore2 1001e4d0     atomic_support.obj
 0001:0001d4e0       ___TBB_machine_cmpswp2     1001e4e0     atomic_support.obj
 0001:0001d4f4       ___TBB_machine_fetchadd4   1001e4f4     atomic_support.obj
 0001:0001d504       ___TBB_machine_fetchstore4 1001e504     atomic_support.obj
 0001:0001d510       ___TBB_machine_cmpswp4     1001e510     atomic_support.obj
 0001:0001d524       ___TBB_machine_fetchadd8   1001e524     atomic_support.obj
 0001:0001d544       ___TBB_machine_fetchstore8 1001e544     atomic_support.obj
 0001:0001d560       ___TBB_machine_cmpswp8     1001e560     atomic_support.obj
 0001:0001d580       ___TBB_machine_load8       1001e580     atomic_support.obj
 0001:0001d5b4       ___TBB_machine_store8      1001e5b4     atomic_support.obj
 0001:0001d5d0       ___TBB_machine_try_lock_elided 1001e5d0     itsx.obj
 0001:0001d5e0       ___TBB_machine_unlock_elided 1001e5e0     itsx.obj
 0001:0001d5ec       ___TBB_machine_begin_transaction 1001e5ec     itsx.obj
 0001:0001d5f8       ___TBB_machine_end_transaction 1001e5f8     itsx.obj
 0001:0001d5fc       ___TBB_machine_transaction_conflict_abort 1001e5fc     itsx.obj
 0001:0001d600       ___TBB_machine_is_in_transaction 1001e600     itsx.obj
 0001:0001d610       ___TBB_machine_trylockbyte 1001e610     lock_byte.obj
 0001:0001d62b       @__security_check_cookie@4 1001e62b f   MSVCRT:_secchk_.obj
 0001:0001d63c       ??3@YAXPAXI@Z              1001e63c f   MSVCRT:delete_scalar_size.obj
 0001:0001d64a       ??_Etype_info@@UAEPAXI@Z   1001e64a f i MSVCRT:std_type_info_static.obj
 0001:0001d64a       ??_Gtype_info@@UAEPAXI@Z   1001e64a f i MSVCRT:std_type_info_static.obj
 0001:0001d66d       ___raise_securityfailure   1001e66d f   MSVCRT:gs_report.obj
 0001:0001d695       ___report_gsfailure        1001e695 f   MSVCRT:gs_report.obj
 0001:0001d790       ___report_rangecheckfailure 1001e790 f   MSVCRT:gs_report.obj
 0001:0001d79c       ___report_securityfailure  1001e79c f   MSVCRT:gs_report.obj
 0001:0001d86c       ??2@YAPAXI@Z               1001e86c f   MSVCRT:new_scalar.obj
 0001:0001d89c       ?__scrt_initialize_type_info@@YAXXZ 1001e89c f   MSVCRT:tncleanup.obj
 0001:0001d8a8       ?__scrt_uninitialize_type_info@@YAXXZ 1001e8a8 f   MSVCRT:tncleanup.obj
 0001:0001d8b4       ??_V@YAXPAXI@Z             1001e8b4 f   MSVCRT:delete_array_size.obj
 0001:0001d8c2       ??_M@YGXPAXIIP6EX0@Z@Z     1001e8c2 f   MSVCRT:ehvecdtr.obj
 0001:0001d93d       ?__ArrayUnwind@@YGXPAXIIP6EX0@Z@Z 1001e93d f   MSVCRT:ehvecdtr.obj
 0001:0001d9ac       ??_U@YAPAXI@Z              1001e9ac f   MSVCRT:new_array.obj
 0001:0001d9b5       ??_L@YGXPAXIIP6EX0@Z1@Z    1001e9b5 f   MSVCRT:ehvecctr.obj
 0001:0001da63       ___scrt_acquire_startup_lock 1001ea63 f   MSVCRT:utility.obj
 0001:0001da95       ___scrt_dllmain_after_initialize_c 1001ea95 f   MSVCRT:utility.obj
 0001:0001dac0       ___scrt_dllmain_before_initialize_c 1001eac0 f   MSVCRT:utility.obj
 0001:0001dace       ___scrt_dllmain_crt_thread_attach 1001eace f   MSVCRT:utility.obj
 0001:0001daed       ___scrt_dllmain_crt_thread_detach 1001eaed f   MSVCRT:utility.obj
 0001:0001dafa       ___scrt_dllmain_exception_filter 1001eafa f   MSVCRT:utility.obj
 0001:0001db2e       ___scrt_dllmain_uninitialize_c 1001eb2e f   MSVCRT:utility.obj
 0001:0001db51       ___scrt_dllmain_uninitialize_critical 1001eb51 f   MSVCRT:utility.obj
 0001:0001db5e       ___scrt_initialize_crt     1001eb5e f   MSVCRT:utility.obj
 0001:0001db97       ___scrt_initialize_onexit_tables 1001eb97 f   MSVCRT:utility.obj
 0001:0001dc41       ___scrt_is_nonwritable_in_current_image 1001ec41 f   MSVCRT:utility.obj
 0001:0001dccb       ___scrt_release_startup_lock 1001eccb f   MSVCRT:utility.obj
 0001:0001dce8       ___scrt_uninitialize_crt   1001ece8 f   MSVCRT:utility.obj
 0001:0001dd10       __onexit                   1001ed10 f   MSVCRT:utility.obj
 0001:0001dd4b       _atexit                    1001ed4b f   MSVCRT:utility.obj
 0001:0001dd60       ??3@YAXPAX@Z               1001ed60 f   MSVCRT:delete_scalar.obj
 0001:0001e071       __DllMainCRTStartup@12     1001f071 f   MSVCRT:dll_dllmain.obj
 0001:0001e094       ??0bad_array_new_length@std@@QAE@ABV01@@Z 1001f094 f i MSVCRT:throw_bad_alloc.obj
 0001:0001e0af       ??0bad_array_new_length@std@@QAE@XZ 1001f0af f i MSVCRT:throw_bad_alloc.obj
 0001:0001e0c7       ??1bad_array_new_length@std@@UAE@XZ 1001f0c7 f i MSVCRT:throw_bad_alloc.obj
 0001:0001e0d8       ??_Gbad_array_new_length@std@@UAEPAXI@Z 1001f0d8 f i MSVCRT:throw_bad_alloc.obj
 0001:0001e0d8       ??_Ebad_array_new_length@std@@UAEPAXI@Z 1001f0d8 f i MSVCRT:throw_bad_alloc.obj
 0001:0001e105       ?__scrt_throw_std_bad_alloc@@YAXXZ 1001f105 f   MSVCRT:throw_bad_alloc.obj
 0001:0001e122       ?__scrt_throw_std_bad_array_new_length@@YAXXZ 1001f122 f   MSVCRT:throw_bad_alloc.obj
 0001:0001e13f       ??_V@YAXPAX@Z              1001f13f f   MSVCRT:delete_array.obj
 0001:0001e150       __SEH_prolog4              1001f150 f   MSVCRT:_sehprolg4_.obj
 0001:0001e196       __SEH_epilog4              1001f196 f   MSVCRT:_sehprolg4_.obj
 0001:0001e1ab       __except_handler4          1001f1ab f   MSVCRT:_chandler4gs_.obj
 0001:0001e1ce       ___isa_available_init      1001f1ce f   MSVCRT:_cpu_disp_.obj
 0001:0001e367       __get_startup_argv_mode    1001f367 f   MSVCRT:argv_mode.obj
 0001:0001e36b       ___scrt_is_ucrt_dll_in_use 1001f36b f   MSVCRT:ucrt_detection.obj
 0001:0001e377       ___scrt_fastfail           1001f377 f   MSVCRT:utility_desktop.obj
 0001:0001e493       __crt_debugger_hook        1001f493 f   MSVCRT:utility_desktop.obj
 0001:0001e4ea       ___security_init_cookie    1001f4ea f   MSVCRT:gs_support.obj
 0001:0001e535       ___local_stdio_scanf_options 1001f535 f i MSVCRT:default_local_stdio_options.obj
 0001:0001e53b       ___scrt_initialize_default_local_stdio_options 1001f53b f   MSVCRT:default_local_stdio_options.obj
 0001:0001e558       ___scrt_get_dyn_tls_init_callback 1001f558 f   MSVCRT:dyn_tls_init.obj
 0001:0001e55e       __RTC_Initialize           1001f55e f   MSVCRT:_initsect_.obj
 0001:0001e58a       __RTC_Terminate            1001f58a f   MSVCRT:_initsect_.obj
 0001:0001e5b6       ___CxxFrameHandler3        1001f5b6 f   vcruntime:VCRUNTIME140.dll
 0001:0001e5bc       __purecall                 1001f5bc f   vcruntime:VCRUNTIME140.dll
 0001:0001e5c2       ___std_terminate           1001f5c2 f   vcruntime:VCRUNTIME140.dll
 0001:0001e5c8       ___std_exception_destroy   1001f5c8 f   vcruntime:VCRUNTIME140.dll
 0001:0001e5ce       ___std_type_info_destroy_list 1001f5ce f   vcruntime:VCRUNTIME140.dll
 0001:0001e5d4       __CxxThrowException@8      1001f5d4 f   vcruntime:VCRUNTIME140.dll
 0001:0001e5da       __except_handler4_common   1001f5da f   vcruntime:VCRUNTIME140.dll
 0001:0001e5e0       _memset                    1001f5e0 f   vcruntime:VCRUNTIME140.dll
 0001:0001e5e6       _malloc                    1001f5e6 f   ucrt:api-ms-win-crt-heap-l1-1-0.dll
 0001:0001e5ec       _free                      1001f5ec f   ucrt:api-ms-win-crt-heap-l1-1-0.dll
 0001:0001e5f2       __callnewh                 1001f5f2 f   ucrt:api-ms-win-crt-heap-l1-1-0.dll
 0001:0001e5f8       _terminate                 1001f5f8 f   ucrt:api-ms-win-crt-runtime-l1-1-0.dll
 0001:0001e5fe       __seh_filter_dll           1001f5fe f   ucrt:api-ms-win-crt-runtime-l1-1-0.dll
 0001:0001e604       __configure_narrow_argv    1001f604 f   ucrt:api-ms-win-crt-runtime-l1-1-0.dll
 0001:0001e60a       __initialize_narrow_environment 1001f60a f   ucrt:api-ms-win-crt-runtime-l1-1-0.dll
 0001:0001e610       __initialize_onexit_table  1001f610 f   ucrt:api-ms-win-crt-runtime-l1-1-0.dll
 0001:0001e616       __register_onexit_function 1001f616 f   ucrt:api-ms-win-crt-runtime-l1-1-0.dll
 0001:0001e61c       __execute_onexit_table     1001f61c f   ucrt:api-ms-win-crt-runtime-l1-1-0.dll
 0001:0001e622       __crt_atexit               1001f622 f   ucrt:api-ms-win-crt-runtime-l1-1-0.dll
 0001:0001e628       __cexit                    1001f628 f   ucrt:api-ms-win-crt-runtime-l1-1-0.dll
 0001:0001e62e       __initterm                 1001f62e f   ucrt:api-ms-win-crt-runtime-l1-1-0.dll
 0001:0001e634       __initterm_e               1001f634 f   ucrt:api-ms-win-crt-runtime-l1-1-0.dll
 0001:0001e63a       _IsProcessorFeaturePresent@4 1001f63a f   kernel32:KERNEL32.dll
 0001:0001e640       __alloca_probe_16          1001f640 f   MSVCRT:alloca16.obj
 0001:0001e656       __alloca_probe_8           1001f656     MSVCRT:alloca16.obj
 0001:0001e670       __ftoui3                   1001f670 f   MSVCRT:_ftol3_.obj
 0001:0001e67f       __ftoul3                   1001f67f f   MSVCRT:_ftol3_.obj
 0001:0001e68e       __ftol3                    1001f68e f   MSVCRT:_ftol3_.obj
 0001:0001e69b       __ftol3_NaN                1001f69b f   MSVCRT:_ftol3_.obj
 0001:0001e6b3       __ftol3_work               1001f6b3 f   MSVCRT:_ftol3_.obj
 0001:0001e739       __ftol3_common             1001f739 f   MSVCRT:_ftol3_.obj
 0001:0001e7fb       __ftol3_arg_error          1001f7fb f   MSVCRT:_ftol3_.obj
 0001:0001e80d       __ftol3_except             1001f80d f   MSVCRT:_ftol3_.obj
 0001:0001e851       __dtoui3                   1001f851 f   MSVCRT:_ftol3_.obj
 0001:0001e860       __dtoul3                   1001f860 f   MSVCRT:_ftol3_.obj
 0001:0001e86f       __dtol3                    1001f86f f   MSVCRT:_ftol3_.obj
 0001:0001e87c       __dtol3_NaN                1001f87c f   MSVCRT:_ftol3_.obj
 0001:0001e899       __dtol3_work               1001f899 f   MSVCRT:_ftol3_.obj
 0001:0001e980       __ultod3                   1001f980 f   MSVCRT:_ftol3_.obj
 0001:0001e9c0       __ltod3                    1001f9c0 f   MSVCRT:_ftol3_.obj
 0001:0001e9f0       __chkstk                   1001f9f0 f   MSVCRT:chkstk.obj
 0001:0001e9f0       __alloca_probe             1001f9f0 f   MSVCRT:chkstk.obj
 0001:0001ea1d       ___RTDynamicCast           1001fa1d f   vcruntime:VCRUNTIME140.dll
 0001:0001ea23       _memcpy                    1001fa23 f   vcruntime:VCRUNTIME140.dll
 0001:0001ea29       __except1                  1001fa29 f   ucrt:api-ms-win-crt-math-l1-1-0.dll
 0002:00000000       __imp__SetEvent@4          10021000     kernel32:KERNEL32.dll
 0002:00000004       __imp__WaitForSingleObjectEx@12 10021004     kernel32:KERNEL32.dll
 0002:00000008       __imp__CloseHandle@4       10021008     kernel32:KERNEL32.dll
 0002:0000000c       __imp__SwitchToThread@0    1002100c     kernel32:KERNEL32.dll
 0002:00000010       __imp__GetModuleFileNameA@12 10021010     kernel32:KERNEL32.dll
 0002:00000014       __imp__SetErrorMode@4      10021014     kernel32:KERNEL32.dll
 0002:00000018       __imp__GetModuleHandleExA@12 10021018     kernel32:KERNEL32.dll
 0002:0000001c       __imp__GetLastError@0      1002101c     kernel32:KERNEL32.dll
 0002:00000020       __imp__LoadLibraryA@4      10021020     kernel32:KERNEL32.dll
 0002:00000024       __imp__GetProcAddress@8    10021024     kernel32:KERNEL32.dll
 0002:00000028       __imp__FreeLibrary@4       10021028     kernel32:KERNEL32.dll
 0002:0000002c       __imp__EnterCriticalSection@4 1002102c     kernel32:KERNEL32.dll
 0002:00000030       __imp__LeaveCriticalSection@4 10021030     kernel32:KERNEL32.dll
 0002:00000034       __imp__InitializeCriticalSection@4 10021034     kernel32:KERNEL32.dll
 0002:00000038       __imp__GetEnvironmentVariableA@12 10021038     kernel32:KERNEL32.dll
 0002:0000003c       __imp__GetCurrentThreadId@0 1002103c     kernel32:KERNEL32.dll
 0002:00000040       __imp__lstrcmpA@8          10021040     kernel32:KERNEL32.dll
 0002:00000044       __imp__TlsSetValue@8       10021044     kernel32:KERNEL32.dll
 0002:00000048       __imp__ReleaseSemaphore@12 10021048     kernel32:KERNEL32.dll
 0002:0000004c       __imp__TlsAlloc@0          1002104c     kernel32:KERNEL32.dll
 0002:00000050       __imp__CreateSemaphoreW@16 10021050     kernel32:KERNEL32.dll
 0002:00000054       __imp__TlsGetValue@4       10021054     kernel32:KERNEL32.dll
 0002:00000058       __imp__TlsFree@4           10021058     kernel32:KERNEL32.dll
 0002:0000005c       __imp__TryEnterCriticalSection@4 1002105c     kernel32:KERNEL32.dll
 0002:00000060       __imp__InitializeCriticalSectionAndSpinCount@8 10021060     kernel32:KERNEL32.dll
 0002:00000064       __imp__DeleteCriticalSection@4 10021064     kernel32:KERNEL32.dll
 0002:00000068       __imp__SetLastError@4      10021068     kernel32:KERNEL32.dll
 0002:0000006c       __imp__QueryPerformanceFrequency@4 1002106c     kernel32:KERNEL32.dll
 0002:00000070       __imp__ResetEvent@4        10021070     kernel32:KERNEL32.dll
 0002:00000074       __imp__CreateEventA@16     10021074     kernel32:KERNEL32.dll
 0002:00000078       __imp__Sleep@4             10021078     kernel32:KERNEL32.dll
 0002:0000007c       __imp__QueryPerformanceCounter@4 1002107c     kernel32:KERNEL32.dll
 0002:00000080       __imp__ResumeThread@4      10021080     kernel32:KERNEL32.dll
 0002:00000084       __imp__FormatMessageA@28   10021084     kernel32:KERNEL32.dll
 0002:00000088       __imp__GetCurrentProcess@0 10021088     kernel32:KERNEL32.dll
 0002:0000008c       __imp__GetProcessAffinityMask@12 1002108c     kernel32:KERNEL32.dll
 0002:00000090       __imp__GetCurrentThread@0  10021090     kernel32:KERNEL32.dll
 0002:00000094       __imp__GetNativeSystemInfo@4 10021094     kernel32:KERNEL32.dll
 0002:00000098       __imp__SetUnhandledExceptionFilter@4 10021098     kernel32:KERNEL32.dll
 0002:0000009c       __imp__TerminateProcess@8  1002109c     kernel32:KERNEL32.dll
 0002:000000a0       __imp__IsProcessorFeaturePresent@4 100210a0     kernel32:KERNEL32.dll
 0002:000000a4       __imp__InitializeSListHead@4 100210a4     kernel32:KERNEL32.dll
 0002:000000a8       __imp__IsDebuggerPresent@0 100210a8     kernel32:KERNEL32.dll
 0002:000000ac       __imp__GetCurrentProcessId@0 100210ac     kernel32:KERNEL32.dll
 0002:000000b0       __imp__GetSystemTimeAsFileTime@4 100210b0     kernel32:KERNEL32.dll
 0002:000000b4       __imp__UnhandledExceptionFilter@4 100210b4     kernel32:KERNEL32.dll
 0002:000000b8       \177KERNEL32_NULL_THUNK_DATA 100210b8     kernel32:KERNEL32.dll
[...]
 0002:00005aa7       $N00027                    10026aa7     tbb.exp
 0002:00005ae5       $N00028                    10026ae5     tbb.exp
 0002:00005b2a       $N00029                    10026b2a     tbb.exp
 0002:00005b66       $N00030                    10026b66     tbb.exp
 0002:00005bb0       $N00031                    10026bb0     tbb.exp
 0002:00005bdc       $N00032                    10026bdc     tbb.exp
 0002:00005c0c       $N00033                    10026c0c     tbb.exp
 0002:00005c30       $N00034                    10026c30     tbb.exp
 0002:00005c6d       $N00035                    10026c6d     tbb.exp
 0002:00005cb0       $N00036                    10026cb0     tbb.exp
 0002:00005cf6       $N00037                    10026cf6     tbb.exp
 0002:00005d22       $N00038                    10026d22     tbb.exp
 0002:00005d5a       $N00039                    10026d5a     tbb.exp
 0002:00005d8e       $N00040                    10026d8e     tbb.exp
 0002:00005dc5       $N00041                    10026dc5     tbb.exp
 0002:00005deb       $N00042                    10026deb     tbb.exp
 0002:00005e07       $N00043                    10026e07     tbb.exp
 0002:00005e39       $N00044                    10026e39     tbb.exp
 0002:00005e6d       $N00045                    10026e6d     tbb.exp
 0002:00005e95       $N00046                    10026e95     tbb.exp
 0002:00005eb5       $N00047                    10026eb5     tbb.exp
 0002:00005ef1       $N00048                    10026ef1     tbb.exp
 0002:00005f1c       $N00049                    10026f1c     tbb.exp
 0002:00005f5b       $N00050                    10026f5b     tbb.exp
 0002:00005fa3       $N00051                    10026fa3     tbb.exp
 0002:00005fdd       $N00052                    10026fdd     tbb.exp
 0002:0000601e       $N00053                    1002701e     tbb.exp
 0002:00006056       $N00054                    10027056     tbb.exp
 0002:0000609c       $N00055                    1002709c     tbb.exp
 0002:000060c4       $N00056                    100270c4     tbb.exp
 0002:000060fe       $N00057                    100270fe     tbb.exp
 0002:00006125       $N00058                    10027125     tbb.exp
 0002:0000615d       $N00059                    1002715d     tbb.exp
 0002:00006182       $N00060                    10027182     tbb.exp
 0002:000061af       $N00061                    100271af     tbb.exp
 0002:000061dd       $N00062                    100271dd     tbb.exp
 0002:0000620a       $N00063                    1002720a     tbb.exp
 0002:00006248       $N00064                    10027248     tbb.exp
 0002:0000627e       $N00065                    1002727e     tbb.exp
 0002:000062be       $N00066                    100272be     tbb.exp
 0002:000062f9       $N00067                    100272f9     tbb.exp
 0002:00006331       $N00068                    10027331     tbb.exp
 0002:00006367       $N00069                    10027367     tbb.exp
 0002:000063c7       $N00070                    100273c7     tbb.exp
 0002:00006400       $N00071                    10027400     tbb.exp
 0002:00006437       $N00072                    10027437     tbb.exp
 0002:00006497       $N00073                    10027497     tbb.exp
 0002:000064f2       $N00074                    100274f2     tbb.exp
 0002:00006550       $N00075                    10027550     tbb.exp
 0002:00006591       $N00076                    10027591     tbb.exp
 0002:000065d1       $N00077                    100275d1     tbb.exp
 0002:00006610       $N00078                    10027610     tbb.exp
 0002:00006652       $N00079                    10027652     tbb.exp
 0002:0000669a       $N00080                    1002769a     tbb.exp
 0002:000066e3       $N00081                    100276e3     tbb.exp
 0002:0000673d       $N00082                    1002773d     tbb.exp
 0002:0000679a       $N00083                    1002779a     tbb.exp
 0002:000067f7       $N00084                    100277f7     tbb.exp
 0002:00006875       $N00085                    10027875     tbb.exp
 0002:000068b2       $N00086                    100278b2     tbb.exp
 0002:000068d8       $N00087                    100278d8     tbb.exp
 0002:00006906       $N00088                    10027906     tbb.exp
 0002:00006937       $N00089                    10027937     tbb.exp
 0002:00006975       $N00090                    10027975     tbb.exp
 0002:000069a5       $N00091                    100279a5     tbb.exp
 0002:000069f6       $N00092                    100279f6     tbb.exp
 0002:00006a4c       $N00093                    10027a4c     tbb.exp
 0002:00006a77       $N00094                    10027a77     tbb.exp
 0002:00006aa8       $N00095                    10027aa8     tbb.exp
 0002:00006aed       $N00096                    10027aed     tbb.exp
 0002:00006b3d       $N00097                    10027b3d     tbb.exp
 0002:00006b90       $N00098                    10027b90     tbb.exp
 0002:00006bc7       $N00099                    10027bc7     tbb.exp
 0002:00006c0d       $N00100                    10027c0d     tbb.exp
 0002:00006c3c       $N00101                    10027c3c     tbb.exp
 0002:00006c74       $N00102                    10027c74     tbb.exp
 0002:00006c98       $N00103                    10027c98     tbb.exp
 0002:00006cd4       $N00104                    10027cd4     tbb.exp
 0002:00006d02       $N00105                    10027d02     tbb.exp
 0002:00006d4a       $N00106                    10027d4a     tbb.exp
 0002:00006d97       $N00107                    10027d97     tbb.exp
 0002:00006df1       $N00108                    10027df1     tbb.exp
 0002:00006e24       $N00109                    10027e24     tbb.exp
 0002:00006e55       $N00110                    10027e55     tbb.exp
 0002:00006eaf       $N00111                    10027eaf     tbb.exp
 0002:00006eee       $N00112                    10027eee     tbb.exp
 0002:00006f3b       $N00113                    10027f3b     tbb.exp
 0002:00006f92       $N00114                    10027f92     tbb.exp
 0002:00006fd7       $N00115                    10027fd7     tbb.exp
 0002:00007021       $N00116                    10028021     tbb.exp
 0002:00007072       $N00117                    10028072     tbb.exp
 0002:000070b7       $N00118                    100280b7     tbb.exp
 0002:0000710a       $N00119                    1002810a     tbb.exp
 0002:00007164       $N00120                    10028164     tbb.exp
 0002:000071ca       $N00121                    100281ca     tbb.exp
 0002:0000720f       $N00122                    1002820f     tbb.exp
 0002:0000726c       $N00123                    1002826c     tbb.exp
 0002:000072a3       $N00124                    100282a3     tbb.exp
 0002:000072fd       $N00125                    100282fd     tbb.exp
 0002:00007339       $N00126                    10028339     tbb.exp
 0002:00007378       $N00127                    10028378     tbb.exp
 0002:000073c0       $N00128                    100283c0     tbb.exp
 0002:0000740b       $N00129                    1002840b     tbb.exp
 0002:00007448       $N00130                    10028448     tbb.exp
 0002:00007488       $N00131                    10028488     tbb.exp
 0002:000074ce       $N00132                    100284ce     tbb.exp
 0002:00007517       $N00133                    10028517     tbb.exp
 0002:00007561       $N00134                    10028561     tbb.exp
 0002:000075ae       $N00135                    100285ae     tbb.exp
 0002:000075f3       $N00136                    100285f3     tbb.exp
 0002:00007645       $N00137                    10028645     tbb.exp
 0002:00007675       $N00138                    10028675     tbb.exp
 0002:000076af       $N00139                    100286af     tbb.exp
 0002:000076e4       $N00140                    100286e4     tbb.exp
 0002:0000773b       $N00141                    1002873b     tbb.exp
 0002:00007773       $N00142                    10028773     tbb.exp
 0002:000077a9       $N00143                    100287a9     tbb.exp
 0002:000077e1       $N00144                    100287e1     tbb.exp
 0002:00007817       $N00145                    10028817     tbb.exp
 0002:00007858       $N00146                    10028858     tbb.exp
 0002:0000789c       $N00147                    1002889c     tbb.exp
 0002:000078f5       $N00148                    100288f5     tbb.exp
 0002:00007939       $N00149                    10028939     tbb.exp
 0002:00007980       $N00150                    10028980     tbb.exp
 0002:000079aa       $N00151                    100289aa     tbb.exp
 0002:000079e4       $N00152                    100289e4     tbb.exp
 0002:00007a21       $N00153                    10028a21     tbb.exp
 0002:00007a5e       $N00154                    10028a5e     tbb.exp
 0002:00007aa3       $N00155                    10028aa3     tbb.exp
 0002:00007ae7       $N00156                    10028ae7     tbb.exp
 0002:00007b2f       $N00157                    10028b2f     tbb.exp
 0002:00007b79       $N00158                    10028b79     tbb.exp
 0002:00007bb4       $N00159                    10028bb4     tbb.exp
 0002:00007bf9       $N00160                    10028bf9     tbb.exp
 0002:00007c39       $N00161                    10028c39     tbb.exp
 0002:00007c76       $N00162                    10028c76     tbb.exp
 0002:00007cb1       $N00163                    10028cb1     tbb.exp
 0002:00007cee       $N00164                    10028cee     tbb.exp
 0002:00007d29       $N00165                    10028d29     tbb.exp
 0002:00007d8c       $N00166                    10028d8c     tbb.exp
 0002:00007dbe       $N00167                    10028dbe     tbb.exp
 0002:00007dee       $N00168                    10028dee     tbb.exp
 0002:00007e46       $N00169                    10028e46     tbb.exp
 0002:00007e85       $N00170                    10028e85     tbb.exp
 0002:00007ec3       $N00171                    10028ec3     tbb.exp
 0002:00007eeb       $N00172                    10028eeb     tbb.exp
 0002:00007f19       $N00173                    10028f19     tbb.exp
 0002:00007f64       $N00174                    10028f64     tbb.exp
 0002:00007f92       $N00175                    10028f92     tbb.exp
 0002:00007fcd       $N00176                    10028fcd     tbb.exp
 0002:00007ffe       $N00177                    10028ffe     tbb.exp
 0002:00008039       $N00178                    10029039     tbb.exp
 0002:00008062       $N00179                    10029062     tbb.exp
 0002:00008092       $N00180                    10029092     tbb.exp
 0002:000080c7       $N00181                    100290c7     tbb.exp
 0002:000080f1       $N00182                    100290f1     tbb.exp
 0002:00008134       $N00183                    10029134     tbb.exp
 0002:00008166       $N00184                    10029166     tbb.exp
 0002:0000818d       $N00185                    1002918d     tbb.exp
 0002:000081ae       $N00186                    100291ae     tbb.exp
 0002:000081e9       $N00187                    100291e9     tbb.exp
 0002:00008222       $N00188                    10029222     tbb.exp
 0002:00008262       $N00189                    10029262     tbb.exp
 0002:0000829d       $N00190                    1002929d     tbb.exp
 0002:000082cc       $N00191                    100292cc     tbb.exp
 0002:000082fe       $N00192                    100292fe     tbb.exp
 0002:00008324       $N00193                    10029324     tbb.exp
 0002:0000835f       $N00194                    1002935f     tbb.exp
 0002:0000837a       $N00195                    1002937a     tbb.exp
 0002:000083ad       $N00196                    100293ad     tbb.exp
 0002:000083d5       $N00197                    100293d5     tbb.exp
 0002:000083f0       $N00198                    100293f0     tbb.exp
 0002:00008418       $N00199                    10029418     tbb.exp
 0002:0000844f       $N00200                    1002944f     tbb.exp
 0002:00008474       $N00201                    10029474     tbb.exp
 0002:000084b0       $N00202                    100294b0     tbb.exp
 0002:000084e8       $N00203                    100294e8     tbb.exp
 0002:00008513       $N00204                    10029513     tbb.exp
 0002:0000854f       $N00205                    1002954f     tbb.exp
 0002:0000858f       $N00206                    1002958f     tbb.exp
 0002:000085b4       $N00207                    100295b4     tbb.exp
 0002:000085eb       $N00208                    100295eb     tbb.exp
 0002:00008625       $N00209                    10029625     tbb.exp
 0002:0000865f       $N00210                    1002965f     tbb.exp
 0002:0000869e       $N00211                    1002969e     tbb.exp
 0002:000086d3       $N00212                    100296d3     tbb.exp
 0002:0000870d       $N00213                    1002970d     tbb.exp
 0002:00008751       $N00214                    10029751     tbb.exp
 0002:00008783       $N00215                    10029783     tbb.exp
 0002:000087c0       $N00216                    100297c0     tbb.exp
 0002:000087e3       $N00217                    100297e3     tbb.exp
 0002:0000880a       $N00218                    1002980a     tbb.exp
 0002:0000882c       $N00219                    1002982c     tbb.exp
 0002:0000885c       $N00220                    1002985c     tbb.exp
 0002:0000887d       $N00221                    1002987d     tbb.exp
 0002:0000889c       $N00222                    1002989c     tbb.exp
 0002:000088ba       $N00223                    100298ba     tbb.exp
 0002:000088d0       $N00224                    100298d0     tbb.exp
 0002:000088e8       $N00225                    100298e8     tbb.exp
 0002:00008902       $N00226                    10029902     tbb.exp
 0002:00008922       $N00227                    10029922     tbb.exp
 0002:00008936       $N00228                    10029936     tbb.exp
 0002:0000894b       $N00229                    1002994b     tbb.exp
 0002:00008969       $N00230                    10029969     tbb.exp
 0002:00008983       $N00231                    10029983     tbb.exp
 0002:00008ef2       .idata$6                   10029ef2     kernel32:KERNEL32.dll
 0002:00009008       .idata$6                   1002a008     msvcprt:MSVCP140.dll
 0002:00009106       .idata$6                   1002a106     vcruntime:VCRUNTIME140.dll
 0002:000092d6       .idata$6                   1002a2d6     ucrt:api-ms-win-crt-string-l1-1-0.dll
 0002:000092f8       .idata$6                   1002a2f8     ucrt:api-ms-win-crt-heap-l1-1-0.dll
 0002:00009318       .idata$6                   1002a318     ucrt:api-ms-win-crt-runtime-l1-1-0.dll
 0002:0000933a       .idata$6                   1002a33a     ucrt:api-ms-win-crt-stdio-l1-1-0.dll
 0002:0000935a       .idata$6                   1002a35a     ucrt:api-ms-win-crt-environment-l1-1-0.dll
 0002:0000946c       .idata$6                   1002a46c     ucrt:api-ms-win-crt-math-l1-1-0.dll
 0003:00000018       ?dummy@?1??make_invalid@micro_queue@internal@tbb@@QAEXI@Z@4Upage@concurrent_queue_base_v3@34@A 1002b018     concurrent_queue.obj
 0003:000001a8       ?api_list@@3PAU___itt_api_info@@A 1002b1a8     itt_notify.obj
 0003:00000f30       ?padded_allocate_handler@internal@tbb@@3P6APAXII@ZA 1002bf30     cache_aligned_allocator.obj
 0003:00000f34       ?padded_free_handler@internal@tbb@@3P6AXPAX@ZA 1002bf34     cache_aligned_allocator.obj
 0003:00000f38       ?MallocHandler@internal@tbb@@3P6APAXI@ZA 1002bf38     cache_aligned_allocator.obj
 0003:00000f3c       ?FreeHandler@internal@tbb@@3P6AXPAX@ZA 1002bf3c     cache_aligned_allocator.obj
 0003:00000f40       ?__TBB_condvar_wait@internal@tbb@@3P6GHPAU_RTL_CONDITION_VARIABLE@@PAU_RTL_CRITICAL_SECTION@@K@ZA 1002bf40     condition_variable.obj
 0003:00000f44       ?__TBB_condvar_notify_one@internal@tbb@@3P6GXPAU_RTL_CONDITION_VARIABLE@@@ZA 1002bf44     condition_variable.obj
 0003:00000f48       ?__TBB_init_condvar@internal@tbb@@3P6GXPAU_RTL_CONDITION_VARIABLE@@@ZA 1002bf48     condition_variable.obj
 0003:00000f4c       ?__TBB_condvar_notify_all@internal@tbb@@3P6GXPAU_RTL_CONDITION_VARIABLE@@@ZA 1002bf4c     condition_variable.obj
 0003:00000f54       ?group_alias@@3PAU___itt_group_alias@@A 1002bf54     itt_notify.obj
 0003:00000f74       ?__TBB_destroy_condvar@internal@tbb@@3P6GXPAU_RTL_CONDITION_VARIABLE@@@ZA 1002bf74     condition_variable.obj
 0003:00000f78       ?group_list@@3PAU___itt_group_list@@A 1002bf78     itt_notify.obj
 0003:00000ff8       ?the_dummy_context@internal@tbb@@3Vtask_group_context@2@A 1002bff8     scheduler.obj
 0003:000010f8       ?stack_size_ctl@internal@tbb@@3Vstack_size_control@12@A 1002c0f8     tbb_main.obj
 0003:00001178       ?allowed_parallelism_ctl@internal@tbb@@3Vallowed_parallelism_control@12@A 1002c178     tbb_main.obj
 0003:000011f8       ?env_value@?1??__itt_get_env_var@@YAPBDPBD@Z@4PADA 1002c1f8     itt_notify.obj
 0003:00001b38       _GS_ExceptionRecord        1002cb38     MSVCRT:gs_report.obj
 0003:00001b88       _GS_ContextRecord          1002cb88     MSVCRT:gs_report.obj
 0003:00001e60       ?module_local_atexit_table@@3U_onexit_table_t@@A 1002ce60     MSVCRT:utility.obj
 0003:00001e6c       ?module_local_at_quick_exit_table@@3U_onexit_table_t@@A 1002ce6c     MSVCRT:utility.obj
 0003:00001e78       ?module_local_atexit_table_initialized@@3_NA 1002ce78     MSVCRT:utility.obj
 0003:00001e84       ?is_initialized_as_dll@@3_NA 1002ce84     MSVCRT:utility.obj
 0003:00001e88       ?__proc_attached@@3HA      1002ce88     MSVCRT:dll_dllmain.obj
 0003:00001ec8       ?TBB_GetThreadGroupAffinity@internal@tbb@@3P6GHPAXPAUTBB_GROUP_AFFINITY@12@@ZA 1002cec8     tbb_misc_ex.obj
 0003:00001ecc       ?TBB_SetThreadGroupAffinity@internal@tbb@@3P6GHPAXPBUTBB_GROUP_AFFINITY@12@PAU312@@ZA 1002cecc     tbb_misc_ex.obj
 0003:000021d0       ?TBB_GetActiveProcessorCount@internal@tbb@@3P6GKG@ZA 1002d1d0     tbb_misc_ex.obj
 0003:000021d4       ?TBB_GetActiveProcessorGroupCount@internal@tbb@@3P6GGXZA 1002d1d4     tbb_misc_ex.obj
 0003:000021dc       ?watch_stack_handler@internal@tbb@@3P6AHPAU__cilk_tbb_unwatch_thunk@@U__cilk_tbb_stack_op_thunk@@@ZA 1002d1dc     governor.obj
 0003:00002211       ?static_init_dl_data@internal@tbb@@3Ustatic_init_dl_data_t@12@A 1002d211     dynamic_link.obj
 0003:00002214       ?static_invalid_page@internal@tbb@@3PAXA 1002d214     concurrent_queue.obj
 0003:00002298       ?ap_data@internal@tbb@@3Uap_data_t@12@A 1002d298     dynamic_link.obj
 0003:000023a4       ?initialization_state@internal@tbb@@3U?$atomic@W4do_once_state@internal@tbb@@@2@A 1002d3a4     cache_aligned_allocator.obj
 0003:000023a8       ?condvar_api_state@internal@tbb@@3U?$atomic@W4do_once_state@internal@tbb@@@2@A 1002d3a8     condition_variable.obj
 0003:000023ac       ?assertion_handler@tbb@@3P6AXPBDH00@ZA 1002d3ac     tbb_misc.obj
 0003:000023b0       ?PrintVersionFlag@internal@tbb@@3_NA 1002d3b0     tbb_misc.obj
 0003:000023b1       ?ITT_Present@internal@tbb@@3_NA 1002d3b1     tbb_main.obj
 0003:000023b2       ?ITT_InitializationDone@internal@tbb@@3_NA 1002d3b2     tbb_main.obj
 0003:000023b4       ?hardware_concurrency_info@internal@tbb@@3U?$atomic@W4do_once_state@internal@tbb@@@2@A 1002d3b4     tbb_misc_ex.obj
 0003:000023b8       ?cilkrts_load_state@internal@tbb@@3U?$atomic@W4do_once_state@internal@tbb@@@2@A 1002d3b8     governor.obj
 0003:000023c0       ?env_buff@?1??__itt_get_env_var@@YAPBDPBD@Z@4PADA 1002d3c0     itt_notify.obj
 0003:000033b8       ?current_thread@?1??__itt_init_ittlib@@9@4KC 1002e3b8     itt_notify.obj
 0003:000033bc       ?current_thread@?1??__itt_fini_ittlib@@9@4KC 1002e3bc     itt_notify.obj
 0003:000033c8       ?already_failed@?6??assertion_failure@tbb@@YAXPBDH00@Z@4_NA 1002e3c8     tbb_misc.obj
 0004:000000a0       $R000000                   1002f0a0     tbb_resource.res
 0004:00000480       $R0003E0                   1002f480     tbb_resource.res
